Archive member included to satisfy reference by file (symbol)

/home/jurica/opt/xPacks/@xpack-dev-tools/arm-none-eabi-gcc/9.2.1-1.1.1/.content/bin/../lib/gcc/arm-none-eabi/9.2.1/../../../../arm-none-eabi/lib/thumb/v7e-m/nofp/libm.a(lib_a-s_sin.o)
                              ./src/alarms_and_security.o (sin)
/home/jurica/opt/xPacks/@xpack-dev-tools/arm-none-eabi-gcc/9.2.1-1.1.1/.content/bin/../lib/gcc/arm-none-eabi/9.2.1/../../../../arm-none-eabi/lib/thumb/v7e-m/nofp/libm.a(lib_a-e_rem_pio2.o)
                              /home/jurica/opt/xPacks/@xpack-dev-tools/arm-none-eabi-gcc/9.2.1-1.1.1/.content/bin/../lib/gcc/arm-none-eabi/9.2.1/../../../../arm-none-eabi/lib/thumb/v7e-m/nofp/libm.a(lib_a-s_sin.o) (__ieee754_rem_pio2)
/home/jurica/opt/xPacks/@xpack-dev-tools/arm-none-eabi-gcc/9.2.1-1.1.1/.content/bin/../lib/gcc/arm-none-eabi/9.2.1/../../../../arm-none-eabi/lib/thumb/v7e-m/nofp/libm.a(lib_a-k_cos.o)
                              /home/jurica/opt/xPacks/@xpack-dev-tools/arm-none-eabi-gcc/9.2.1-1.1.1/.content/bin/../lib/gcc/arm-none-eabi/9.2.1/../../../../arm-none-eabi/lib/thumb/v7e-m/nofp/libm.a(lib_a-s_sin.o) (__kernel_cos)
/home/jurica/opt/xPacks/@xpack-dev-tools/arm-none-eabi-gcc/9.2.1-1.1.1/.content/bin/../lib/gcc/arm-none-eabi/9.2.1/../../../../arm-none-eabi/lib/thumb/v7e-m/nofp/libm.a(lib_a-k_rem_pio2.o)
                              /home/jurica/opt/xPacks/@xpack-dev-tools/arm-none-eabi-gcc/9.2.1-1.1.1/.content/bin/../lib/gcc/arm-none-eabi/9.2.1/../../../../arm-none-eabi/lib/thumb/v7e-m/nofp/libm.a(lib_a-e_rem_pio2.o) (__kernel_rem_pio2)
/home/jurica/opt/xPacks/@xpack-dev-tools/arm-none-eabi-gcc/9.2.1-1.1.1/.content/bin/../lib/gcc/arm-none-eabi/9.2.1/../../../../arm-none-eabi/lib/thumb/v7e-m/nofp/libm.a(lib_a-k_sin.o)
                              /home/jurica/opt/xPacks/@xpack-dev-tools/arm-none-eabi-gcc/9.2.1-1.1.1/.content/bin/../lib/gcc/arm-none-eabi/9.2.1/../../../../arm-none-eabi/lib/thumb/v7e-m/nofp/libm.a(lib_a-s_sin.o) (__kernel_sin)
/home/jurica/opt/xPacks/@xpack-dev-tools/arm-none-eabi-gcc/9.2.1-1.1.1/.content/bin/../lib/gcc/arm-none-eabi/9.2.1/../../../../arm-none-eabi/lib/thumb/v7e-m/nofp/libm.a(lib_a-s_fabs.o)
                              /home/jurica/opt/xPacks/@xpack-dev-tools/arm-none-eabi-gcc/9.2.1-1.1.1/.content/bin/../lib/gcc/arm-none-eabi/9.2.1/../../../../arm-none-eabi/lib/thumb/v7e-m/nofp/libm.a(lib_a-e_rem_pio2.o) (fabs)
/home/jurica/opt/xPacks/@xpack-dev-tools/arm-none-eabi-gcc/9.2.1-1.1.1/.content/bin/../lib/gcc/arm-none-eabi/9.2.1/../../../../arm-none-eabi/lib/thumb/v7e-m/nofp/libm.a(lib_a-s_floor.o)
                              /home/jurica/opt/xPacks/@xpack-dev-tools/arm-none-eabi-gcc/9.2.1-1.1.1/.content/bin/../lib/gcc/arm-none-eabi/9.2.1/../../../../arm-none-eabi/lib/thumb/v7e-m/nofp/libm.a(lib_a-k_rem_pio2.o) (floor)
/home/jurica/opt/xPacks/@xpack-dev-tools/arm-none-eabi-gcc/9.2.1-1.1.1/.content/bin/../lib/gcc/arm-none-eabi/9.2.1/../../../../arm-none-eabi/lib/thumb/v7e-m/nofp/libm.a(lib_a-s_scalbn.o)
                              /home/jurica/opt/xPacks/@xpack-dev-tools/arm-none-eabi-gcc/9.2.1-1.1.1/.content/bin/../lib/gcc/arm-none-eabi/9.2.1/../../../../arm-none-eabi/lib/thumb/v7e-m/nofp/libm.a(lib_a-k_rem_pio2.o) (scalbn)
/home/jurica/opt/xPacks/@xpack-dev-tools/arm-none-eabi-gcc/9.2.1-1.1.1/.content/bin/../lib/gcc/arm-none-eabi/9.2.1/thumb/v7e-m/nofp/libgcc.a(_arm_muldf3.o)
                              ./src/RTC_ds3231.o (__aeabi_dmul)
/home/jurica/opt/xPacks/@xpack-dev-tools/arm-none-eabi-gcc/9.2.1-1.1.1/.content/bin/../lib/gcc/arm-none-eabi/9.2.1/thumb/v7e-m/nofp/libgcc.a(_arm_mulsf3.o)
                              ./src/DS18B20_water_temp.o (__aeabi_fmul)
/home/jurica/opt/xPacks/@xpack-dev-tools/arm-none-eabi-gcc/9.2.1-1.1.1/.content/bin/../lib/gcc/arm-none-eabi/9.2.1/thumb/v7e-m/nofp/libgcc.a(_arm_addsubdf3.o)
                              /home/jurica/opt/xPacks/@xpack-dev-tools/arm-none-eabi-gcc/9.2.1-1.1.1/.content/bin/../lib/gcc/arm-none-eabi/9.2.1/../../../../arm-none-eabi/lib/thumb/v7e-m/nofp/libm.a(lib_a-s_sin.o) (__aeabi_dsub)
/home/jurica/opt/xPacks/@xpack-dev-tools/arm-none-eabi-gcc/9.2.1-1.1.1/.content/bin/../lib/gcc/arm-none-eabi/9.2.1/thumb/v7e-m/nofp/libgcc.a(_arm_muldivdf3.o)
                              ./src/alarms_and_security.o (__aeabi_ddiv)
/home/jurica/opt/xPacks/@xpack-dev-tools/arm-none-eabi-gcc/9.2.1-1.1.1/.content/bin/../lib/gcc/arm-none-eabi/9.2.1/thumb/v7e-m/nofp/libgcc.a(_arm_cmpdf2.o)
                              /home/jurica/opt/xPacks/@xpack-dev-tools/arm-none-eabi-gcc/9.2.1-1.1.1/.content/bin/../lib/gcc/arm-none-eabi/9.2.1/../../../../arm-none-eabi/lib/thumb/v7e-m/nofp/libm.a(lib_a-e_rem_pio2.o) (__aeabi_dcmpeq)
/home/jurica/opt/xPacks/@xpack-dev-tools/arm-none-eabi-gcc/9.2.1-1.1.1/.content/bin/../lib/gcc/arm-none-eabi/9.2.1/thumb/v7e-m/nofp/libgcc.a(_arm_fixdfsi.o)
[...]
Memory Configuration

Name             Origin             Length             Attributes
FLASH            0x0000000008000000 0x0000000000200000 xr
RAM              0x0000000020000000 0x0000000000030000 xrw
CCMRAM           0x0000000010000000 0x0000000000010000 xrw
FLASHB1          0x0000000000000000 0x0000000000000000 xr
EXTMEMB0         0x0000000000000000 0x0000000000000000 xr
EXTMEMB1         0x0000000000000000 0x0000000000000000 xr
EXTMEMB2         0x0000000000000000 0x0000000000000000 xr
EXTMEMB3         0x0000000000000000 0x0000000000000000 xr
*default*        0x0000000000000000 0xffffffffffffffff

Linker script and memory map

LOAD ./system/src/stm32f4xx/stm32f4xx_hal.o
LOAD ./system/src/stm32f4xx/stm32f4xx_hal_cortex.o
LOAD ./system/src/stm32f4xx/stm32f4xx_hal_dac.o
LOAD ./system/src/stm32f4xx/stm32f4xx_hal_dac_ex.o
LOAD ./system/src/stm32f4xx/stm32f4xx_hal_dma.o
LOAD ./system/src/stm32f4xx/stm32f4xx_hal_dma_ex.o
LOAD ./system/src/stm32f4xx/stm32f4xx_hal_exti.o
LOAD ./system/src/stm32f4xx/stm32f4xx_hal_flash.o
LOAD ./system/src/stm32f4xx/stm32f4xx_hal_flash_ex.o
LOAD ./system/src/stm32f4xx/stm32f4xx_hal_flash_ramfunc.o
LOAD ./system/src/stm32f4xx/stm32f4xx_hal_gpio.o
LOAD ./system/src/stm32f4xx/stm32f4xx_hal_i2c.o
LOAD ./system/src/stm32f4xx/stm32f4xx_hal_i2c_ex.o
LOAD ./system/src/stm32f4xx/stm32f4xx_hal_pwr.o
LOAD ./system/src/stm32f4xx/stm32f4xx_hal_pwr_ex.o
LOAD ./system/src/stm32f4xx/stm32f4xx_hal_rcc.o
LOAD ./system/src/stm32f4xx/stm32f4xx_hal_rcc_ex.o
LOAD ./system/src/stm32f4xx/stm32f4xx_hal_rtc.o
LOAD ./system/src/stm32f4xx/stm32f4xx_hal_rtc_ex.o
LOAD ./system/src/stm32f4xx/stm32f4xx_hal_tim.o
LOAD ./system/src/stm32f4xx/stm32f4xx_hal_tim_ex.o
LOAD ./system/src/stm32f4xx/stm32f4xx_hal_uart.o
LOAD ./system/src/stm32f4xx/stm32f4xx_hal_usart.o
LOAD ./system/src/newlib/_cxx.o
LOAD ./system/src/newlib/_exit.o
LOAD ./system/src/newlib/_sbrk.o
LOAD ./system/src/newlib/_startup.o
LOAD ./system/src/newlib/_syscalls.o
LOAD ./system/src/newlib/assert.o
LOAD ./system/src/diag/Trace.o
LOAD ./system/src/diag/trace_impl.o
LOAD ./system/src/cortexm/_initialize_hardware.o
LOAD ./system/src/cortexm/_reset_hardware.o
LOAD ./system/src/cortexm/exception_handlers.o
LOAD ./system/src/cmsis/startup_stm32f429xx.o
LOAD ./src/DHT11_humidity_temp.o
LOAD ./src/DS18B20_water_temp.o
LOAD ./src/LCD_pcf8574.o
LOAD ./src/RTC_ds3231.o
LOAD ./src/_write.o
LOAD ./src/alarms_and_security.o
LOAD ./src/blinds.o
LOAD ./src/boiler.o
LOAD ./src/dwt_delay.o
LOAD ./src/esp8266.o
LOAD ./src/light_mgmt.o
LOAD ./src/main.o
LOAD ./src/misc.o
LOAD ./src/stm32f4xx_hal_msp.o
LOAD ./src/stm32f4xx_it.o
LOAD ./src/syscalls.o
LOAD ./src/system_init.o
LOAD ./src/system_stm32f4xx.o
LOAD ./src/ventilation_and_heating.o
LOAD /home/jurica/opt/xPacks/@xpack-dev-tools/arm-none-eabi-gcc/9.2.1-1.1.1/.content/bin/../lib/gcc/arm-none-eabi/9.2.1/../../../../arm-none-eabi/lib/thumb/v7e-m/nofp/libstdc++_nano.a
LOAD /home/jurica/opt/xPacks/@xpack-dev-tools/arm-none-eabi-gcc/9.2.1-1.1.1/.content/bin/../lib/gcc/arm-none-eabi/9.2.1/../../../../arm-none-eabi/lib/thumb/v7e-m/nofp/libm.a
START GROUP
LOAD /home/jurica/opt/xPacks/@xpack-dev-tools/arm-none-eabi-gcc/9.2.1-1.1.1/.content/bin/../lib/gcc/arm-none-eabi/9.2.1/thumb/v7e-m/nofp/libgcc.a
LOAD /home/jurica/opt/xPacks/@xpack-dev-tools/arm-none-eabi-gcc/9.2.1-1.1.1/.content/bin/../lib/gcc/arm-none-eabi/9.2.1/../../../../arm-none-eabi/lib/thumb/v7e-m/nofp/libg_nano.a
LOAD /home/jurica/opt/xPacks/@xpack-dev-tools/arm-none-eabi-gcc/9.2.1-1.1.1/.content/bin/../lib/gcc/arm-none-eabi/9.2.1/../../../../arm-none-eabi/lib/thumb/v7e-m/nofp/libc_nano.a
END GROUP
START GROUP
LOAD /home/jurica/opt/xPacks/@xpack-dev-tools/arm-none-eabi-gcc/9.2.1-1.1.1/.content/bin/../lib/gcc/arm-none-eabi/9.2.1/thumb/v7e-m/nofp/libgcc.a
LOAD /home/jurica/opt/xPacks/@xpack-dev-tools/arm-none-eabi-gcc/9.2.1-1.1.1/.content/bin/../lib/gcc/arm-none-eabi/9.2.1/../../../../arm-none-eabi/lib/thumb/v7e-m/nofp/libc_nano.a
END GROUP
                0x0000000020030000                __stack = (ORIGIN (RAM) + LENGTH (RAM))
                0x0000000020030000                _estack = __stack
                0x0000000000000400                __Main_Stack_Size = 0x400
                [!provide]                        PROVIDE (_Main_Stack_Size = __Main_Stack_Size)
                0x000000002002fc00                __Main_Stack_Limit = (__stack - __Main_Stack_Size)
                [!provide]                        PROVIDE (_Main_Stack_Limit = __Main_Stack_Limit)
                0x0000000000000100                _Minimum_Stack_Size = 0x100
                0x0000000020000634                PROVIDE (_Heap_Begin = _end_noinit)
                0x000000002002fc00                PROVIDE (_Heap_Limit = (__stack - __Main_Stack_Size))

.isr_vector     0x0000000008000000      0x3ec
 FILL mask 0xff
                0x0000000008000000                __vectors_start = ABSOLUTE (.)
                0x0000000008000000                __vectors_start__ = ABSOLUTE (.)
 *(.isr_vector)
 .isr_vector    0x0000000008000000      0x1ac ./system/src/cmsis/startup_stm32f429xx.o
                0x0000000008000000                g_pfnVectors
 *(.cfmconfig)
 *(.after_vectors .after_vectors.*)
 .after_vectors
                0x00000000080001ac      0x114 ./system/src/newlib/_startup.o
                0x00000000080001ac                _start
 .after_vectors
                0x00000000080002c0      0x12c ./system/src/cortexm/exception_handlers.o
                0x00000000080002c0                Reset_Handler
                0x00000000080002de                HardFault_Handler_C
                0x0000000008000354                BusFault_Handler_C
                0x000000000800039c                UsageFault_Handler_C

.inits          0x00000000080003ec       0x28
                0x00000000080003ec                __data_regions_array_start = .
                0x00000000080003ec        0x4 LONG 0x8009a30 LOADADDR (.data)
                0x00000000080003f0        0x4 LONG 0x20000000 ADDR (.data)
                0x00000000080003f4        0x4 LONG 0x200001ec (ADDR (.data) + SIZEOF (.data))
                0x00000000080003f8        0x4 LONG 0x8009a30 LOADADDR (.data_CCMRAM)
                0x00000000080003fc        0x4 LONG 0x10000000 ADDR (.data_CCMRAM)
                0x0000000008000400        0x4 LONG 0x10000000 (ADDR (.data_CCMRAM) + SIZEOF (.data_CCMRAM))
                0x0000000008000404                __data_regions_array_end = .
                0x0000000008000404                __bss_regions_array_start = .
                0x0000000008000404        0x4 LONG 0x200001ec ADDR (.bss)
                0x0000000008000408        0x4 LONG 0x20000634 (ADDR (.bss) + SIZEOF (.bss))
                0x000000000800040c        0x4 LONG 0x10000000 ADDR (.bss_CCMRAM)
                0x0000000008000410        0x4 LONG 0x10000000 (ADDR (.bss_CCMRAM) + SIZEOF (.bss_CCMRAM))
                0x0000000008000414                __bss_regions_array_end = .
 *(.init)
 *(.fini)
                0x0000000008000414                . = ALIGN (0x4)
                0x0000000008000414                PROVIDE (__preinit_array_start = .)
 *(.preinit_array_sysinit .preinit_array_sysinit.*)
 *(.preinit_array_platform .preinit_array_platform.*)
 *(.preinit_array .preinit_array.*)
                0x0000000008000414                PROVIDE (__preinit_array_end = .)
                0x0000000008000414                . = ALIGN (0x4)
                0x0000000008000414                PROVIDE (__init_array_start = .)
 *(SORT_BY_NAME(.init_array.*))
 *(.init_array)
                0x0000000008000414                PROVIDE (__init_array_end = .)
                0x0000000008000414                . = ALIGN (0x4)
                0x0000000008000414                PROVIDE (__fini_array_start = .)
 *(SORT_BY_NAME(.fini_array.*))
 *(.fini_array)
                0x0000000008000414                PROVIDE (__fini_array_end = .)

.flashtext
 *(.flashtext .flashtext.*)

.text           0x0000000008000420     0x9608
 *(.text .text.*)
 .text.HAL_InitTick
                0x0000000008000420       0x4c ./system/src/stm32f4xx/stm32f4xx_hal.o
                0x0000000008000420                HAL_InitTick
 .text.HAL_Init
                0x000000000800046c       0x34 ./system/src/stm32f4xx/stm32f4xx_hal.o
                0x000000000800046c                HAL_Init
 .text.HAL_IncTick
                0x00000000080004a0       0x18 ./system/src/stm32f4xx/stm32f4xx_hal.o
                0x00000000080004a0                HAL_IncTick
 .text.HAL_GetTick
                0x00000000080004b8        0xc ./system/src/stm32f4xx/stm32f4xx_hal.o
                0x00000000080004b8                HAL_GetTick
 .text.HAL_Delay
                0x00000000080004c4       0x28 ./system/src/stm32f4xx/stm32f4xx_hal.o
                0x00000000080004c4                HAL_Delay
 .text.HAL_NVIC_SetPriorityGrouping
                0x00000000080004ec       0x24 ./system/src/stm32f4xx/stm32f4xx_hal_cortex.o
                0x00000000080004ec                HAL_NVIC_SetPriorityGrouping
 .text.HAL_NVIC_SetPriority
                0x0000000008000510       0x68 ./system/src/stm32f4xx/stm32f4xx_hal_cortex.o
                0x0000000008000510                HAL_NVIC_SetPriority
 .text.HAL_NVIC_EnableIRQ
                0x0000000008000578       0x1c ./system/src/stm32f4xx/stm32f4xx_hal_cortex.o
                0x0000000008000578                HAL_NVIC_EnableIRQ
 .text.HAL_SYSTICK_Config
                0x0000000008000594       0x2c ./system/src/stm32f4xx/stm32f4xx_hal_cortex.o
                0x0000000008000594                HAL_SYSTICK_Config
 .text.HAL_SYSTICK_CLKSourceConfig
                0x00000000080005c0       0x20 ./system/src/stm32f4xx/stm32f4xx_hal_cortex.o
                0x00000000080005c0                HAL_SYSTICK_CLKSourceConfig
 .text.HAL_DAC_Init
                0x00000000080005e0       0x24 ./system/src/stm32f4xx/stm32f4xx_hal_dac.o
                0x00000000080005e0                HAL_DAC_Init
 .text.HAL_DAC_Start_DMA
                0x0000000008000604       0xe8 ./system/src/stm32f4xx/stm32f4xx_hal_dac.o
                0x0000000008000604                HAL_DAC_Start_DMA
 .text.HAL_DAC_Stop_DMA
                0x00000000080006ec       0x40 ./system/src/stm32f4xx/stm32f4xx_hal_dac.o
                0x00000000080006ec                HAL_DAC_Stop_DMA
 .text.HAL_DAC_ConvCpltCallbackCh1
                0x000000000800072c        0x2 ./system/src/stm32f4xx/stm32f4xx_hal_dac.o
                0x000000000800072c                HAL_DAC_ConvCpltCallbackCh1
 .text.DAC_DMAConvCpltCh1
                0x000000000800072e       0x10 ./system/src/stm32f4xx/stm32f4xx_hal_dac.o
 .text.HAL_DAC_ConvHalfCpltCallbackCh1
                0x000000000800073e        0x2 ./system/src/stm32f4xx/stm32f4xx_hal_dac.o
                0x000000000800073e                HAL_DAC_ConvHalfCpltCallbackCh1
 .text.DAC_DMAHalfConvCpltCh1
                0x0000000008000740        0xa ./system/src/stm32f4xx/stm32f4xx_hal_dac.o
 .text.HAL_DAC_ErrorCallbackCh1
                0x000000000800074a        0x2 ./system/src/stm32f4xx/stm32f4xx_hal_dac.o
                0x000000000800074a                HAL_DAC_ErrorCallbackCh1
 .text.DAC_DMAErrorCh1
                0x000000000800074c       0x18 ./system/src/stm32f4xx/stm32f4xx_hal_dac.o
 .text.HAL_DAC_ConfigChannel
                0x0000000008000764       0x4a ./system/src/stm32f4xx/stm32f4xx_hal_dac.o
                0x0000000008000764                HAL_DAC_ConfigChannel
 .text.HAL_DACEx_ConvCpltCallbackCh2
                0x00000000080007ae        0x2 ./system/src/stm32f4xx/stm32f4xx_hal_dac_ex.o
                0x00000000080007ae                HAL_DACEx_ConvCpltCallbackCh2
 .text.HAL_DACEx_ConvHalfCpltCallbackCh2
                0x00000000080007b0        0x2 ./system/src/stm32f4xx/stm32f4xx_hal_dac_ex.o
                0x00000000080007b0                HAL_DACEx_ConvHalfCpltCallbackCh2
 .text.HAL_DACEx_ErrorCallbackCh2
                0x00000000080007b2        0x2 ./system/src/stm32f4xx/stm32f4xx_hal_dac_ex.o
                0x00000000080007b2                HAL_DACEx_ErrorCallbackCh2
 .text.DAC_DMAConvCpltCh2
                0x00000000080007b4       0x10 ./system/src/stm32f4xx/stm32f4xx_hal_dac_ex.o
                0x00000000080007b4                DAC_DMAConvCpltCh2
 .text.DAC_DMAHalfConvCpltCh2
                0x00000000080007c4        0xa ./system/src/stm32f4xx/stm32f4xx_hal_dac_ex.o
                0x00000000080007c4                DAC_DMAHalfConvCpltCh2
 .text.DAC_DMAErrorCh2
                0x00000000080007ce       0x18 ./system/src/stm32f4xx/stm32f4xx_hal_dac_ex.o
                0x00000000080007ce                DAC_DMAErrorCh2
 .text.DMA_SetConfig
                0x00000000080007e6       0x2c ./system/src/stm32f4xx/stm32f4xx_hal_dma.o
 *fill*         0x0000000008000812        0x2 
 .text.DMA_CalcBaseAndBitshift
                0x0000000008000814       0x40 ./system/src/stm32f4xx/stm32f4xx_hal_dma.o
 .text.DMA_CheckFifoParam
                0x0000000008000854       0x8e ./system/src/stm32f4xx/stm32f4xx_hal_dma.o
 *fill*         0x00000000080008e2        0x2 
 .text.HAL_DMA_Init
                0x00000000080008e4       0xcc ./system/src/stm32f4xx/stm32f4xx_hal_dma.o
                0x00000000080008e4                HAL_DMA_Init
 .text.HAL_DMA_Start_IT
                0x00000000080009b0       0x6a ./system/src/stm32f4xx/stm32f4xx_hal_dma.o
                0x00000000080009b0                HAL_DMA_Start_IT
 .text.HAL_DMA_Abort
                0x0000000008000a1a       0x94 ./system/src/stm32f4xx/stm32f4xx_hal_dma.o
                0x0000000008000a1a                HAL_DMA_Abort
 *fill*         0x0000000008000aae        0x2 
 .text.HAL_DMA_IRQHandler
                0x0000000008000ab0      0x1dc ./system/src/stm32f4xx/stm32f4xx_hal_dma.o
                0x0000000008000ab0                HAL_DMA_IRQHandler
 .text.HAL_GPIO_Init
                0x0000000008000c8c      0x1e4 ./system/src/stm32f4xx/stm32f4xx_hal_gpio.o
                0x0000000008000c8c                HAL_GPIO_Init
 .text.HAL_GPIO_ReadPin
                0x0000000008000e70        0xe ./system/src/stm32f4xx/stm32f4xx_hal_gpio.o
                0x0000000008000e70                HAL_GPIO_ReadPin
 .text.HAL_GPIO_WritePin
                0x0000000008000e7e        0xc ./system/src/stm32f4xx/stm32f4xx_hal_gpio.o
                0x0000000008000e7e                HAL_GPIO_WritePin
 .text.I2C_IsAcknowledgeFailed
                0x0000000008000e8a       0x32 ./system/src/stm32f4xx/stm32f4xx_hal_i2c.o
 .text.I2C_WaitOnFlagUntilTimeout
                0x0000000008000ebc       0x74 ./system/src/stm32f4xx/stm32f4xx_hal_i2c.o
 .text.I2C_WaitOnMasterAddressFlagUntilTimeout
                0x0000000008000f30       0xaa ./system/src/stm32f4xx/stm32f4xx_hal_i2c.o
 *fill*         0x0000000008000fda        0x2 
 .text.I2C_MasterRequestWrite
                0x0000000008000fdc       0xb4 ./system/src/stm32f4xx/stm32f4xx_hal_i2c.o
 .text.I2C_WaitOnTXEFlagUntilTimeout
                0x0000000008001090       0x54 ./system/src/stm32f4xx/stm32f4xx_hal_i2c.o
 .text.I2C_RequestMemoryRead
                0x00000000080010e4      0x154 ./system/src/stm32f4xx/stm32f4xx_hal_i2c.o
 .text.I2C_WaitOnBTFFlagUntilTimeout
                0x0000000008001238       0x54 ./system/src/stm32f4xx/stm32f4xx_hal_i2c.o
 .text.I2C_WaitOnRXNEFlagUntilTimeout
                0x000000000800128c       0x6a ./system/src/stm32f4xx/stm32f4xx_hal_i2c.o
 *fill*         0x00000000080012f6        0x2 
 .text.HAL_I2C_Init
                0x00000000080012f8      0x1bc ./system/src/stm32f4xx/stm32f4xx_hal_i2c.o
                0x00000000080012f8                HAL_I2C_Init
 .text.HAL_I2C_Master_Transmit
                0x00000000080014b4      0x178 ./system/src/stm32f4xx/stm32f4xx_hal_i2c.o
                0x00000000080014b4                HAL_I2C_Master_Transmit
 .text.HAL_I2C_Mem_Read
                0x000000000800162c      0x2e4 ./system/src/stm32f4xx/stm32f4xx_hal_i2c.o
                0x000000000800162c                HAL_I2C_Mem_Read
 .text.HAL_PWREx_EnableOverDrive
                0x0000000008001910       0x80 ./system/src/stm32f4xx/stm32f4xx_hal_pwr_ex.o
                0x0000000008001910                HAL_PWREx_EnableOverDrive
 .text.HAL_RCC_OscConfig
                0x0000000008001990      0x3ec ./system/src/stm32f4xx/stm32f4xx_hal_rcc.o
                0x0000000008001990                HAL_RCC_OscConfig
 .text.HAL_RCC_GetSysClockFreq
                0x0000000008001d7c       0xcc ./system/src/stm32f4xx/stm32f4xx_hal_rcc.o
                0x0000000008001d7c                HAL_RCC_GetSysClockFreq
 .text.HAL_RCC_ClockConfig
                0x0000000008001e48      0x160 ./system/src/stm32f4xx/stm32f4xx_hal_rcc.o
                0x0000000008001e48                HAL_RCC_ClockConfig
 .text.HAL_RCC_GetHCLKFreq
                0x0000000008001fa8        0xc ./system/src/stm32f4xx/stm32f4xx_hal_rcc.o
                0x0000000008001fa8                HAL_RCC_GetHCLKFreq
 .text.HAL_RCC_GetPCLK1Freq
                0x0000000008001fb4       0x20 ./system/src/stm32f4xx/stm32f4xx_hal_rcc.o
                0x0000000008001fb4                HAL_RCC_GetPCLK1Freq
 .text.HAL_RCCEx_PeriphCLKConfig
                0x0000000008001fd4      0x288 ./system/src/stm32f4xx/stm32f4xx_hal_rcc_ex.o
                0x0000000008001fd4                HAL_RCCEx_PeriphCLKConfig
 .text.TIM_OC1_SetConfig
                0x000000000800225c       0x68 ./system/src/stm32f4xx/stm32f4xx_hal_tim.o
 .text.TIM_OC3_SetConfig
                0x00000000080022c4       0x70 ./system/src/stm32f4xx/stm32f4xx_hal_tim.o
 .text.TIM_OC4_SetConfig
                0x0000000008002334       0x50 ./system/src/stm32f4xx/stm32f4xx_hal_tim.o
 .text.TIM_TI1_ConfigInputStage
                0x0000000008002384       0x24 ./system/src/stm32f4xx/stm32f4xx_hal_tim.o
 .text.TIM_TI2_ConfigInputStage
                0x00000000080023a8       0x26 ./system/src/stm32f4xx/stm32f4xx_hal_tim.o
 .text.TIM_ITRx_SetConfig
                0x00000000080023ce       0x10 ./system/src/stm32f4xx/stm32f4xx_hal_tim.o
 .text.HAL_TIM_Base_Start
                0x00000000080023de       0x24 ./system/src/stm32f4xx/stm32f4xx_hal_tim.o
                0x00000000080023de                HAL_TIM_Base_Start
 .text.HAL_TIM_PWM_MspInit
                0x0000000008002402        0x2 ./system/src/stm32f4xx/stm32f4xx_hal_tim.o
                0x0000000008002402                HAL_TIM_PWM_MspInit
 .text.HAL_TIM_Encoder_MspInit
                0x0000000008002404        0x2 ./system/src/stm32f4xx/stm32f4xx_hal_tim.o
                0x0000000008002404                HAL_TIM_Encoder_MspInit
 *fill*         0x0000000008002406        0x2 
 .text.TIM_Base_SetConfig
                0x0000000008002408       0xc8 ./system/src/stm32f4xx/stm32f4xx_hal_tim.o
                0x0000000008002408                TIM_Base_SetConfig
 .text.HAL_TIM_Base_Init
                0x00000000080024d0       0x34 ./system/src/stm32f4xx/stm32f4xx_hal_tim.o
                0x00000000080024d0                HAL_TIM_Base_Init
 .text.HAL_TIM_PWM_Init
                0x0000000008002504       0x34 ./system/src/stm32f4xx/stm32f4xx_hal_tim.o
                0x0000000008002504                HAL_TIM_PWM_Init
 .text.HAL_TIM_Encoder_Init
                0x0000000008002538       0x9c ./system/src/stm32f4xx/stm32f4xx_hal_tim.o
                0x0000000008002538                HAL_TIM_Encoder_Init
 .text.TIM_OC2_SetConfig
                0x00000000080025d4       0x70 ./system/src/stm32f4xx/stm32f4xx_hal_tim.o
                0x00000000080025d4                TIM_OC2_SetConfig
 .text.HAL_TIM_PWM_ConfigChannel
                0x0000000008002644       0xdc ./system/src/stm32f4xx/stm32f4xx_hal_tim.o
                0x0000000008002644                HAL_TIM_PWM_ConfigChannel
 .text.TIM_ETR_SetConfig
                0x0000000008002720       0x16 ./system/src/stm32f4xx/stm32f4xx_hal_tim.o
                0x0000000008002720                TIM_ETR_SetConfig
 .text.HAL_TIM_ConfigClockSource
                0x0000000008002736       0xda ./system/src/stm32f4xx/stm32f4xx_hal_tim.o
                0x0000000008002736                HAL_TIM_ConfigClockSource
 .text.TIM_CCxChannelCmd
                0x0000000008002810       0x22 ./system/src/stm32f4xx/stm32f4xx_hal_tim.o
                0x0000000008002810                TIM_CCxChannelCmd
 *fill*         0x0000000008002832        0x2 
 .text.HAL_TIM_PWM_Start
                0x0000000008002834       0x40 ./system/src/stm32f4xx/stm32f4xx_hal_tim.o
                0x0000000008002834                HAL_TIM_PWM_Start
 .text.HAL_TIM_PWM_Stop
                0x0000000008002874       0x68 ./system/src/stm32f4xx/stm32f4xx_hal_tim.o
                0x0000000008002874                HAL_TIM_PWM_Stop
 .text.HAL_TIM_Encoder_Start
                0x00000000080028dc       0x44 ./system/src/stm32f4xx/stm32f4xx_hal_tim.o
                0x00000000080028dc                HAL_TIM_Encoder_Start
 .text.HAL_TIMEx_MasterConfigSynchronization
                0x0000000008002920       0x88 ./system/src/stm32f4xx/stm32f4xx_hal_tim_ex.o
                0x0000000008002920                HAL_TIMEx_MasterConfigSynchronization
 .text._sbrk    0x00000000080029a8       0x44 ./system/src/newlib/_sbrk.o
                0x00000000080029a8                _sbrk
 .text.__initialize_args
                0x00000000080029ec       0x10 ./system/src/newlib/_syscalls.o
                0x00000000080029ec                __initialize_args
 .text.trace_printf
                0x00000000080029fc       0x34 ./system/src/diag/Trace.o
                0x00000000080029fc                trace_printf
 .text._trace_write_semihosting_debug
                0x0000000008002a30       0x60 ./system/src/diag/trace_impl.o
 .text.trace_write
                0x0000000008002a90        0x8 ./system/src/diag/trace_impl.o
                0x0000000008002a90                trace_write
 .text.__initialize_hardware_early
                0x0000000008002a98       0x18 ./system/src/cortexm/_initialize_hardware.o
                0x0000000008002a98                __initialize_hardware_early
 .text.__initialize_hardware
                0x0000000008002ab0        0x8 ./system/src/cortexm/_initialize_hardware.o
                0x0000000008002ab0                __initialize_hardware
 .text.dumpExceptionStack
                0x0000000008002ab8       0xf4 ./system/src/cortexm/exception_handlers.o
                0x0000000008002ab8                dumpExceptionStack
 .text.isSemihosting
                0x0000000008002bac       0x20 ./system/src/cortexm/exception_handlers.o
                0x0000000008002bac                isSemihosting
 .text.Default_Handler
                0x0000000008002bcc        0x2 ./system/src/cmsis/startup_stm32f429xx.o
                0x0000000008002bcc                RTC_Alarm_IRQHandler
                0x0000000008002bcc                HASH_RNG_IRQHandler
                0x0000000008002bcc                EXTI2_IRQHandler
                0x0000000008002bcc                TIM8_CC_IRQHandler
                0x0000000008002bcc                UART8_IRQHandler
                0x0000000008002bcc                SPI4_IRQHandler
                0x0000000008002bcc                TIM1_CC_IRQHandler
                0x0000000008002bcc                DMA2_Stream5_IRQHandler
                0x0000000008002bcc                PVD_IRQHandler
                0x0000000008002bcc                SDIO_IRQHandler
                0x0000000008002bcc                TAMP_STAMP_IRQHandler
                0x0000000008002bcc                CAN2_RX1_IRQHandler
                0x0000000008002bcc                EXTI3_IRQHandler
                0x0000000008002bcc                TIM8_TRG_COM_TIM14_IRQHandler
                0x0000000008002bcc                TIM1_UP_TIM10_IRQHandler
                0x0000000008002bcc                TIM8_UP_TIM13_IRQHandler
                0x0000000008002bcc                I2C3_ER_IRQHandler
                0x0000000008002bcc                EXTI0_IRQHandler
                0x0000000008002bcc                I2C2_EV_IRQHandler
                0x0000000008002bcc                DMA1_Stream2_IRQHandler
                0x0000000008002bcc                CAN1_RX0_IRQHandler
                0x0000000008002bcc                FPU_IRQHandler
                0x0000000008002bcc                OTG_HS_WKUP_IRQHandler
                0x0000000008002bcc                LTDC_ER_IRQHandler
                0x0000000008002bcc                CAN2_SCE_IRQHandler
                0x0000000008002bcc                DMA2_Stream2_IRQHandler
                0x0000000008002bcc                SPI1_IRQHandler
                0x0000000008002bcc                TIM6_DAC_IRQHandler
                0x0000000008002bcc                TIM1_BRK_TIM9_IRQHandler
                0x0000000008002bcc                DCMI_IRQHandler
                0x0000000008002bcc                CAN2_RX0_IRQHandler
                0x0000000008002bcc                DMA2_Stream3_IRQHandler
                0x0000000008002bcc                USART6_IRQHandler
                0x0000000008002bcc                USART3_IRQHandler
                0x0000000008002bcc                CAN1_RX1_IRQHandler
                0x0000000008002bcc                UART5_IRQHandler
                0x0000000008002bcc                DMA2_Stream0_IRQHandler
                0x0000000008002bcc                TIM4_IRQHandler
                0x0000000008002bcc                I2C1_EV_IRQHandler
                0x0000000008002bcc                DMA1_Stream6_IRQHandler
                0x0000000008002bcc                DMA1_Stream1_IRQHandler
                0x0000000008002bcc                UART4_IRQHandler
                0x0000000008002bcc                TIM3_IRQHandler
                0x0000000008002bcc                RCC_IRQHandler
                0x0000000008002bcc                TIM8_BRK_TIM12_IRQHandler
                0x0000000008002bcc                Default_Handler
                0x0000000008002bcc                EXTI15_10_IRQHandler
                0x0000000008002bcc                ADC_IRQHandler
                0x0000000008002bcc                DMA1_Stream7_IRQHandler
                0x0000000008002bcc                SPI5_IRQHandler
                0x0000000008002bcc                TIM7_IRQHandler
                0x0000000008002bcc                CAN2_TX_IRQHandler
                0x0000000008002bcc                TIM5_IRQHandler
                0x0000000008002bcc                DMA2_Stream7_IRQHandler
                0x0000000008002bcc                I2C3_EV_IRQHandler
                0x0000000008002bcc                EXTI9_5_IRQHandler
                0x0000000008002bcc                RTC_WKUP_IRQHandler
                0x0000000008002bcc                LTDC_IRQHandler
                0x0000000008002bcc                ETH_WKUP_IRQHandler
                0x0000000008002bcc                SPI2_IRQHandler
                0x0000000008002bcc                OTG_HS_EP1_IN_IRQHandler
                0x0000000008002bcc                DMA1_Stream0_IRQHandler
                0x0000000008002bcc                CAN1_TX_IRQHandler
                0x0000000008002bcc                EXTI4_IRQHandler
                0x0000000008002bcc                ETH_IRQHandler
                0x0000000008002bcc                OTG_HS_EP1_OUT_IRQHandler
                0x0000000008002bcc                WWDG_IRQHandler
                0x0000000008002bcc                SPI6_IRQHandler
                0x0000000008002bcc                TIM2_IRQHandler
                0x0000000008002bcc                OTG_FS_WKUP_IRQHandler
                0x0000000008002bcc                TIM1_TRG_COM_TIM11_IRQHandler
                0x0000000008002bcc                OTG_HS_IRQHandler
                0x0000000008002bcc                DMA2D_IRQHandler
                0x0000000008002bcc                EXTI1_IRQHandler
                0x0000000008002bcc                UART7_IRQHandler
                0x0000000008002bcc                USART2_IRQHandler
                0x0000000008002bcc                I2C2_ER_IRQHandler
                0x0000000008002bcc                DMA2_Stream1_IRQHandler
                0x0000000008002bcc                CAN1_SCE_IRQHandler
                0x0000000008002bcc                FLASH_IRQHandler
                0x0000000008002bcc                DMA2_Stream4_IRQHandler
                0x0000000008002bcc                USART1_IRQHandler
                0x0000000008002bcc                OTG_FS_IRQHandler
                0x0000000008002bcc                SPI3_IRQHandler
                0x0000000008002bcc                DMA1_Stream4_IRQHandler
                0x0000000008002bcc                I2C1_ER_IRQHandler
                0x0000000008002bcc                FMC_IRQHandler
                0x0000000008002bcc                DMA2_Stream6_IRQHandler
                0x0000000008002bcc                SAI1_IRQHandler
                0x0000000008002bcc                DMA1_Stream3_IRQHandler
 *fill*         0x0000000008002bce        0x2 
 .text.GPIO_DHT11_serial_input
                0x0000000008002bd0       0x20 ./src/DHT11_humidity_temp.o
                0x0000000008002bd0                GPIO_DHT11_serial_input
 .text.GPIO_DHT11_serial_output
                0x0000000008002bf0       0x20 ./src/DHT11_humidity_temp.o
                0x0000000008002bf0                GPIO_DHT11_serial_output
 .text.DHT11_Init
                0x0000000008002c10       0x1c ./src/DHT11_humidity_temp.o
                0x0000000008002c10                DHT11_Init
 .text.DHT11_Check_Response
                0x0000000008002c2c       0x44 ./src/DHT11_humidity_temp.o
                0x0000000008002c2c                DHT11_Check_Response
 .text.DHT11_Read
                0x0000000008002c70       0x5c ./src/DHT11_humidity_temp.o
                0x0000000008002c70                DHT11_Read
 .text.DHT11_Data_Transfer
                0x0000000008002ccc       0x4c ./src/DHT11_humidity_temp.o
                0x0000000008002ccc                DHT11_Data_Transfer
 .text.LCD_Send_Cmd
                0x0000000008002d18       0x48 ./src/LCD_pcf8574.o
                0x0000000008002d18                LCD_Send_Cmd
 .text.LCD_Send_Data
                0x0000000008002d60       0x48 ./src/LCD_pcf8574.o
                0x0000000008002d60                LCD_Send_Data
 .text.LCD_Init
                0x0000000008002da8       0x76 ./src/LCD_pcf8574.o
                0x0000000008002da8                LCD_Init
 .text.LCD_Send_String
                0x0000000008002e1e       0x14 ./src/LCD_pcf8574.o
                0x0000000008002e1e                LCD_Send_String
 *fill*         0x0000000008002e32        0x2 
 .text.LCD_Send_Cmd_2
                0x0000000008002e34       0x48 ./src/LCD_pcf8574.o
                0x0000000008002e34                LCD_Send_Cmd_2
 .text.LCD_Send_Data_2
                0x0000000008002e7c       0x48 ./src/LCD_pcf8574.o
                0x0000000008002e7c                LCD_Send_Data_2
 .text.LCD_Init_2
                0x0000000008002ec4       0x76 ./src/LCD_pcf8574.o
                0x0000000008002ec4                LCD_Init_2
 .text.LCD_Send_String_2
                0x0000000008002f3a       0x14 ./src/LCD_pcf8574.o
                0x0000000008002f3a                LCD_Send_String_2
 .text.bcd_To_Dec
                0x0000000008002f4e       0x10 ./src/RTC_ds3231.o
                0x0000000008002f4e                bcd_To_Dec
 *fill*         0x0000000008002f5e        0x2 
 .text.get_Time
                0x0000000008002f60       0x74 ./src/RTC_ds3231.o
                0x0000000008002f60                get_Time
 *fill*         0x0000000008002fd4        0x4 
 .text.gnerate_Sine_Wave
                0x0000000008002fd8       0xf4 ./src/alarms_and_security.o
                0x0000000008002fd8                gnerate_Sine_Wave
 .text.check_For_Fire
                0x00000000080030cc       0x28 ./src/alarms_and_security.o
                0x00000000080030cc                check_For_Fire
 .text.fire_Alarm
                0x00000000080030f4       0xfc ./src/alarms_and_security.o
                0x00000000080030f4                fire_Alarm
 .text.lower_Blinds_Living
                0x00000000080031f0      0x1ac ./src/blinds.o
                0x00000000080031f0                lower_Blinds_Living
 .text.raise_Blinds_Living
                0x000000000800339c      0x1ac ./src/blinds.o
                0x000000000800339c                raise_Blinds_Living
 .text.blinds_Living_Room_Manual
                0x0000000008003548       0x70 ./src/blinds.o
                0x0000000008003548                blinds_Living_Room_Manual
 .text.blinds_Living_Room
                0x00000000080035b8       0x8c ./src/blinds.o
                0x00000000080035b8                blinds_Living_Room
 .text.DWT_Init
                0x0000000008003644       0x2c ./src/dwt_delay.o
                0x0000000008003644                DWT_Init
 .text.calculate_Dusk_Time
                0x0000000008003670      0x430 ./src/light_mgmt.o
                0x0000000008003670                calculate_Dusk_Time
 .text.entrance_Light
                0x0000000008003aa0       0x58 ./src/light_mgmt.o
                0x0000000008003aa0                entrance_Light
 .text.bathroom_Light
                0x0000000008003af8       0xc4 ./src/light_mgmt.o
                0x0000000008003af8                bathroom_Light
 .text.living_Room_Kitchen_Light
                0x0000000008003bbc      0x1a8 ./src/light_mgmt.o
                0x0000000008003bbc                living_Room_Kitchen_Light
 .text.bedroom_Light
                0x0000000008003d64      0x208 ./src/light_mgmt.o
                0x0000000008003d64                bedroom_Light
 .text.main     0x0000000008003f6c      0x1c4 ./src/main.o
                0x0000000008003f6c                main
 .text.Error_Handler
                0x0000000008004130        0x2 ./src/main.o
                0x0000000008004130                Error_Handler
 *fill*         0x0000000008004132        0x2 
 .text.automatic_Mode
                0x0000000008004134       0x18 ./src/misc.o
                0x0000000008004134                automatic_Mode
 .text.delay_us
                0x000000000800414c       0x14 ./src/misc.o
                0x000000000800414c                delay_us
 .text.HAL_MspInit
                0x0000000008004160       0x38 ./src/stm32f4xx_hal_msp.o
                0x0000000008004160                HAL_MspInit
 .text.HAL_DAC_MspInit
                0x0000000008004198       0xb0 ./src/stm32f4xx_hal_msp.o
                0x0000000008004198                HAL_DAC_MspInit
 .text.HAL_I2C_MspInit
                0x0000000008004248        0x2 ./src/stm32f4xx_hal_msp.o
                0x0000000008004248                HAL_I2C_MspInit
 *fill*         0x000000000800424a        0x2 
 .text.HAL_TIM_Base_MspInit
                0x000000000800424c       0x74 ./src/stm32f4xx_hal_msp.o
                0x000000000800424c                HAL_TIM_Base_MspInit
 .text.NMI_Handler
                0x00000000080042c0        0x2 ./src/stm32f4xx_it.o
                0x00000000080042c0                NMI_Handler
 .text.HardFault_Handler
                0x00000000080042c2        0x2 ./src/stm32f4xx_it.o
                0x00000000080042c2                HardFault_Handler
 .text.MemManage_Handler
                0x00000000080042c4        0x2 ./src/stm32f4xx_it.o
                0x00000000080042c4                MemManage_Handler
 .text.BusFault_Handler
                0x00000000080042c6        0x2 ./src/stm32f4xx_it.o
                0x00000000080042c6                BusFault_Handler
 .text.UsageFault_Handler
                0x00000000080042c8        0x2 ./src/stm32f4xx_it.o
                0x00000000080042c8                UsageFault_Handler
 .text.SVC_Handler
                0x00000000080042ca        0x2 ./src/stm32f4xx_it.o
                0x00000000080042ca                SVC_Handler
 .text.DebugMon_Handler
                0x00000000080042cc        0x2 ./src/stm32f4xx_it.o
                0x00000000080042cc                DebugMon_Handler
 .text.PendSV_Handler
                0x00000000080042ce        0x2 ./src/stm32f4xx_it.o
                0x00000000080042ce                PendSV_Handler
 .text.SysTick_Handler
                0x00000000080042d0        0x8 ./src/stm32f4xx_it.o
                0x00000000080042d0                SysTick_Handler
 .text.DMA1_Stream5_IRQHandler
                0x00000000080042d8       0x10 ./src/stm32f4xx_it.o
                0x00000000080042d8                DMA1_Stream5_IRQHandler
 .text._kill    0x00000000080042e8       0x10 ./src/syscalls.o
                0x00000000080042e8                _kill
 .text._exit    0x00000000080042f8        0xc ./src/syscalls.o
                0x00000000080042f8                _exit
 .text.SystemClock_Config
                0x0000000008004304       0xf8 ./src/system_init.o
                0x0000000008004304                SystemClock_Config
 .text.GPIO_Init
                0x00000000080043fc      0x28c ./src/system_init.o
                0x00000000080043fc                GPIO_Init
 .text.I2C1_RTC_Init
                0x0000000008004688       0x78 ./src/system_init.o
                0x0000000008004688                I2C1_RTC_Init
 .text.I2C2_LCD_Init
                0x0000000008004700       0x8c ./src/system_init.o
                0x0000000008004700                I2C2_LCD_Init
 .text.I2C3_LCD_Init
                0x000000000800478c       0xd4 ./src/system_init.o
                0x000000000800478c                I2C3_LCD_Init
 .text.TIM3_Encoder_Living_Room_Init
                0x0000000008004860       0x84 ./src/system_init.o
                0x0000000008004860                TIM3_Encoder_Living_Room_Init
 .text.TIM4_Encoder_Bedroom_Init
                0x00000000080048e4       0x84 ./src/system_init.o
                0x00000000080048e4                TIM4_Encoder_Bedroom_Init
 .text.TIM12_PWM_Living_Bedroom_Init
                0x0000000008004968       0xbc ./src/system_init.o
                0x0000000008004968                TIM12_PWM_Living_Bedroom_Init
 .text.DAC_Init
                0x0000000008004a24       0x44 ./src/system_init.o
                0x0000000008004a24                DAC_Init
 .text.TIM2_DAC_Init
                0x0000000008004a68       0x6c ./src/system_init.o
                0x0000000008004a68                TIM2_DAC_Init
 .text.DMA_Init
                0x0000000008004ad4       0x34 ./src/system_init.o
                0x0000000008004ad4                DMA_Init
 .text.TIM9_us_delay_Init
                0x0000000008004b08       0x54 ./src/system_init.o
                0x0000000008004b08                TIM9_us_delay_Init
 .text.SystemInit
                0x0000000008004b5c       0x10 ./src/system_stm32f4xx.o
                0x0000000008004b5c                SystemInit
 .text.SystemCoreClockUpdate
                0x0000000008004b6c       0xa0 ./src/system_stm32f4xx.o
                0x0000000008004b6c                SystemCoreClockUpdate
 .text.check_For_Gases
                0x0000000008004c0c       0x18 ./src/ventilation_and_heating.o
                0x0000000008004c0c                check_For_Gases
 .text.emergency_Ventilation
                0x0000000008004c24       0x54 ./src/ventilation_and_heating.o
                0x0000000008004c24                emergency_Ventilation
 .text.sin      0x0000000008004c78       0xb0 /home/jurica/opt/xPacks/@xpack-dev-tools/arm-none-eabi-gcc/9.2.1-1.1.1/.content/bin/../lib/gcc/arm-none-eabi/9.2.1/../../../../arm-none-eabi/lib/thumb/v7e-m/nofp/libm.a(lib_a-s_sin.o)
                0x0000000008004c78                sin
 .text.__ieee754_rem_pio2
                0x0000000008004d28      0x444 /home/jurica/opt/xPacks/@xpack-dev-tools/arm-none-eabi-gcc/9.2.1-1.1.1/.content/bin/../lib/gcc/arm-none-eabi/9.2.1/../../../../arm-none-eabi/lib/thumb/v7e-m/nofp/libm.a(lib_a-e_rem_pio2.o)
                0x0000000008004d28                __ieee754_rem_pio2
 *fill*         0x000000000800516c        0x4 
 .text.__kernel_cos
                0x0000000008005170      0x258 /home/jurica/opt/xPacks/@xpack-dev-tools/arm-none-eabi-gcc/9.2.1-1.1.1/.content/bin/../lib/gcc/arm-none-eabi/9.2.1/../../../../arm-none-eabi/lib/thumb/v7e-m/nofp/libm.a(lib_a-k_cos.o)
                0x0000000008005170                __kernel_cos
 .text.__kernel_rem_pio2
                0x00000000080053c8      0x84c /home/jurica/opt/xPacks/@xpack-dev-tools/arm-none-eabi-gcc/9.2.1-1.1.1/.content/bin/../lib/gcc/arm-none-eabi/9.2.1/../../../../arm-none-eabi/lib/thumb/v7e-m/nofp/libm.a(lib_a-k_rem_pio2.o)
                0x00000000080053c8                __kernel_rem_pio2
 *fill*         0x0000000008005c14        0x4 
 .text.__kernel_sin
                0x0000000008005c18      0x184 /home/jurica/opt/xPacks/@xpack-dev-tools/arm-none-eabi-gcc/9.2.1-1.1.1/.content/bin/../lib/gcc/arm-none-eabi/9.2.1/../../../../arm-none-eabi/lib/thumb/v7e-m/nofp/libm.a(lib_a-k_sin.o)
                0x0000000008005c18                __kernel_sin
 .text.fabs     0x0000000008005d9c        0x8 /home/jurica/opt/xPacks/@xpack-dev-tools/arm-none-eabi-gcc/9.2.1-1.1.1/.content/bin/../lib/gcc/arm-none-eabi/9.2.1/../../../../arm-none-eabi/lib/thumb/v7e-m/nofp/libm.a(lib_a-s_fabs.o)
                0x0000000008005d9c                fabs
 *fill*         0x0000000008005da4        0x4 
 .text.floor    0x0000000008005da8       0xf8 /home/jurica/opt/xPacks/@xpack-dev-tools/arm-none-eabi-gcc/9.2.1-1.1.1/.content/bin/../lib/gcc/arm-none-eabi/9.2.1/../../../../arm-none-eabi/lib/thumb/v7e-m/nofp/libm.a(lib_a-s_floor.o)
                0x0000000008005da8                floor
 .text.scalbn   0x0000000008005ea0       0xf4 /home/jurica/opt/xPacks/@xpack-dev-tools/arm-none-eabi-gcc/9.2.1-1.1.1/.content/bin/../lib/gcc/arm-none-eabi/9.2.1/../../../../arm-none-eabi/lib/thumb/v7e-m/nofp/libm.a(lib_a-s_scalbn.o)
                0x0000000008005ea0                scalbn
 .text          0x0000000008005f94      0x378 /home/jurica/opt/xPacks/@xpack-dev-tools/arm-none-eabi-gcc/9.2.1-1.1.1/.content/bin/../lib/gcc/arm-none-eabi/9.2.1/thumb/v7e-m/nofp/libgcc.a(_arm_addsubdf3.o)
                0x0000000008005f94                __aeabi_drsub
                0x0000000008005f9c                __aeabi_dsub
                0x0000000008005f9c                __subdf3
                0x0000000008005fa0                __adddf3
                0x0000000008005fa0                __aeabi_dadd
                0x0000000008006218                __aeabi_ui2d
                0x0000000008006218                __floatunsidf
                0x0000000008006238                __floatsidf
                0x0000000008006238                __aeabi_i2d
                0x000000000800625c                __extendsfdf2
                0x000000000800625c                __aeabi_f2d
                0x00000000080062a0                __aeabi_ul2d
                0x00000000080062a0                __floatundidf
                0x00000000080062b0                __floatdidf
                0x00000000080062b0                __aeabi_l2d
 .text          0x000000000800630c      0x424 /home/jurica/opt/xPacks/@xpack-dev-tools/arm-none-eabi-gcc/9.2.1-1.1.1/.content/bin/../lib/gcc/arm-none-eabi/9.2.1/thumb/v7e-m/nofp/libgcc.a(_arm_muldivdf3.o)
                0x000000000800630c                __aeabi_dmul
                0x000000000800630c                __muldf3
                0x0000000008006560                __aeabi_ddiv
                0x0000000008006560                __divdf3
 .text          0x0000000008006730      0x110 /home/jurica/opt/xPacks/@xpack-dev-tools/arm-none-eabi-gcc/9.2.1-1.1.1/.content/bin/../lib/gcc/arm-none-eabi/9.2.1/thumb/v7e-m/nofp/libgcc.a(_arm_cmpdf2.o)
                0x0000000008006730                __gtdf2
                0x0000000008006730                __gedf2
                0x0000000008006738                __ltdf2
                0x0000000008006738                __ledf2
                0x0000000008006740                __cmpdf2
                0x0000000008006740                __eqdf2
                0x0000000008006740                __nedf2
                0x00000000080067bc                __aeabi_cdrcmple
                0x00000000080067cc                __aeabi_cdcmple
                0x00000000080067cc                __aeabi_cdcmpeq
                0x00000000080067dc                __aeabi_dcmpeq
                0x00000000080067f0                __aeabi_dcmplt
                0x0000000008006804                __aeabi_dcmple
                0x0000000008006818                __aeabi_dcmpge
                0x000000000800682c                __aeabi_dcmpgt
 .text          0x0000000008006840       0x50 /home/jurica/opt/xPacks/@xpack-dev-tools/arm-none-eabi-gcc/9.2.1-1.1.1/.content/bin/../lib/gcc/arm-none-eabi/9.2.1/thumb/v7e-m/nofp/libgcc.a(_arm_fixdfsi.o)
                0x0000000008006840                __fixdfsi
                0x0000000008006840                __aeabi_d2iz
 .text          0x0000000008006890       0x40 /home/jurica/opt/xPacks/@xpack-dev-tools/arm-none-eabi-gcc/9.2.1-1.1.1/.content/bin/../lib/gcc/arm-none-eabi/9.2.1/thumb/v7e-m/nofp/libgcc.a(_arm_fixunsdfsi.o)
                0x0000000008006890                __fixunsdfsi
                0x0000000008006890                __aeabi_d2uiz
 .text          0x00000000080068d0      0x21c /home/jurica/opt/xPacks/@xpack-dev-tools/arm-none-eabi-gcc/9.2.1-1.1.1/.content/bin/../lib/gcc/arm-none-eabi/9.2.1/thumb/v7e-m/nofp/libgcc.a(_arm_addsubsf3.o)
                0x00000000080068d0                __aeabi_frsub
                0x00000000080068d8                __subsf3
                0x00000000080068d8                __aeabi_fsub
                0x00000000080068dc                __aeabi_fadd
                0x00000000080068dc                __addsf3
                0x0000000008006a3c                __aeabi_ui2f
                0x0000000008006a3c                __floatunsisf
                0x0000000008006a44                __aeabi_i2f
                0x0000000008006a44                __floatsisf
                0x0000000008006a60                __floatundisf
                0x0000000008006a60                __aeabi_ul2f
                0x0000000008006a70                __floatdisf
                0x0000000008006a70                __aeabi_l2f
 .text          0x0000000008006aec      0x2a0 /home/jurica/opt/xPacks/@xpack-dev-tools/arm-none-eabi-gcc/9.2.1-1.1.1/.content/bin/../lib/gcc/arm-none-eabi/9.2.1/thumb/v7e-m/nofp/libgcc.a(_arm_muldivsf3.o)
                0x0000000008006aec                __mulsf3
                0x0000000008006aec                __aeabi_fmul
                0x0000000008006c54                __divsf3
                0x0000000008006c54                __aeabi_fdiv
 .text          0x0000000008006d8c       0xec /home/jurica/opt/xPacks/@xpack-dev-tools/arm-none-eabi-gcc/9.2.1-1.1.1/.content/bin/../lib/gcc/arm-none-eabi/9.2.1/thumb/v7e-m/nofp/libgcc.a(_arm_cmpsf2.o)
                0x0000000008006d8c                __gtsf2
                0x0000000008006d8c                __gesf2
                0x0000000008006d94                __lesf2
                0x0000000008006d94                __ltsf2
                0x0000000008006d9c                __nesf2
                0x0000000008006d9c                __eqsf2
                0x0000000008006d9c                __cmpsf2
                0x0000000008006dfc                __aeabi_cfrcmple
                0x0000000008006e04                __aeabi_cfcmple
                0x0000000008006e04                __aeabi_cfcmpeq
                0x0000000008006e14                __aeabi_fcmpeq
                0x0000000008006e28                __aeabi_fcmplt
                0x0000000008006e3c                __aeabi_fcmple
                0x0000000008006e50                __aeabi_fcmpge
                0x0000000008006e64                __aeabi_fcmpgt
 .text          0x0000000008006e78       0x4c /home/jurica/opt/xPacks/@xpack-dev-tools/arm-none-eabi-gcc/9.2.1-1.1.1/.content/bin/../lib/gcc/arm-none-eabi/9.2.1/thumb/v7e-m/nofp/libgcc.a(_arm_fixsfsi.o)
                0x0000000008006e78                __fixsfsi
                0x0000000008006e78                __aeabi_f2iz
 .text          0x0000000008006ec4       0x30 /home/jurica/opt/xPacks/@xpack-dev-tools/arm-none-eabi-gcc/9.2.1-1.1.1/.content/bin/../lib/gcc/arm-none-eabi/9.2.1/thumb/v7e-m/nofp/libgcc.a(_aeabi_uldivmod.o)
                0x0000000008006ec4                __aeabi_uldivmod
 .text.__udivmoddi4
                0x0000000008006ef4      0x2c0 /home/jurica/opt/xPacks/@xpack-dev-tools/arm-none-eabi-gcc/9.2.1-1.1.1/.content/bin/../lib/gcc/arm-none-eabi/9.2.1/thumb/v7e-m/nofp/libgcc.a(_udivmoddi4.o)
                0x0000000008006ef4                __udivmoddi4
 .text          0x00000000080071b4        0x4 /home/jurica/opt/xPacks/@xpack-dev-tools/arm-none-eabi-gcc/9.2.1-1.1.1/.content/bin/../lib/gcc/arm-none-eabi/9.2.1/thumb/v7e-m/nofp/libgcc.a(_dvmd_tls.o)
                0x00000000080071b4                __aeabi_ldiv0
                0x00000000080071b4                __aeabi_idiv0
 .text.__errno  0x00000000080071b8        0xc /home/jurica/opt/xPacks/@xpack-dev-tools/arm-none-eabi-gcc/9.2.1-1.1.1/.content/bin/../lib/gcc/arm-none-eabi/9.2.1/../../../../arm-none-eabi/lib/thumb/v7e-m/nofp/libg_nano.a(lib_a-errno.o)
                0x00000000080071b8                __errno
 .text.memcpy   0x00000000080071c4       0x1c /home/jurica/opt/xPacks/@xpack-dev-tools/arm-none-eabi-gcc/9.2.1-1.1.1/.content/bin/../lib/gcc/arm-none-eabi/9.2.1/../../../../arm-none-eabi/lib/thumb/v7e-m/nofp/libg_nano.a(lib_a-memcpy-stub.o)
                0x00000000080071c4                memcpy
 .text.memset   0x00000000080071e0       0x10 /home/jurica/opt/xPacks/@xpack-dev-tools/arm-none-eabi-gcc/9.2.1-1.1.1/.content/bin/../lib/gcc/arm-none-eabi/9.2.1/../../../../arm-none-eabi/lib/thumb/v7e-m/nofp/libg_nano.a(lib_a-memset.o)
                0x00000000080071e0                memset
 .text.__cvt    0x00000000080071f0       0xc0 /home/jurica/opt/xPacks/@xpack-dev-tools/arm-none-eabi-gcc/9.2.1-1.1.1/.content/bin/../lib/gcc/arm-none-eabi/9.2.1/../../../../arm-none-eabi/lib/thumb/v7e-m/nofp/libg_nano.a(lib_a-nano-vfprintf_float.o)
                0x00000000080071f0                __cvt
 .text.__exponent
                0x00000000080072b0       0x7c /home/jurica/opt/xPacks/@xpack-dev-tools/arm-none-eabi-gcc/9.2.1-1.1.1/.content/bin/../lib/gcc/arm-none-eabi/9.2.1/../../../../arm-none-eabi/lib/thumb/v7e-m/nofp/libg_nano.a(lib_a-nano-vfprintf_float.o)
                0x00000000080072b0                __exponent
 .text._printf_float
                0x000000000800732c      0x454 /home/jurica/opt/xPacks/@xpack-dev-tools/arm-none-eabi-gcc/9.2.1-1.1.1/.content/bin/../lib/gcc/arm-none-eabi/9.2.1/../../../../arm-none-eabi/lib/thumb/v7e-m/nofp/libg_nano.a(lib_a-nano-vfprintf_float.o)
                0x000000000800732c                _printf_float
 .text._printf_common
                0x0000000008007780       0xda /home/jurica/opt/xPacks/@xpack-dev-tools/arm-none-eabi-gcc/9.2.1-1.1.1/.content/bin/../lib/gcc/arm-none-eabi/9.2.1/../../../../arm-none-eabi/lib/thumb/v7e-m/nofp/libg_nano.a(lib_a-nano-vfprintf_i.o)
                0x0000000008007780                _printf_common
 *fill*         0x000000000800785a        0x2 
 .text._printf_i
                0x000000000800785c      0x24c /home/jurica/opt/xPacks/@xpack-dev-tools/arm-none-eabi-gcc/9.2.1-1.1.1/.content/bin/../lib/gcc/arm-none-eabi/9.2.1/../../../../arm-none-eabi/lib/thumb/v7e-m/nofp/libg_nano.a(lib_a-nano-vfprintf_i.o)
                0x000000000800785c                _printf_i
 .text.sprintf  0x0000000008007aa8       0x40 /home/jurica/opt/xPacks/@xpack-dev-tools/arm-none-eabi-gcc/9.2.1-1.1.1/.content/bin/../lib/gcc/arm-none-eabi/9.2.1/../../../../arm-none-eabi/lib/thumb/v7e-m/nofp/libg_nano.a(lib_a-sprintf.o)
                0x0000000008007aa8                sprintf
                0x0000000008007aa8                siprintf
 .text          0x0000000008007ae8       0x10 /home/jurica/opt/xPacks/@xpack-dev-tools/arm-none-eabi-gcc/9.2.1-1.1.1/.content/bin/../lib/gcc/arm-none-eabi/9.2.1/../../../../arm-none-eabi/lib/thumb/v7e-m/nofp/libg_nano.a(lib_a-strlen.o)
                0x0000000008007ae8                strlen
 .text._vsnprintf_r
                0x0000000008007af8       0x58 /home/jurica/opt/xPacks/@xpack-dev-tools/arm-none-eabi-gcc/9.2.1-1.1.1/.content/bin/../lib/gcc/arm-none-eabi/9.2.1/../../../../arm-none-eabi/lib/thumb/v7e-m/nofp/libg_nano.a(lib_a-vsnprintf.o)
                0x0000000008007af8                _vsnprintf_r
                0x0000000008007af8                _vsniprintf_r
 .text.vsnprintf
                0x0000000008007b50       0x1c /home/jurica/opt/xPacks/@xpack-dev-tools/arm-none-eabi-gcc/9.2.1-1.1.1/.content/bin/../lib/gcc/arm-none-eabi/9.2.1/../../../../arm-none-eabi/lib/thumb/v7e-m/nofp/libg_nano.a(lib_a-vsnprintf.o)
                0x0000000008007b50                vsnprintf
                0x0000000008007b50                vsniprintf
 .text.quorem   0x0000000008007b6c      0x116 /home/jurica/opt/xPacks/@xpack-dev-tools/arm-none-eabi-gcc/9.2.1-1.1.1/.content/bin/../lib/gcc/arm-none-eabi/9.2.1/../../../../arm-none-eabi/lib/thumb/v7e-m/nofp/libg_nano.a(lib_a-dtoa.o)
 *fill*         0x0000000008007c82        0x6 
 .text._dtoa_r  0x0000000008007c88      0xba4 /home/jurica/opt/xPacks/@xpack-dev-tools/arm-none-eabi-gcc/9.2.1-1.1.1/.content/bin/../lib/gcc/arm-none-eabi/9.2.1/../../../../arm-none-eabi/lib/thumb/v7e-m/nofp/libg_nano.a(lib_a-dtoa.o)
                0x0000000008007c88                _dtoa_r
 .text._localeconv_r
                0x000000000800882c        0x8 /home/jurica/opt/xPacks/@xpack-dev-tools/arm-none-eabi-gcc/9.2.1-1.1.1/.content/bin/../lib/gcc/arm-none-eabi/9.2.1/../../../../arm-none-eabi/lib/thumb/v7e-m/nofp/libg_nano.a(lib_a-localeconv.o)
                0x000000000800882c                _localeconv_r
 .text.malloc   0x0000000008008834       0x10 /home/jurica/opt/xPacks/@xpack-dev-tools/arm-none-eabi-gcc/9.2.1-1.1.1/.content/bin/../lib/gcc/arm-none-eabi/9.2.1/../../../../arm-none-eabi/lib/thumb/v7e-m/nofp/libg_nano.a(lib_a-malloc.o)
                0x0000000008008834                malloc
 *fill*         0x0000000008008844        0xc 
 .text          0x0000000008008850       0xa0 /home/jurica/opt/xPacks/@xpack-dev-tools/arm-none-eabi-gcc/9.2.1-1.1.1/.content/bin/../lib/gcc/arm-none-eabi/9.2.1/../../../../arm-none-eabi/lib/thumb/v7e-m/nofp/libg_nano.a(lib_a-memchr.o)
                0x0000000008008850                memchr
 .text._Balloc  0x00000000080088f0       0x68 /home/jurica/opt/xPacks/@xpack-dev-tools/arm-none-eabi-gcc/9.2.1-1.1.1/.content/bin/../lib/gcc/arm-none-eabi/9.2.1/../../../../arm-none-eabi/lib/thumb/v7e-m/nofp/libg_nano.a(lib_a-mprec.o)
                0x00000000080088f0                _Balloc
 .text._Bfree   0x0000000008008958       0x2e /home/jurica/opt/xPacks/@xpack-dev-tools/arm-none-eabi-gcc/9.2.1-1.1.1/.content/bin/../lib/gcc/arm-none-eabi/9.2.1/../../../../arm-none-eabi/lib/thumb/v7e-m/nofp/libg_nano.a(lib_a-mprec.o)
                0x0000000008008958                _Bfree
 .text.__multadd
                0x0000000008008986       0x7c /home/jurica/opt/xPacks/@xpack-dev-tools/arm-none-eabi-gcc/9.2.1-1.1.1/.content/bin/../lib/gcc/arm-none-eabi/9.2.1/../../../../arm-none-eabi/lib/thumb/v7e-m/nofp/libg_nano.a(lib_a-mprec.o)
                0x0000000008008986                __multadd
 .text.__hi0bits
                0x0000000008008a02       0x40 /home/jurica/opt/xPacks/@xpack-dev-tools/arm-none-eabi-gcc/9.2.1-1.1.1/.content/bin/../lib/gcc/arm-none-eabi/9.2.1/../../../../arm-none-eabi/lib/thumb/v7e-m/nofp/libg_nano.a(lib_a-mprec.o)
                0x0000000008008a02                __hi0bits
 .text.__lo0bits
                0x0000000008008a42       0x5c /home/jurica/opt/xPacks/@xpack-dev-tools/arm-none-eabi-gcc/9.2.1-1.1.1/.content/bin/../lib/gcc/arm-none-eabi/9.2.1/../../../../arm-none-eabi/lib/thumb/v7e-m/nofp/libg_nano.a(lib_a-mprec.o)
                0x0000000008008a42                __lo0bits
 .text.__i2b    0x0000000008008a9e       0x12 /home/jurica/opt/xPacks/@xpack-dev-tools/arm-none-eabi-gcc/9.2.1-1.1.1/.content/bin/../lib/gcc/arm-none-eabi/9.2.1/../../../../arm-none-eabi/lib/thumb/v7e-m/nofp/libg_nano.a(lib_a-mprec.o)
                0x0000000008008a9e                __i2b
 .text.__multiply
                0x0000000008008ab0      0x138 /home/jurica/opt/xPacks/@xpack-dev-tools/arm-none-eabi-gcc/9.2.1-1.1.1/.content/bin/../lib/gcc/arm-none-eabi/9.2.1/../../../../arm-none-eabi/lib/thumb/v7e-m/nofp/libg_nano.a(lib_a-mprec.o)
                0x0000000008008ab0                __multiply
 .text.__pow5mult
                0x0000000008008be8       0x9c /home/jurica/opt/xPacks/@xpack-dev-tools/arm-none-eabi-gcc/9.2.1-1.1.1/.content/bin/../lib/gcc/arm-none-eabi/9.2.1/../../../../arm-none-eabi/lib/thumb/v7e-m/nofp/libg_nano.a(lib_a-mprec.o)
                0x0000000008008be8                __pow5mult
 .text.__lshift
                0x0000000008008c84       0xbe /home/jurica/opt/xPacks/@xpack-dev-tools/arm-none-eabi-gcc/9.2.1-1.1.1/.content/bin/../lib/gcc/arm-none-eabi/9.2.1/../../../../arm-none-eabi/lib/thumb/v7e-m/nofp/libg_nano.a(lib_a-mprec.o)
                0x0000000008008c84                __lshift
 .text.__mcmp   0x0000000008008d42       0x36 /home/jurica/opt/xPacks/@xpack-dev-tools/arm-none-eabi-gcc/9.2.1-1.1.1/.content/bin/../lib/gcc/arm-none-eabi/9.2.1/../../../../arm-none-eabi/lib/thumb/v7e-m/nofp/libg_nano.a(lib_a-mprec.o)
                0x0000000008008d42                __mcmp
 .text.__mdiff  0x0000000008008d78       0xec /home/jurica/opt/xPacks/@xpack-dev-tools/arm-none-eabi-gcc/9.2.1-1.1.1/.content/bin/../lib/gcc/arm-none-eabi/9.2.1/../../../../arm-none-eabi/lib/thumb/v7e-m/nofp/libg_nano.a(lib_a-mprec.o)
                0x0000000008008d78                __mdiff
 .text.__d2b    0x0000000008008e64       0x9e /home/jurica/opt/xPacks/@xpack-dev-tools/arm-none-eabi-gcc/9.2.1-1.1.1/.content/bin/../lib/gcc/arm-none-eabi/9.2.1/../../../../arm-none-eabi/lib/thumb/v7e-m/nofp/libg_nano.a(lib_a-mprec.o)
                0x0000000008008e64                __d2b
 .text._calloc_r
                0x0000000008008f02       0x1c /home/jurica/opt/xPacks/@xpack-dev-tools/arm-none-eabi-gcc/9.2.1-1.1.1/.content/bin/../lib/gcc/arm-none-eabi/9.2.1/../../../../arm-none-eabi/lib/thumb/v7e-m/nofp/libg_nano.a(lib_a-nano-callocr.o)
                0x0000000008008f02                _calloc_r
 *fill*         0x0000000008008f1e        0x2 
 .text._free_r  0x0000000008008f20       0x9c /home/jurica/opt/xPacks/@xpack-dev-tools/arm-none-eabi-gcc/9.2.1-1.1.1/.content/bin/../lib/gcc/arm-none-eabi/9.2.1/../../../../arm-none-eabi/lib/thumb/v7e-m/nofp/libg_nano.a(lib_a-nano-freer.o)
                0x0000000008008f20                _free_r
 .text._malloc_r
                0x0000000008008fbc       0xb4 /home/jurica/opt/xPacks/@xpack-dev-tools/arm-none-eabi-gcc/9.2.1-1.1.1/.content/bin/../lib/gcc/arm-none-eabi/9.2.1/../../../../arm-none-eabi/lib/thumb/v7e-m/nofp/libg_nano.a(lib_a-nano-mallocr.o)
                0x0000000008008fbc                _malloc_r
 .text.__ssputs_r
                0x0000000008009070       0xb6 /home/jurica/opt/xPacks/@xpack-dev-tools/arm-none-eabi-gcc/9.2.1-1.1.1/.content/bin/../lib/gcc/arm-none-eabi/9.2.1/../../../../arm-none-eabi/lib/thumb/v7e-m/nofp/libg_nano.a(lib_a-nano-svfprintf.o)
                0x0000000008009070                __ssputs_r
 *fill*         0x0000000008009126        0x2 
 .text._svfprintf_r
                0x0000000008009128      0x200 /home/jurica/opt/xPacks/@xpack-dev-tools/arm-none-eabi-gcc/9.2.1-1.1.1/.content/bin/../lib/gcc/arm-none-eabi/9.2.1/../../../../arm-none-eabi/lib/thumb/v7e-m/nofp/libg_nano.a(lib_a-nano-svfprintf.o)
                0x0000000008009128                _svfprintf_r
                0x0000000008009128                _svfiprintf_r
 .text._sbrk_r  0x0000000008009328       0x20 /home/jurica/opt/xPacks/@xpack-dev-tools/arm-none-eabi-gcc/9.2.1-1.1.1/.content/bin/../lib/gcc/arm-none-eabi/9.2.1/../../../../arm-none-eabi/lib/thumb/v7e-m/nofp/libg_nano.a(lib_a-sbrkr.o)
                0x0000000008009328                _sbrk_r
 .text.__ascii_mbtowc
                0x0000000008009348       0x24 /home/jurica/opt/xPacks/@xpack-dev-tools/arm-none-eabi-gcc/9.2.1-1.1.1/.content/bin/../lib/gcc/arm-none-eabi/9.2.1/../../../../arm-none-eabi/lib/thumb/v7e-m/nofp/libg_nano.a(lib_a-mbtowc_r.o)
                0x0000000008009348                __ascii_mbtowc
 .text.memmove  0x000000000800936c       0x34 /home/jurica/opt/xPacks/@xpack-dev-tools/arm-none-eabi-gcc/9.2.1-1.1.1/.content/bin/../lib/gcc/arm-none-eabi/9.2.1/../../../../arm-none-eabi/lib/thumb/v7e-m/nofp/libg_nano.a(lib_a-memmove.o)
                0x000000000800936c                memmove
 .text.__malloc_lock
                0x00000000080093a0        0xc /home/jurica/opt/xPacks/@xpack-dev-tools/arm-none-eabi-gcc/9.2.1-1.1.1/.content/bin/../lib/gcc/arm-none-eabi/9.2.1/../../../../arm-none-eabi/lib/thumb/v7e-m/nofp/libg_nano.a(lib_a-mlock.o)
                0x00000000080093a0                __malloc_lock
 .text.__malloc_unlock
                0x00000000080093ac        0xc /home/jurica/opt/xPacks/@xpack-dev-tools/arm-none-eabi-gcc/9.2.1-1.1.1/.content/bin/../lib/gcc/arm-none-eabi/9.2.1/../../../../arm-none-eabi/lib/thumb/v7e-m/nofp/libg_nano.a(lib_a-mlock.o)
                0x00000000080093ac                __malloc_unlock
 .text._realloc_r
                0x00000000080093b8       0x4c /home/jurica/opt/xPacks/@xpack-dev-tools/arm-none-eabi-gcc/9.2.1-1.1.1/.content/bin/../lib/gcc/arm-none-eabi/9.2.1/../../../../arm-none-eabi/lib/thumb/v7e-m/nofp/libg_nano.a(lib_a-nano-reallocr.o)
                0x00000000080093b8                _realloc_r
 .text.__ascii_wctomb
                0x0000000008009404       0x1a /home/jurica/opt/xPacks/@xpack-dev-tools/arm-none-eabi-gcc/9.2.1-1.1.1/.content/bin/../lib/gcc/arm-none-eabi/9.2.1/../../../../arm-none-eabi/lib/thumb/v7e-m/nofp/libg_nano.a(lib_a-wctomb_r.o)
                0x0000000008009404                __ascii_wctomb
 .text.__retarget_lock_acquire_recursive
                0x000000000800941e        0x2 /home/jurica/opt/xPacks/@xpack-dev-tools/arm-none-eabi-gcc/9.2.1-1.1.1/.content/bin/../lib/gcc/arm-none-eabi/9.2.1/../../../../arm-none-eabi/lib/thumb/v7e-m/nofp/libg_nano.a(lib_a-lock.o)
                0x000000000800941e                __retarget_lock_acquire_recursive
 .text.__retarget_lock_release_recursive
                0x0000000008009420        0x2 /home/jurica/opt/xPacks/@xpack-dev-tools/arm-none-eabi-gcc/9.2.1-1.1.1/.content/bin/../lib/gcc/arm-none-eabi/9.2.1/../../../../arm-none-eabi/lib/thumb/v7e-m/nofp/libg_nano.a(lib_a-lock.o)
                0x0000000008009420                __retarget_lock_release_recursive
 .text._malloc_usable_size_r
                0x0000000008009422       0x10 /home/jurica/opt/xPacks/@xpack-dev-tools/arm-none-eabi-gcc/9.2.1-1.1.1/.content/bin/../lib/gcc/arm-none-eabi/9.2.1/../../../../arm-none-eabi/lib/thumb/v7e-m/nofp/libg_nano.a(lib_a-nano-msizer.o)
                0x0000000008009422                _malloc_usable_size_r
 *fill*         0x0000000008009432        0x2 
 .text          0x0000000008009434       0x2c /home/jurica/opt/xPacks/@xpack-dev-tools/arm-none-eabi-gcc/9.2.1-1.1.1/.content/bin/../lib/gcc/arm-none-eabi/9.2.1/thumb/v7e-m/nofp/libgcc.a(_arm_unorddf2.o)
                0x0000000008009434                __aeabi_dcmpun
                0x0000000008009434                __unorddf2
 *(.rodata .rodata.* .constdata .constdata.*)
 .rodata.flagBitshiftOffset.7177
                0x0000000008009460        0x8 ./system/src/stm32f4xx/stm32f4xx_hal_dma.o
 .rodata.dumpExceptionStack.str1.4
                0x0000000008009468      0x11a ./system/src/cortexm/exception_handlers.o
 *fill*         0x0000000008009582        0x2 
 .rodata.str1.4
                0x0000000008009584       0x2a ./system/src/cortexm/exception_handlers.o
 *fill*         0x00000000080095ae        0x2 
 .rodata.main.str1.4
                0x00000000080095b0       0x23 ./src/main.o
 *fill*         0x00000000080095d3        0x1 
 .rodata.AHBPrescTable
                0x00000000080095d4       0x10 ./src/system_stm32f4xx.o
                0x00000000080095d4                AHBPrescTable
 .rodata.APBPrescTable
                0x00000000080095e4        0x8 ./src/system_stm32f4xx.o
                0x00000000080095e4                APBPrescTable
 .rodata.npio2_hw
                0x00000000080095ec       0x80 /home/jurica/opt/xPacks/@xpack-dev-tools/arm-none-eabi-gcc/9.2.1-1.1.1/.content/bin/../lib/gcc/arm-none-eabi/9.2.1/../../../../arm-none-eabi/lib/thumb/v7e-m/nofp/libm.a(lib_a-e_rem_pio2.o)
 .rodata.two_over_pi
                0x000000000800966c      0x108 /home/jurica/opt/xPacks/@xpack-dev-tools/arm-none-eabi-gcc/9.2.1-1.1.1/.content/bin/../lib/gcc/arm-none-eabi/9.2.1/../../../../arm-none-eabi/lib/thumb/v7e-m/nofp/libm.a(lib_a-e_rem_pio2.o)
 *fill*         0x0000000008009774        0x4 
 .rodata.PIo2   0x0000000008009778       0x40 /home/jurica/opt/xPacks/@xpack-dev-tools/arm-none-eabi-gcc/9.2.1-1.1.1/.content/bin/../lib/gcc/arm-none-eabi/9.2.1/../../../../arm-none-eabi/lib/thumb/v7e-m/nofp/libm.a(lib_a-k_rem_pio2.o)
 .rodata.init_jk
                0x00000000080097b8       0x10 /home/jurica/opt/xPacks/@xpack-dev-tools/arm-none-eabi-gcc/9.2.1-1.1.1/.content/bin/../lib/gcc/arm-none-eabi/9.2.1/../../../../arm-none-eabi/lib/thumb/v7e-m/nofp/libm.a(lib_a-k_rem_pio2.o)
 .rodata._printf_float.str1.1
                0x00000000080097c8       0x12 /home/jurica/opt/xPacks/@xpack-dev-tools/arm-none-eabi-gcc/9.2.1-1.1.1/.content/bin/../lib/gcc/arm-none-eabi/9.2.1/../../../../arm-none-eabi/lib/thumb/v7e-m/nofp/libg_nano.a(lib_a-nano-vfprintf_float.o)
 .rodata._printf_i.str1.1
                0x00000000080097da       0x22 /home/jurica/opt/xPacks/@xpack-dev-tools/arm-none-eabi-gcc/9.2.1-1.1.1/.content/bin/../lib/gcc/arm-none-eabi/9.2.1/../../../../arm-none-eabi/lib/thumb/v7e-m/nofp/libg_nano.a(lib_a-nano-vfprintf_i.o)
 .rodata._dtoa_r.str1.1
                0x00000000080097fc        0xd /home/jurica/opt/xPacks/@xpack-dev-tools/arm-none-eabi-gcc/9.2.1-1.1.1/.content/bin/../lib/gcc/arm-none-eabi/9.2.1/../../../../arm-none-eabi/lib/thumb/v7e-m/nofp/libg_nano.a(lib_a-dtoa.o)
                                          0xf (size before relaxing)
 *fill*         0x0000000008009809        0x7 
 .rodata.__mprec_bigtens
                0x0000000008009810       0x28 /home/jurica/opt/xPacks/@xpack-dev-tools/arm-none-eabi-gcc/9.2.1-1.1.1/.content/bin/../lib/gcc/arm-none-eabi/9.2.1/../../../../arm-none-eabi/lib/thumb/v7e-m/nofp/libg_nano.a(lib_a-mprec.o)
                0x0000000008009810                __mprec_bigtens
 .rodata.__mprec_tens
                0x0000000008009838       0xc8 /home/jurica/opt/xPacks/@xpack-dev-tools/arm-none-eabi-gcc/9.2.1-1.1.1/.content/bin/../lib/gcc/arm-none-eabi/9.2.1/../../../../arm-none-eabi/lib/thumb/v7e-m/nofp/libg_nano.a(lib_a-mprec.o)
                0x0000000008009838                __mprec_tens
 .rodata.p05.6127
                0x0000000008009900        0xc /home/jurica/opt/xPacks/@xpack-dev-tools/arm-none-eabi-gcc/9.2.1-1.1.1/.content/bin/../lib/gcc/arm-none-eabi/9.2.1/../../../../arm-none-eabi/lib/thumb/v7e-m/nofp/libg_nano.a(lib_a-mprec.o)
 .rodata._svfprintf_r.str1.1
                0x000000000800990c       0x11 /home/jurica/opt/xPacks/@xpack-dev-tools/arm-none-eabi-gcc/9.2.1-1.1.1/.content/bin/../lib/gcc/arm-none-eabi/9.2.1/../../../../arm-none-eabi/lib/thumb/v7e-m/nofp/libg_nano.a(lib_a-nano-svfprintf.o)
 .rodata._setlocale_r.str1.1
                0x000000000800991d        0x8 /home/jurica/opt/xPacks/@xpack-dev-tools/arm-none-eabi-gcc/9.2.1-1.1.1/.content/bin/../lib/gcc/arm-none-eabi/9.2.1/../../../../arm-none-eabi/lib/thumb/v7e-m/nofp/libg_nano.a(lib_a-locale.o)
                                          0x9 (size before relaxing)
 .rodata.str1.1
                0x0000000008009925        0x2 /home/jurica/opt/xPacks/@xpack-dev-tools/arm-none-eabi-gcc/9.2.1-1.1.1/.content/bin/../lib/gcc/arm-none-eabi/9.2.1/../../../../arm-none-eabi/lib/thumb/v7e-m/nofp/libg_nano.a(lib_a-locale.o)
 .rodata._ctype_
                0x0000000008009927      0x101 /home/jurica/opt/xPacks/@xpack-dev-tools/arm-none-eabi-gcc/9.2.1-1.1.1/.content/bin/../lib/gcc/arm-none-eabi/9.2.1/../../../../arm-none-eabi/lib/thumb/v7e-m/nofp/libg_nano.a(lib_a-ctype_.o)
                0x0000000008009927                _ctype_
 *(vtable)
 *(.eh_frame*)
 *(.glue_7)
 .glue_7        0x0000000008009a28        0x0 linker stubs
 *(.glue_7t)
 .glue_7t       0x0000000008009a28        0x0 linker stubs

.vfp11_veneer   0x0000000008009a28        0x0
 .vfp11_veneer  0x0000000008009a28        0x0 linker stubs

.v4_bx          0x0000000008009a28        0x0
 .v4_bx         0x0000000008009a28        0x0 linker stubs

.iplt           0x0000000008009a28        0x0
 .iplt          0x0000000008009a28        0x0 ./system/src/stm32f4xx/stm32f4xx_hal.o

.ARM.extab
 *(.ARM.extab* .gnu.linkonce.armextab.*)
                0x0000000008009a28                . = ALIGN (0x4)
                0x0000000008009a28                __exidx_start = .

.ARM.exidx      0x0000000008009a28        0x8
 *(.ARM.exidx* .gnu.linkonce.armexidx.*)
 .ARM.exidx.text.__udivmoddi4
                0x0000000008009a28        0x8 /home/jurica/opt/xPacks/@xpack-dev-tools/arm-none-eabi-gcc/9.2.1-1.1.1/.content/bin/../lib/gcc/arm-none-eabi/9.2.1/thumb/v7e-m/nofp/libgcc.a(_udivmoddi4.o)
                0x0000000008009a30                __exidx_end = .

.rel.dyn        0x0000000008009a30        0x0
 .rel.iplt      0x0000000008009a30        0x0 ./system/src/stm32f4xx/stm32f4xx_hal.o
                0x0000000008009a30                . = ALIGN (0x4)
                0x0000000008009a30                _etext = .
                0x0000000008009a30                __etext = .

.data_CCMRAM    0x0000000010000000        0x0 load address 0x0000000008009a30
 FILL mask 0xff
 *(.data.CCMRAM .data.CCMRAM.*)
                0x0000000010000000                . = ALIGN (0x4)
                0x0000000008009a30                _sidata = LOADADDR (.data)

.data           0x0000000020000000      0x1ec load address 0x0000000008009a30
 FILL mask 0xff
                0x0000000020000000                _sdata = .
                0x0000000020000000                __data_start__ = .
 *(.data_begin .data_begin.*)
 .data_begin    0x0000000020000000        0x4 ./system/src/newlib/_startup.o
 *(.data .data.*)
 .data.uwTickFreq
                0x0000000020000004        0x1 ./system/src/stm32f4xx/stm32f4xx_hal.o
                0x0000000020000004                uwTickFreq
 *fill*         0x0000000020000005        0x3 ff
 .data.uwTickPrio
                0x0000000020000008        0x4 ./system/src/stm32f4xx/stm32f4xx_hal.o
                0x0000000020000008                uwTickPrio
 .data.argv.4354
                0x000000002000000c        0x8 ./system/src/newlib/_syscalls.o
 .data.SystemCoreClock
                0x0000000020000014        0x4 ./src/system_stm32f4xx.o
                0x0000000020000014                SystemCoreClock
 .data._impure_ptr
                0x0000000020000018        0x4 /home/jurica/opt/xPacks/@xpack-dev-tools/arm-none-eabi-gcc/9.2.1-1.1.1/.content/bin/../lib/gcc/arm-none-eabi/9.2.1/../../../../arm-none-eabi/lib/thumb/v7e-m/nofp/libg_nano.a(lib_a-impure.o)
                0x0000000020000018                _impure_ptr
 .data.impure_data
                0x000000002000001c       0x60 /home/jurica/opt/xPacks/@xpack-dev-tools/arm-none-eabi-gcc/9.2.1-1.1.1/.content/bin/../lib/gcc/arm-none-eabi/9.2.1/../../../../arm-none-eabi/lib/thumb/v7e-m/nofp/libg_nano.a(lib_a-impure.o)
 .data.__global_locale
                0x000000002000007c      0x16c /home/jurica/opt/xPacks/@xpack-dev-tools/arm-none-eabi-gcc/9.2.1-1.1.1/.content/bin/../lib/gcc/arm-none-eabi/9.2.1/../../../../arm-none-eabi/lib/thumb/v7e-m/nofp/libg_nano.a(lib_a-locale.o)
                0x000000002000007c                __global_locale
 *(.data_end .data_end.*)
 .data_end      0x00000000200001e8        0x4 ./system/src/newlib/_startup.o
                0x00000000200001ec                . = ALIGN (0x4)
                0x00000000200001ec                _edata = .
                0x00000000200001ec                __data_end__ = .

.igot.plt       0x00000000200001ec        0x0 load address 0x0000000008009c1c
 .igot.plt      0x00000000200001ec        0x0 ./system/src/stm32f4xx/stm32f4xx_hal.o

.bss_CCMRAM     0x0000000010000000        0x0
 *(.bss.CCMRAM .bss.CCMRAM.*)

.bss            0x00000000200001ec      0x448
                0x00000000200001ec                __bss_start__ = .
                0x00000000200001ec                _sbss = .
 *(.bss_begin .bss_begin.*)
 .bss_begin     0x00000000200001ec        0x4 ./system/src/newlib/_startup.o
 *(.bss .bss.*)
 .bss.current_heap_end.3984
                0x00000000200001f0        0x4 ./system/src/newlib/_sbrk.o
 .bss.name.4353
                0x00000000200001f4        0x1 ./system/src/newlib/_syscalls.o
 *fill*         0x00000000200001f5        0x3 
 .bss.buf.5228  0x00000000200001f8       0x80 ./system/src/diag/Trace.o
 .bss.lastConversion.9829
                0x0000000020000278        0x4 ./src/alarms_and_security.o
 .bss.lastConversion.9840
                0x000000002000027c        0x4 ./src/alarms_and_security.o
 .bss.statusFlag1.9827
                0x0000000020000280        0x4 ./src/alarms_and_security.o
 .bss.statusFlag1.9841
                0x0000000020000284        0x4 ./src/alarms_and_security.o
 .bss.statusFlag2.9828
                0x0000000020000288        0x4 ./src/alarms_and_security.o
 .bss.statusFlag2.9842
                0x000000002000028c        0x4 ./src/alarms_and_security.o
 .bss.blindsStatus.9845
                0x0000000020000290        0x4 ./src/blinds.o
 .bss.blindsStatus.9851
                0x0000000020000294        0x4 ./src/blinds.o
 .bss.i.9831    0x0000000020000298        0x4 ./src/blinds.o
 .bss.i.9840    0x000000002000029c        0x4 ./src/blinds.o
 .bss.lastTimeLowerLiving.9826
                0x00000000200002a0        0x4 ./src/blinds.o
 .bss.lastTimeRaiseLiving.9835
                0x00000000200002a4        0x4 ./src/blinds.o
 .bss.statusFlag1.9827
                0x00000000200002a8        0x4 ./src/blinds.o
 .bss.statusFlag1.9836
                0x00000000200002ac        0x4 ./src/blinds.o
 .bss.statusFlag2.9828
                0x00000000200002b0        0x4 ./src/blinds.o
 .bss.statusFlag2.9837
                0x00000000200002b4        0x4 ./src/blinds.o
 .bss.statusFlag3.9829
                0x00000000200002b8        0x4 ./src/blinds.o
 .bss.statusFlag3.9838
                0x00000000200002bc        0x4 ./src/blinds.o
 .bss.statusFlag4.9830
                0x00000000200002c0        0x4 ./src/blinds.o
 .bss.statusFlag4.9839
                0x00000000200002c4        0x4 ./src/blinds.o
 .bss.currentSystemTime.9876
                0x00000000200002c8        0x4 ./src/light_mgmt.o
 .bss.currentTime.9859
                0x00000000200002cc        0x4 ./src/light_mgmt.o
 .bss.duskTime.9847
                0x00000000200002d0        0x8 ./src/light_mgmt.o
 .bss.isOccupied.9858
                0x00000000200002d8        0x4 ./src/light_mgmt.o
 .bss.lastConversion.9869
                0x00000000200002dc        0x4 ./src/light_mgmt.o
 .bss.lightState.9865
                0x00000000200002e0        0x4 ./src/light_mgmt.o
 .bss.switchState.9868
                0x00000000200002e4        0x4 ./src/light_mgmt.o
 .bss.switchState.9875
                0x00000000200002e8        0x4 ./src/light_mgmt.o
 .bss.gasesPresent.9829
                0x00000000200002ec        0x4 ./src/ventilation_and_heating.o
 .bss.__malloc_free_list
                0x00000000200002f0        0x4 /home/jurica/opt/xPacks/@xpack-dev-tools/arm-none-eabi-gcc/9.2.1-1.1.1/.content/bin/../lib/gcc/arm-none-eabi/9.2.1/../../../../arm-none-eabi/lib/thumb/v7e-m/nofp/libg_nano.a(lib_a-nano-mallocr.o)
                0x00000000200002f0                __malloc_free_list
 .bss.__malloc_sbrk_start
                0x00000000200002f4        0x4 /home/jurica/opt/xPacks/@xpack-dev-tools/arm-none-eabi-gcc/9.2.1-1.1.1/.content/bin/../lib/gcc/arm-none-eabi/9.2.1/../../../../arm-none-eabi/lib/thumb/v7e-m/nofp/libg_nano.a(lib_a-nano-mallocr.o)
                0x00000000200002f4                __malloc_sbrk_start
 *(COMMON)
 COMMON         0x00000000200002f8        0x4 ./system/src/stm32f4xx/stm32f4xx_hal.o
                0x00000000200002f8                uwTick
 COMMON         0x00000000200002fc        0x4 ./system/src/newlib/_syscalls.o
                0x00000000200002fc                errno
 COMMON         0x0000000020000300      0x325 ./src/DHT11_humidity_temp.o
                0x0000000020000300                hi2c3
                0x0000000020000354                htim4
                0x0000000020000394                hi2c1
                0x00000000200003e8                hi2c2
                0x000000002000043c                htim5
                0x000000002000047c                ds18b20
                0x0000000020000484                htim3
                0x00000000200004c4                hdma_dac1
                0x0000000020000524                hdac
                0x0000000020000538                esp8266input
                0x000000002000053c                GPIO_InitStruct
                0x0000000020000550                htim9
                0x0000000020000590                htim2
                0x00000000200005d0                dht11
                0x00000000200005d8                Time
                0x00000000200005e0                htim12
                0x0000000020000620                AlarmTime
 COMMON         0x0000000020000625        0x9 /home/jurica/opt/xPacks/@xpack-dev-tools/arm-none-eabi-gcc/9.2.1-1.1.1/.content/bin/../lib/gcc/arm-none-eabi/9.2.1/../../../../arm-none-eabi/lib/thumb/v7e-m/nofp/libg_nano.a(lib_a-lock.o)
                0x0000000020000625                __lock___atexit_recursive_mutex
                0x0000000020000626                __lock___arc4random_mutex
                0x0000000020000627                __lock___env_recursive_mutex
                0x0000000020000628                __lock___sinit_recursive_mutex
                0x0000000020000629                __lock___malloc_recursive_mutex
                0x000000002000062a                __lock___at_quick_exit_mutex
                0x000000002000062b                __lock___dd_hash_mutex
                0x000000002000062c                __lock___tz_mutex
                0x000000002000062d                __lock___sfp_recursive_mutex
 *(.bss_end .bss_end.*)
 *fill*         0x000000002000062e        0x2 
 .bss_end       0x0000000020000630        0x4 ./system/src/newlib/_startup.o
                0x0000000020000634                . = ALIGN (0x4)
                0x0000000020000634                __bss_end__ = .
                0x0000000020000634                _ebss = .

.noinit_CCMRAM
 *(.noinit.CCMRAM .noinit.CCMRAM.*)

.noinit         0x0000000020000634        0x0
                0x0000000020000634                _noinit = .
 *(.noinit .noinit.*)
                0x0000000020000634                . = ALIGN (0x4)
                0x0000000020000634                _end_noinit = .
                [!provide]                        PROVIDE (end = _end_noinit)
                [!provide]                        PROVIDE (_end = _end_noinit)
                [!provide]                        PROVIDE (__end = _end_noinit)
                [!provide]                        PROVIDE (__end__ = _end_noinit)

._check_stack   0x0000000020000634      0x100
                0x0000000020000734                . = (. + _Minimum_Stack_Size)
 *fill*         0x0000000020000634      0x100 

.b1text
 *(.b1text)
 *(.b1rodata)
 *(.b1rodata.*)

.eb0text
 *(.eb0text)
 *(.eb0rodata)
 *(.eb0rodata.*)

.eb1text
 *(.eb1text)
 *(.eb1rodata)
 *(.eb1rodata.*)

.eb2text
 *(.eb2text)
 *(.eb2rodata)
 *(.eb2rodata.*)

.eb3text
 *(.eb3text)
 *(.eb3rodata)
 *(.eb3rodata.*)

.stab
 *(.stab)

.stabstr
 *(.stabstr)

.stab.excl
 *(.stab.excl)

.stab.exclstr
 *(.stab.exclstr)

.stab.index
 *(.stab.index)

.stab.indexstr
 *(.stab.indexstr)

.comment        0x0000000000000000       0x66
 *(.comment)
 .comment       0x0000000000000000       0x66 ./system/src/stm32f4xx/stm32f4xx_hal.o
                                         0x67 (size before relaxing)
 .comment       0x0000000000000066       0x67 ./system/src/stm32f4xx/stm32f4xx_hal_cortex.o
 .comment       0x0000000000000066       0x67 ./system/src/stm32f4xx/stm32f4xx_hal_dac.o
 .comment       0x0000000000000066       0x67 ./system/src/stm32f4xx/stm32f4xx_hal_dac_ex.o
 .comment       0x0000000000000066       0x67 ./system/src/stm32f4xx/stm32f4xx_hal_dma.o
 .comment       0x0000000000000066       0x67 ./system/src/stm32f4xx/stm32f4xx_hal_gpio.o
 .comment       0x0000000000000066       0x67 ./system/src/stm32f4xx/stm32f4xx_hal_i2c.o
 .comment       0x0000000000000066       0x67 ./system/src/stm32f4xx/stm32f4xx_hal_pwr_ex.o
 .comment       0x0000000000000066       0x67 ./system/src/stm32f4xx/stm32f4xx_hal_rcc.o
 .comment       0x0000000000000066       0x67 ./system/src/stm32f4xx/stm32f4xx_hal_rcc_ex.o
 .comment       0x0000000000000066       0x67 ./system/src/stm32f4xx/stm32f4xx_hal_tim.o
 .comment       0x0000000000000066       0x67 ./system/src/stm32f4xx/stm32f4xx_hal_tim_ex.o
 .comment       0x0000000000000066       0x67 ./system/src/newlib/_sbrk.o
 .comment       0x0000000000000066       0x67 ./system/src/newlib/_startup.o
 .comment       0x0000000000000066       0x67 ./system/src/newlib/_syscalls.o
 .comment       0x0000000000000066       0x67 ./system/src/diag/Trace.o
 .comment       0x0000000000000066       0x67 ./system/src/diag/trace_impl.o
 .comment       0x0000000000000066       0x67 ./system/src/cortexm/_initialize_hardware.o
 .comment       0x0000000000000066       0x67 ./system/src/cortexm/exception_handlers.o
 .comment       0x0000000000000066       0x67 ./src/DHT11_humidity_temp.o
 .comment       0x0000000000000066       0x67 ./src/LCD_pcf8574.o
 .comment       0x0000000000000066       0x67 ./src/RTC_ds3231.o
 .comment       0x0000000000000066       0x67 ./src/alarms_and_security.o
 .comment       0x0000000000000066       0x67 ./src/blinds.o
 .comment       0x0000000000000066       0x67 ./src/dwt_delay.o
 .comment       0x0000000000000066       0x67 ./src/light_mgmt.o
 .comment       0x0000000000000066       0x67 ./src/main.o
 .comment       0x0000000000000066       0x67 ./src/misc.o
 .comment       0x0000000000000066       0x67 ./src/stm32f4xx_hal_msp.o
 .comment       0x0000000000000066       0x67 ./src/stm32f4xx_it.o
 .comment       0x0000000000000066       0x67 ./src/syscalls.o
 .comment       0x0000000000000066       0x67 ./src/system_init.o
 .comment       0x0000000000000066       0x67 ./src/system_stm32f4xx.o
 .comment       0x0000000000000066       0x67 ./src/ventilation_and_heating.o

.ARM.attributes
                0x0000000000000000       0x2c
 .ARM.attributes
                0x0000000000000000       0x2e ./system/src/stm32f4xx/stm32f4xx_hal.o
 .ARM.attributes
                0x000000000000002e       0x2e ./system/src/stm32f4xx/stm32f4xx_hal_cortex.o
 .ARM.attributes
                0x000000000000005c       0x2e ./system/src/stm32f4xx/stm32f4xx_hal_dac.o
 .ARM.attributes
                0x000000000000008a       0x2e ./system/src/stm32f4xx/stm32f4xx_hal_dac_ex.o
 .ARM.attributes
                0x00000000000000b8       0x2e ./system/src/stm32f4xx/stm32f4xx_hal_dma.o
 .ARM.attributes
                0x00000000000000e6       0x2e ./system/src/stm32f4xx/stm32f4xx_hal_gpio.o
 .ARM.attributes
                0x0000000000000114       0x2e ./system/src/stm32f4xx/stm32f4xx_hal_i2c.o
 .ARM.attributes
                0x0000000000000142       0x2e ./system/src/stm32f4xx/stm32f4xx_hal_pwr_ex.o
 .ARM.attributes
                0x0000000000000170       0x2e ./system/src/stm32f4xx/stm32f4xx_hal_rcc.o
 .ARM.attributes
                0x000000000000019e       0x2e ./system/src/stm32f4xx/stm32f4xx_hal_rcc_ex.o
 .ARM.attributes
                0x00000000000001cc       0x2e ./system/src/stm32f4xx/stm32f4xx_hal_tim.o
 .ARM.attributes
                0x00000000000001fa       0x2e ./system/src/stm32f4xx/stm32f4xx_hal_tim_ex.o
 .ARM.attributes
                0x0000000000000228       0x2e ./system/src/newlib/_sbrk.o
 .ARM.attributes
                0x0000000000000256       0x2e ./system/src/newlib/_startup.o
 .ARM.attributes
                0x0000000000000284       0x2e ./system/src/newlib/_syscalls.o
 .ARM.attributes
                0x00000000000002b2       0x2e ./system/src/diag/Trace.o
 .ARM.attributes
                0x00000000000002e0       0x2e ./system/src/diag/trace_impl.o
 .ARM.attributes
                0x000000000000030e       0x2e ./system/src/cortexm/_initialize_hardware.o
 .ARM.attributes
                0x000000000000033c       0x2e ./system/src/cortexm/exception_handlers.o
 .ARM.attributes
                0x000000000000036a       0x21 ./system/src/cmsis/startup_stm32f429xx.o
 .ARM.attributes
                0x000000000000038b       0x2e ./src/DHT11_humidity_temp.o
 .ARM.attributes
                0x00000000000003b9       0x2e ./src/LCD_pcf8574.o
 .ARM.attributes
                0x00000000000003e7       0x2e ./src/RTC_ds3231.o
 .ARM.attributes
                0x0000000000000415       0x2e ./src/alarms_and_security.o
 .ARM.attributes
                0x0000000000000443       0x2e ./src/blinds.o
 .ARM.attributes
                0x0000000000000471       0x2e ./src/dwt_delay.o
 .ARM.attributes
                0x000000000000049f       0x2e ./src/light_mgmt.o
 .ARM.attributes
                0x00000000000004cd       0x2e ./src/main.o
 .ARM.attributes
                0x00000000000004fb       0x2e ./src/misc.o
 .ARM.attributes
                0x0000000000000529       0x2e ./src/stm32f4xx_hal_msp.o
 .ARM.attributes
                0x0000000000000557       0x2e ./src/stm32f4xx_it.o
 .ARM.attributes
                0x0000000000000585       0x2e ./src/syscalls.o
 .ARM.attributes
                0x00000000000005b3       0x2e ./src/system_init.o
 .ARM.attributes
                0x00000000000005e1       0x2e ./src/system_stm32f4xx.o
 .ARM.attributes
                0x000000000000060f       0x2e ./src/ventilation_and_heating.o
 .ARM.attributes
                0x000000000000063d       0x2e /home/jurica/opt/xPacks/@xpack-dev-tools/arm-none-eabi-gcc/9.2.1-1.1.1/.content/bin/../lib/gcc/arm-none-eabi/9.2.1/../../../../arm-none-eabi/lib/thumb/v7e-m/nofp/libm.a(lib_a-s_sin.o)
 .ARM.attributes
                0x000000000000066b       0x2e /home/jurica/opt/xPacks/@xpack-dev-tools/arm-none-eabi-gcc/9.2.1-1.1.1/.content/bin/../lib/gcc/arm-none-eabi/9.2.1/../../../../arm-none-eabi/lib/thumb/v7e-m/nofp/libm.a(lib_a-e_rem_pio2.o)
 .ARM.attributes
                0x0000000000000699       0x2e /home/jurica/opt/xPacks/@xpack-dev-tools/arm-none-eabi-gcc/9.2.1-1.1.1/.content/bin/../lib/gcc/arm-none-eabi/9.2.1/../../../../arm-none-eabi/lib/thumb/v7e-m/nofp/libm.a(lib_a-k_cos.o)
 .ARM.attributes
                0x00000000000006c7       0x2e /home/jurica/opt/xPacks/@xpack-dev-tools/arm-none-eabi-gcc/9.2.1-1.1.1/.content/bin/../lib/gcc/arm-none-eabi/9.2.1/../../../../arm-none-eabi/lib/thumb/v7e-m/nofp/libm.a(lib_a-k_rem_pio2.o)
 .ARM.attributes
                0x00000000000006f5       0x2e /home/jurica/opt/xPacks/@xpack-dev-tools/arm-none-eabi-gcc/9.2.1-1.1.1/.content/bin/../lib/gcc/arm-none-eabi/9.2.1/../../../../arm-none-eabi/lib/thumb/v7e-m/nofp/libm.a(lib_a-k_sin.o)
 .ARM.attributes
                0x0000000000000723       0x2e /home/jurica/opt/xPacks/@xpack-dev-tools/arm-none-eabi-gcc/9.2.1-1.1.1/.content/bin/../lib/gcc/arm-none-eabi/9.2.1/../../../../arm-none-eabi/lib/thumb/v7e-m/nofp/libm.a(lib_a-s_fabs.o)
 .ARM.attributes
                0x0000000000000751       0x2e /home/jurica/opt/xPacks/@xpack-dev-tools/arm-none-eabi-gcc/9.2.1-1.1.1/.content/bin/../lib/gcc/arm-none-eabi/9.2.1/../../../../arm-none-eabi/lib/thumb/v7e-m/nofp/libm.a(lib_a-s_floor.o)
 .ARM.attributes
                0x000000000000077f       0x2e /home/jurica/opt/xPacks/@xpack-dev-tools/arm-none-eabi-gcc/9.2.1-1.1.1/.content/bin/../lib/gcc/arm-none-eabi/9.2.1/../../../../arm-none-eabi/lib/thumb/v7e-m/nofp/libm.a(lib_a-s_scalbn.o)
 .ARM.attributes
                0x00000000000007ad       0x1e /home/jurica/opt/xPacks/@xpack-dev-tools/arm-none-eabi-gcc/9.2.1-1.1.1/.content/bin/../lib/gcc/arm-none-eabi/9.2.1/thumb/v7e-m/nofp/libgcc.a(_arm_addsubdf3.o)
 .ARM.attributes
                0x00000000000007cb       0x1e /home/jurica/opt/xPacks/@xpack-dev-tools/arm-none-eabi-gcc/9.2.1-1.1.1/.content/bin/../lib/gcc/arm-none-eabi/9.2.1/thumb/v7e-m/nofp/libgcc.a(_arm_muldivdf3.o)
 .ARM.attributes
                0x00000000000007e9       0x1e /home/jurica/opt/xPacks/@xpack-dev-tools/arm-none-eabi-gcc/9.2.1-1.1.1/.content/bin/../lib/gcc/arm-none-eabi/9.2.1/thumb/v7e-m/nofp/libgcc.a(_arm_cmpdf2.o)
 .ARM.attributes
                0x0000000000000807       0x1e /home/jurica/opt/xPacks/@xpack-dev-tools/arm-none-eabi-gcc/9.2.1-1.1.1/.content/bin/../lib/gcc/arm-none-eabi/9.2.1/thumb/v7e-m/nofp/libgcc.a(_arm_fixdfsi.o)
 .ARM.attributes
                0x0000000000000825       0x1e /home/jurica/opt/xPacks/@xpack-dev-tools/arm-none-eabi-gcc/9.2.1-1.1.1/.content/bin/../lib/gcc/arm-none-eabi/9.2.1/thumb/v7e-m/nofp/libgcc.a(_arm_fixunsdfsi.o)
 .ARM.attributes
                0x0000000000000843       0x1e /home/jurica/opt/xPacks/@xpack-dev-tools/arm-none-eabi-gcc/9.2.1-1.1.1/.content/bin/../lib/gcc/arm-none-eabi/9.2.1/thumb/v7e-m/nofp/libgcc.a(_arm_addsubsf3.o)
 .ARM.attributes
                0x0000000000000861       0x1e /home/jurica/opt/xPacks/@xpack-dev-tools/arm-none-eabi-gcc/9.2.1-1.1.1/.content/bin/../lib/gcc/arm-none-eabi/9.2.1/thumb/v7e-m/nofp/libgcc.a(_arm_muldivsf3.o)
 .ARM.attributes
                0x000000000000087f       0x1e /home/jurica/opt/xPacks/@xpack-dev-tools/arm-none-eabi-gcc/9.2.1-1.1.1/.content/bin/../lib/gcc/arm-none-eabi/9.2.1/thumb/v7e-m/nofp/libgcc.a(_arm_cmpsf2.o)
 .ARM.attributes
                0x000000000000089d       0x1e /home/jurica/opt/xPacks/@xpack-dev-tools/arm-none-eabi-gcc/9.2.1-1.1.1/.content/bin/../lib/gcc/arm-none-eabi/9.2.1/thumb/v7e-m/nofp/libgcc.a(_arm_fixsfsi.o)
 .ARM.attributes
                0x00000000000008bb       0x1e /home/jurica/opt/xPacks/@xpack-dev-tools/arm-none-eabi-gcc/9.2.1-1.1.1/.content/bin/../lib/gcc/arm-none-eabi/9.2.1/thumb/v7e-m/nofp/libgcc.a(_aeabi_uldivmod.o)
 .ARM.attributes
                0x00000000000008d9       0x2e /home/jurica/opt/xPacks/@xpack-dev-tools/arm-none-eabi-gcc/9.2.1-1.1.1/.content/bin/../lib/gcc/arm-none-eabi/9.2.1/thumb/v7e-m/nofp/libgcc.a(_udivmoddi4.o)
 .ARM.attributes
                0x0000000000000907       0x1e /home/jurica/opt/xPacks/@xpack-dev-tools/arm-none-eabi-gcc/9.2.1-1.1.1/.content/bin/../lib/gcc/arm-none-eabi/9.2.1/thumb/v7e-m/nofp/libgcc.a(_dvmd_tls.o)
 .ARM.attributes
                0x0000000000000925       0x2e /home/jurica/opt/xPacks/@xpack-dev-tools/arm-none-eabi-gcc/9.2.1-1.1.1/.content/bin/../lib/gcc/arm-none-eabi/9.2.1/../../../../arm-none-eabi/lib/thumb/v7e-m/nofp/libg_nano.a(lib_a-errno.o)
 .ARM.attributes
                0x0000000000000953       0x2e /home/jurica/opt/xPacks/@xpack-dev-tools/arm-none-eabi-gcc/9.2.1-1.1.1/.content/bin/../lib/gcc/arm-none-eabi/9.2.1/../../../../arm-none-eabi/lib/thumb/v7e-m/nofp/libg_nano.a(lib_a-impure.o)
 .ARM.attributes
                0x0000000000000981       0x2e /home/jurica/opt/xPacks/@xpack-dev-tools/arm-none-eabi-gcc/9.2.1-1.1.1/.content/bin/../lib/gcc/arm-none-eabi/9.2.1/../../../../arm-none-eabi/lib/thumb/v7e-m/nofp/libg_nano.a(lib_a-memcpy-stub.o)
 .ARM.attributes
                0x00000000000009af       0x2e /home/jurica/opt/xPacks/@xpack-dev-tools/arm-none-eabi-gcc/9.2.1-1.1.1/.content/bin/../lib/gcc/arm-none-eabi/9.2.1/../../../../arm-none-eabi/lib/thumb/v7e-m/nofp/libg_nano.a(lib_a-memset.o)
 .ARM.attributes
                0x00000000000009dd       0x2e /home/jurica/opt/xPacks/@xpack-dev-tools/arm-none-eabi-gcc/9.2.1-1.1.1/.content/bin/../lib/gcc/arm-none-eabi/9.2.1/../../../../arm-none-eabi/lib/thumb/v7e-m/nofp/libg_nano.a(lib_a-nano-vfprintf_float.o)
 .ARM.attributes
                0x0000000000000a0b       0x2e /home/jurica/opt/xPacks/@xpack-dev-tools/arm-none-eabi-gcc/9.2.1-1.1.1/.content/bin/../lib/gcc/arm-none-eabi/9.2.1/../../../../arm-none-eabi/lib/thumb/v7e-m/nofp/libg_nano.a(lib_a-nano-vfprintf_i.o)
 .ARM.attributes
                0x0000000000000a39       0x2e /home/jurica/opt/xPacks/@xpack-dev-tools/arm-none-eabi-gcc/9.2.1-1.1.1/.content/bin/../lib/gcc/arm-none-eabi/9.2.1/../../../../arm-none-eabi/lib/thumb/v7e-m/nofp/libg_nano.a(lib_a-sprintf.o)
 .ARM.attributes
                0x0000000000000a67       0x17 /home/jurica/opt/xPacks/@xpack-dev-tools/arm-none-eabi-gcc/9.2.1-1.1.1/.content/bin/../lib/gcc/arm-none-eabi/9.2.1/../../../../arm-none-eabi/lib/thumb/v7e-m/nofp/libg_nano.a(lib_a-strlen.o)
 .ARM.attributes
                0x0000000000000a7e       0x2e /home/jurica/opt/xPacks/@xpack-dev-tools/arm-none-eabi-gcc/9.2.1-1.1.1/.content/bin/../lib/gcc/arm-none-eabi/9.2.1/../../../../arm-none-eabi/lib/thumb/v7e-m/nofp/libg_nano.a(lib_a-vsnprintf.o)
 .ARM.attributes
                0x0000000000000aac       0x2e /home/jurica/opt/xPacks/@xpack-dev-tools/arm-none-eabi-gcc/9.2.1-1.1.1/.content/bin/../lib/gcc/arm-none-eabi/9.2.1/../../../../arm-none-eabi/lib/thumb/v7e-m/nofp/libg_nano.a(lib_a-dtoa.o)
 .ARM.attributes
                0x0000000000000ada       0x2e /home/jurica/opt/xPacks/@xpack-dev-tools/arm-none-eabi-gcc/9.2.1-1.1.1/.content/bin/../lib/gcc/arm-none-eabi/9.2.1/../../../../arm-none-eabi/lib/thumb/v7e-m/nofp/libg_nano.a(lib_a-localeconv.o)
 .ARM.attributes
                0x0000000000000b08       0x2e /home/jurica/opt/xPacks/@xpack-dev-tools/arm-none-eabi-gcc/9.2.1-1.1.1/.content/bin/../lib/gcc/arm-none-eabi/9.2.1/../../../../arm-none-eabi/lib/thumb/v7e-m/nofp/libg_nano.a(lib_a-malloc.o)
 .ARM.attributes
                0x0000000000000b36       0x1c /home/jurica/opt/xPacks/@xpack-dev-tools/arm-none-eabi-gcc/9.2.1-1.1.1/.content/bin/../lib/gcc/arm-none-eabi/9.2.1/../../../../arm-none-eabi/lib/thumb/v7e-m/nofp/libg_nano.a(lib_a-memchr.o)
 .ARM.attributes
                0x0000000000000b52       0x2e /home/jurica/opt/xPacks/@xpack-dev-tools/arm-none-eabi-gcc/9.2.1-1.1.1/.content/bin/../lib/gcc/arm-none-eabi/9.2.1/../../../../arm-none-eabi/lib/thumb/v7e-m/nofp/libg_nano.a(lib_a-mprec.o)
 .ARM.attributes