Archive member included to satisfy reference by file (symbol)

/home/jurica/opt/xPacks/@xpack-dev-tools/arm-none-eabi-gcc/9.2.1-1.1.1/.content/bin/../lib/gcc/arm-none-eabi/9.2.1/../../../../arm-none-eabi/lib/thumb/v7e-m/nofp/libm.a(lib_a-s_sin.o)
                              ./src/misc.o (sin)
/home/jurica/opt/xPacks/@xpack-dev-tools/arm-none-eabi-gcc/9.2.1-1.1.1/.content/bin/../lib/gcc/arm-none-eabi/9.2.1/../../../../arm-none-eabi/lib/thumb/v7e-m/nofp/libm.a(lib_a-e_rem_pio2.o)
                              /home/jurica/opt/xPacks/@xpack-dev-tools/arm-none-eabi-gcc/9.2.1-1.1.1/.content/bin/../lib/gcc/arm-none-eabi/9.2.1/../../../../arm-none-eabi/lib/thumb/v7e-m/nofp/libm.a(lib_a-s_sin.o) (__ieee754_rem_pio2)
/home/jurica/opt/xPacks/@xpack-dev-tools/arm-none-eabi-gcc/9.2.1-1.1.1/.content/bin/../lib/gcc/arm-none-eabi/9.2.1/../../../../arm-none-eabi/lib/thumb/v7e-m/nofp/libm.a(lib_a-k_cos.o)
                              /home/jurica/opt/xPacks/@xpack-dev-tools/arm-none-eabi-gcc/9.2.1-1.1.1/.content/bin/../lib/gcc/arm-none-eabi/9.2.1/../../../../arm-none-eabi/lib/thumb/v7e-m/nofp/libm.a(lib_a-s_sin.o) (__kernel_cos)
/home/jurica/opt/xPacks/@xpack-dev-tools/arm-none-eabi-gcc/9.2.1-1.1.1/.content/bin/../lib/gcc/arm-none-eabi/9.2.1/../../../../arm-none-eabi/lib/thumb/v7e-m/nofp/libm.a(lib_a-k_rem_pio2.o)
                              /home/jurica/opt/xPacks/@xpack-dev-tools/arm-none-eabi-gcc/9.2.1-1.1.1/.content/bin/../lib/gcc/arm-none-eabi/9.2.1/../../../../arm-none-eabi/lib/thumb/v7e-m/nofp/libm.a(lib_a-e_rem_pio2.o) (__kernel_rem_pio2)
/home/jurica/opt/xPacks/@xpack-dev-tools/arm-none-eabi-gcc/9.2.1-1.1.1/.content/bin/../lib/gcc/arm-none-eabi/9.2.1/../../../../arm-none-eabi/lib/thumb/v7e-m/nofp/libm.a(lib_a-k_sin.o)
                              /home/jurica/opt/xPacks/@xpack-dev-tools/arm-none-eabi-gcc/9.2.1-1.1.1/.content/bin/../lib/gcc/arm-none-eabi/9.2.1/../../../../arm-none-eabi/lib/thumb/v7e-m/nofp/libm.a(lib_a-s_sin.o) (__kernel_sin)
/home/jurica/opt/xPacks/@xpack-dev-tools/arm-none-eabi-gcc/9.2.1-1.1.1/.content/bin/../lib/gcc/arm-none-eabi/9.2.1/../../../../arm-none-eabi/lib/thumb/v7e-m/nofp/libm.a(lib_a-s_fabs.o)
                              /home/jurica/opt/xPacks/@xpack-dev-tools/arm-none-eabi-gcc/9.2.1-1.1.1/.content/bin/../lib/gcc/arm-none-eabi/9.2.1/../../../../arm-none-eabi/lib/thumb/v7e-m/nofp/libm.a(lib_a-e_rem_pio2.o) (fabs)
/home/jurica/opt/xPacks/@xpack-dev-tools/arm-none-eabi-gcc/9.2.1-1.1.1/.content/bin/../lib/gcc/arm-none-eabi/9.2.1/../../../../arm-none-eabi/lib/thumb/v7e-m/nofp/libm.a(lib_a-s_floor.o)
                              /home/jurica/opt/xPacks/@xpack-dev-tools/arm-none-eabi-gcc/9.2.1-1.1.1/.content/bin/../lib/gcc/arm-none-eabi/9.2.1/../../../../arm-none-eabi/lib/thumb/v7e-m/nofp/libm.a(lib_a-k_rem_pio2.o) (floor)
/home/jurica/opt/xPacks/@xpack-dev-tools/arm-none-eabi-gcc/9.2.1-1.1.1/.content/bin/../lib/gcc/arm-none-eabi/9.2.1/../../../../arm-none-eabi/lib/thumb/v7e-m/nofp/libm.a(lib_a-s_scalbn.o)
                              /home/jurica/opt/xPacks/@xpack-dev-tools/arm-none-eabi-gcc/9.2.1-1.1.1/.content/bin/../lib/gcc/arm-none-eabi/9.2.1/../../../../arm-none-eabi/lib/thumb/v7e-m/nofp/libm.a(lib_a-k_rem_pio2.o) (scalbn)
/home/jurica/opt/xPacks/@xpack-dev-tools/arm-none-eabi-gcc/9.2.1-1.1.1/.content/bin/../lib/gcc/arm-none-eabi/9.2.1/thumb/v7e-m/nofp/libgcc.a(_arm_muldf3.o)
                              ./src/RTC_ds3231.o (__aeabi_dmul)
/home/jurica/opt/xPacks/@xpack-dev-tools/arm-none-eabi-gcc/9.2.1-1.1.1/.content/bin/../lib/gcc/arm-none-eabi/9.2.1/thumb/v7e-m/nofp/libgcc.a(_arm_mulsf3.o)
                              ./src/DS18B20_water_temp.o (__aeabi_fmul)
/home/jurica/opt/xPacks/@xpack-dev-tools/arm-none-eabi-gcc/9.2.1-1.1.1/.content/bin/../lib/gcc/arm-none-eabi/9.2.1/thumb/v7e-m/nofp/libgcc.a(_arm_addsubdf3.o)
                              /home/jurica/opt/xPacks/@xpack-dev-tools/arm-none-eabi-gcc/9.2.1-1.1.1/.content/bin/../lib/gcc/arm-none-eabi/9.2.1/../../../../arm-none-eabi/lib/thumb/v7e-m/nofp/libm.a(lib_a-s_sin.o) (__aeabi_dsub)
/home/jurica/opt/xPacks/@xpack-dev-tools/arm-none-eabi-gcc/9.2.1-1.1.1/.content/bin/../lib/gcc/arm-none-eabi/9.2.1/thumb/v7e-m/nofp/libgcc.a(_arm_muldivdf3.o)
                              ./src/misc.o (__aeabi_ddiv)
/home/jurica/opt/xPacks/@xpack-dev-tools/arm-none-eabi-gcc/9.2.1-1.1.1/.content/bin/../lib/gcc/arm-none-eabi/9.2.1/thumb/v7e-m/nofp/libgcc.a(_arm_cmpdf2.o)
                              /home/jurica/opt/xPacks/@xpack-dev-tools/arm-none-eabi-gcc/9.2.1-1.1.1/.content/bin/../lib/gcc/arm-none-eabi/9.2.1/../../../../arm-none-eabi/lib/thumb/v7e-m/nofp/libm.a(lib_a-e_rem_pio2.o) (__aeabi_dcmpeq)
/home/jurica/opt/xPacks/@xpack-dev-tools/arm-none-eabi-gcc/9.2.1-1.1.1/.content/bin/../lib/gcc/arm-none-eabi/9.2.1/thumb/v7e-m/nofp/libgcc.a(_arm_fixdfsi.o)
[...]
Memory Configuration

Name             Origin             Length             Attributes
FLASH            0x0000000008000000 0x0000000000200000 xr
RAM              0x0000000020000000 0x0000000000030000 xrw
CCMRAM           0x0000000010000000 0x0000000000010000 xrw
FLASHB1          0x0000000000000000 0x0000000000000000 xr
EXTMEMB0         0x0000000000000000 0x0000000000000000 xr
EXTMEMB1         0x0000000000000000 0x0000000000000000 xr
EXTMEMB2         0x0000000000000000 0x0000000000000000 xr
EXTMEMB3         0x0000000000000000 0x0000000000000000 xr
*default*        0x0000000000000000 0xffffffffffffffff

Linker script and memory map

LOAD ./system/src/stm32f4xx/stm32f4xx_hal.o
LOAD ./system/src/stm32f4xx/stm32f4xx_hal_cortex.o
LOAD ./system/src/stm32f4xx/stm32f4xx_hal_dac.o
LOAD ./system/src/stm32f4xx/stm32f4xx_hal_dac_ex.o
LOAD ./system/src/stm32f4xx/stm32f4xx_hal_dma.o
LOAD ./system/src/stm32f4xx/stm32f4xx_hal_dma_ex.o
LOAD ./system/src/stm32f4xx/stm32f4xx_hal_exti.o
LOAD ./system/src/stm32f4xx/stm32f4xx_hal_flash.o
LOAD ./system/src/stm32f4xx/stm32f4xx_hal_flash_ex.o
LOAD ./system/src/stm32f4xx/stm32f4xx_hal_flash_ramfunc.o
LOAD ./system/src/stm32f4xx/stm32f4xx_hal_gpio.o
LOAD ./system/src/stm32f4xx/stm32f4xx_hal_i2c.o
LOAD ./system/src/stm32f4xx/stm32f4xx_hal_i2c_ex.o
LOAD ./system/src/stm32f4xx/stm32f4xx_hal_pwr.o
LOAD ./system/src/stm32f4xx/stm32f4xx_hal_pwr_ex.o
LOAD ./system/src/stm32f4xx/stm32f4xx_hal_rcc.o
LOAD ./system/src/stm32f4xx/stm32f4xx_hal_rcc_ex.o
LOAD ./system/src/stm32f4xx/stm32f4xx_hal_rtc.o
LOAD ./system/src/stm32f4xx/stm32f4xx_hal_rtc_ex.o
LOAD ./system/src/stm32f4xx/stm32f4xx_hal_tim.o
LOAD ./system/src/stm32f4xx/stm32f4xx_hal_tim_ex.o
LOAD ./system/src/stm32f4xx/stm32f4xx_hal_uart.o
LOAD ./system/src/stm32f4xx/stm32f4xx_hal_usart.o
LOAD ./system/src/newlib/_cxx.o
LOAD ./system/src/newlib/_exit.o
LOAD ./system/src/newlib/_sbrk.o
LOAD ./system/src/newlib/_startup.o
LOAD ./system/src/newlib/_syscalls.o
LOAD ./system/src/newlib/assert.o
LOAD ./system/src/diag/Trace.o
LOAD ./system/src/diag/trace_impl.o
LOAD ./system/src/cortexm/_initialize_hardware.o
LOAD ./system/src/cortexm/_reset_hardware.o
LOAD ./system/src/cortexm/exception_handlers.o
LOAD ./system/src/cmsis/startup_stm32f429xx.o
LOAD ./src/DHT11_humidity_temp.o
LOAD ./src/DS18B20_water_temp.o
LOAD ./src/LCD_pcf8574.o
LOAD ./src/RTC_ds3231.o
LOAD ./src/_write.o
LOAD ./src/alarms_and_security.o
LOAD ./src/blinds.o
LOAD ./src/boiler.o
LOAD ./src/esp8266.o
LOAD ./src/light_mgmt.o
LOAD ./src/main.o
LOAD ./src/misc.o
LOAD ./src/stm32f4xx_hal_msp.o
LOAD ./src/stm32f4xx_it.o
LOAD ./src/syscalls.o
LOAD ./src/system_init.o
LOAD ./src/system_stm32f4xx.o
LOAD ./src/ventilation_and_heating.o
LOAD /home/jurica/opt/xPacks/@xpack-dev-tools/arm-none-eabi-gcc/9.2.1-1.1.1/.content/bin/../lib/gcc/arm-none-eabi/9.2.1/../../../../arm-none-eabi/lib/thumb/v7e-m/nofp/libstdc++_nano.a
LOAD /home/jurica/opt/xPacks/@xpack-dev-tools/arm-none-eabi-gcc/9.2.1-1.1.1/.content/bin/../lib/gcc/arm-none-eabi/9.2.1/../../../../arm-none-eabi/lib/thumb/v7e-m/nofp/libm.a
START GROUP
LOAD /home/jurica/opt/xPacks/@xpack-dev-tools/arm-none-eabi-gcc/9.2.1-1.1.1/.content/bin/../lib/gcc/arm-none-eabi/9.2.1/thumb/v7e-m/nofp/libgcc.a
LOAD /home/jurica/opt/xPacks/@xpack-dev-tools/arm-none-eabi-gcc/9.2.1-1.1.1/.content/bin/../lib/gcc/arm-none-eabi/9.2.1/../../../../arm-none-eabi/lib/thumb/v7e-m/nofp/libg_nano.a
LOAD /home/jurica/opt/xPacks/@xpack-dev-tools/arm-none-eabi-gcc/9.2.1-1.1.1/.content/bin/../lib/gcc/arm-none-eabi/9.2.1/../../../../arm-none-eabi/lib/thumb/v7e-m/nofp/libc_nano.a
END GROUP
START GROUP
LOAD /home/jurica/opt/xPacks/@xpack-dev-tools/arm-none-eabi-gcc/9.2.1-1.1.1/.content/bin/../lib/gcc/arm-none-eabi/9.2.1/thumb/v7e-m/nofp/libgcc.a
LOAD /home/jurica/opt/xPacks/@xpack-dev-tools/arm-none-eabi-gcc/9.2.1-1.1.1/.content/bin/../lib/gcc/arm-none-eabi/9.2.1/../../../../arm-none-eabi/lib/thumb/v7e-m/nofp/libc_nano.a
END GROUP
                0x0000000020030000                __stack = (ORIGIN (RAM) + LENGTH (RAM))
                0x0000000020030000                _estack = __stack
                0x0000000000000400                __Main_Stack_Size = 0x400
                [!provide]                        PROVIDE (_Main_Stack_Size = __Main_Stack_Size)
                0x000000002002fc00                __Main_Stack_Limit = (__stack - __Main_Stack_Size)
                [!provide]                        PROVIDE (_Main_Stack_Limit = __Main_Stack_Limit)
                0x0000000000000100                _Minimum_Stack_Size = 0x100
                0x00000000200006d8                PROVIDE (_Heap_Begin = _end_noinit)
                0x000000002002fc00                PROVIDE (_Heap_Limit = (__stack - __Main_Stack_Size))

.isr_vector     0x0000000008000000      0x3ec
 FILL mask 0xff
                0x0000000008000000                __vectors_start = ABSOLUTE (.)
                0x0000000008000000                __vectors_start__ = ABSOLUTE (.)
 *(.isr_vector)
 .isr_vector    0x0000000008000000      0x1ac ./system/src/cmsis/startup_stm32f429xx.o
                0x0000000008000000                g_pfnVectors
 *(.cfmconfig)
 *(.after_vectors .after_vectors.*)
 .after_vectors
                0x00000000080001ac      0x114 ./system/src/newlib/_startup.o
                0x00000000080001ac                _start
 .after_vectors
                0x00000000080002c0      0x12c ./system/src/cortexm/exception_handlers.o
                0x00000000080002c0                Reset_Handler
                0x00000000080002de                HardFault_Handler_C
                0x0000000008000354                BusFault_Handler_C
                0x000000000800039c                UsageFault_Handler_C

.inits          0x00000000080003ec       0x28
                0x00000000080003ec                __data_regions_array_start = .
                0x00000000080003ec        0x4 LONG 0x800c1f0 LOADADDR (.data)
                0x00000000080003f0        0x4 LONG 0x20000000 ADDR (.data)
                0x00000000080003f4        0x4 LONG 0x200001ec (ADDR (.data) + SIZEOF (.data))
                0x00000000080003f8        0x4 LONG 0x800c1f0 LOADADDR (.data_CCMRAM)
                0x00000000080003fc        0x4 LONG 0x10000000 ADDR (.data_CCMRAM)
                0x0000000008000400        0x4 LONG 0x10000000 (ADDR (.data_CCMRAM) + SIZEOF (.data_CCMRAM))
                0x0000000008000404                __data_regions_array_end = .
                0x0000000008000404                __bss_regions_array_start = .
                0x0000000008000404        0x4 LONG 0x200001ec ADDR (.bss)
                0x0000000008000408        0x4 LONG 0x200006d8 (ADDR (.bss) + SIZEOF (.bss))
                0x000000000800040c        0x4 LONG 0x10000000 ADDR (.bss_CCMRAM)
                0x0000000008000410        0x4 LONG 0x10000000 (ADDR (.bss_CCMRAM) + SIZEOF (.bss_CCMRAM))
                0x0000000008000414                __bss_regions_array_end = .
 *(.init)
 *(.fini)
                0x0000000008000414                . = ALIGN (0x4)
                0x0000000008000414                PROVIDE (__preinit_array_start = .)
 *(.preinit_array_sysinit .preinit_array_sysinit.*)
 *(.preinit_array_platform .preinit_array_platform.*)
 *(.preinit_array .preinit_array.*)
                0x0000000008000414                PROVIDE (__preinit_array_end = .)
                0x0000000008000414                . = ALIGN (0x4)
                0x0000000008000414                PROVIDE (__init_array_start = .)
 *(SORT_BY_NAME(.init_array.*))
 *(.init_array)
                0x0000000008000414                PROVIDE (__init_array_end = .)
                0x0000000008000414                . = ALIGN (0x4)
                0x0000000008000414                PROVIDE (__fini_array_start = .)
 *(SORT_BY_NAME(.fini_array.*))
 *(.fini_array)
                0x0000000008000414                PROVIDE (__fini_array_end = .)

.flashtext
 *(.flashtext .flashtext.*)

.text           0x0000000008000420     0xbdc8
 *(.text .text.*)
 .text.HAL_InitTick
                0x0000000008000420       0x4c ./system/src/stm32f4xx/stm32f4xx_hal.o
                0x0000000008000420                HAL_InitTick
 .text.HAL_Init
                0x000000000800046c       0x34 ./system/src/stm32f4xx/stm32f4xx_hal.o
                0x000000000800046c                HAL_Init
 .text.HAL_IncTick
                0x00000000080004a0       0x18 ./system/src/stm32f4xx/stm32f4xx_hal.o
                0x00000000080004a0                HAL_IncTick
 .text.HAL_GetTick
                0x00000000080004b8        0xc ./system/src/stm32f4xx/stm32f4xx_hal.o
                0x00000000080004b8                HAL_GetTick
 .text.HAL_Delay
                0x00000000080004c4       0x28 ./system/src/stm32f4xx/stm32f4xx_hal.o
                0x00000000080004c4                HAL_Delay
 .text.HAL_NVIC_SetPriorityGrouping
                0x00000000080004ec       0x3c ./system/src/stm32f4xx/stm32f4xx_hal_cortex.o
                0x00000000080004ec                HAL_NVIC_SetPriorityGrouping
 .text.HAL_NVIC_SetPriority
                0x0000000008000528       0x8c ./system/src/stm32f4xx/stm32f4xx_hal_cortex.o
                0x0000000008000528                HAL_NVIC_SetPriority
 .text.HAL_NVIC_EnableIRQ
                0x00000000080005b4       0x30 ./system/src/stm32f4xx/stm32f4xx_hal_cortex.o
                0x00000000080005b4                HAL_NVIC_EnableIRQ
 .text.HAL_SYSTICK_Config
                0x00000000080005e4       0x2c ./system/src/stm32f4xx/stm32f4xx_hal_cortex.o
                0x00000000080005e4                HAL_SYSTICK_Config
 .text.HAL_SYSTICK_CLKSourceConfig
                0x0000000008000610       0x3c ./system/src/stm32f4xx/stm32f4xx_hal_cortex.o
                0x0000000008000610                HAL_SYSTICK_CLKSourceConfig
 .text.HAL_DAC_Init
                0x000000000800064c       0x40 ./system/src/stm32f4xx/stm32f4xx_hal_dac.o
                0x000000000800064c                HAL_DAC_Init
 .text.HAL_DAC_Start_DMA
                0x000000000800068c      0x124 ./system/src/stm32f4xx/stm32f4xx_hal_dac.o
                0x000000000800068c                HAL_DAC_Start_DMA
 .text.HAL_DAC_Stop_DMA
                0x00000000080007b0       0x58 ./system/src/stm32f4xx/stm32f4xx_hal_dac.o
                0x00000000080007b0                HAL_DAC_Stop_DMA
 .text.HAL_DAC_ConvCpltCallbackCh1
                0x0000000008000808        0x2 ./system/src/stm32f4xx/stm32f4xx_hal_dac.o
                0x0000000008000808                HAL_DAC_ConvCpltCallbackCh1
 .text.DAC_DMAConvCpltCh1
                0x000000000800080a       0x10 ./system/src/stm32f4xx/stm32f4xx_hal_dac.o
 .text.HAL_DAC_ConvHalfCpltCallbackCh1
                0x000000000800081a        0x2 ./system/src/stm32f4xx/stm32f4xx_hal_dac.o
                0x000000000800081a                HAL_DAC_ConvHalfCpltCallbackCh1
 .text.DAC_DMAHalfConvCpltCh1
                0x000000000800081c        0xa ./system/src/stm32f4xx/stm32f4xx_hal_dac.o
 .text.HAL_DAC_ErrorCallbackCh1
                0x0000000008000826        0x2 ./system/src/stm32f4xx/stm32f4xx_hal_dac.o
                0x0000000008000826                HAL_DAC_ErrorCallbackCh1
 .text.DAC_DMAErrorCh1
                0x0000000008000828       0x18 ./system/src/stm32f4xx/stm32f4xx_hal_dac.o
 .text.HAL_DAC_ConfigChannel
                0x0000000008000840       0xa8 ./system/src/stm32f4xx/stm32f4xx_hal_dac.o
                0x0000000008000840                HAL_DAC_ConfigChannel
 .text.HAL_DACEx_ConvCpltCallbackCh2
                0x00000000080008e8        0x2 ./system/src/stm32f4xx/stm32f4xx_hal_dac_ex.o
                0x00000000080008e8                HAL_DACEx_ConvCpltCallbackCh2
 .text.HAL_DACEx_ConvHalfCpltCallbackCh2
                0x00000000080008ea        0x2 ./system/src/stm32f4xx/stm32f4xx_hal_dac_ex.o
                0x00000000080008ea                HAL_DACEx_ConvHalfCpltCallbackCh2
 .text.HAL_DACEx_ErrorCallbackCh2
                0x00000000080008ec        0x2 ./system/src/stm32f4xx/stm32f4xx_hal_dac_ex.o
                0x00000000080008ec                HAL_DACEx_ErrorCallbackCh2
 .text.DAC_DMAConvCpltCh2
                0x00000000080008ee       0x10 ./system/src/stm32f4xx/stm32f4xx_hal_dac_ex.o
                0x00000000080008ee                DAC_DMAConvCpltCh2
 .text.DAC_DMAHalfConvCpltCh2
                0x00000000080008fe        0xa ./system/src/stm32f4xx/stm32f4xx_hal_dac_ex.o
                0x00000000080008fe                DAC_DMAHalfConvCpltCh2
 .text.DAC_DMAErrorCh2
                0x0000000008000908       0x18 ./system/src/stm32f4xx/stm32f4xx_hal_dac_ex.o
                0x0000000008000908                DAC_DMAErrorCh2
 .text.DMA_SetConfig
                0x0000000008000920       0x2c ./system/src/stm32f4xx/stm32f4xx_hal_dma.o
 .text.DMA_CalcBaseAndBitshift
                0x000000000800094c       0x40 ./system/src/stm32f4xx/stm32f4xx_hal_dma.o
 .text.DMA_CheckFifoParam
                0x000000000800098c       0x8e ./system/src/stm32f4xx/stm32f4xx_hal_dma.o
 *fill*         0x0000000008000a1a        0x2 
 .text.HAL_DMA_Init
                0x0000000008000a1c      0x290 ./system/src/stm32f4xx/stm32f4xx_hal_dma.o
                0x0000000008000a1c                HAL_DMA_Init
 .text.HAL_DMA_Start_IT
                0x0000000008000cac       0x98 ./system/src/stm32f4xx/stm32f4xx_hal_dma.o
                0x0000000008000cac                HAL_DMA_Start_IT
 .text.HAL_DMA_Abort
                0x0000000008000d44       0x94 ./system/src/stm32f4xx/stm32f4xx_hal_dma.o
                0x0000000008000d44                HAL_DMA_Abort
 .text.HAL_DMA_IRQHandler
                0x0000000008000dd8      0x1dc ./system/src/stm32f4xx/stm32f4xx_hal_dma.o
                0x0000000008000dd8                HAL_DMA_IRQHandler
 .text.HAL_DMA_GetError
                0x0000000008000fb4        0x4 ./system/src/stm32f4xx/stm32f4xx_hal_dma.o
                0x0000000008000fb4                HAL_DMA_GetError
 .text.HAL_GPIO_Init
                0x0000000008000fb8      0x31c ./system/src/stm32f4xx/stm32f4xx_hal_gpio.o
                0x0000000008000fb8                HAL_GPIO_Init
 .text.HAL_GPIO_ReadPin
                0x00000000080012d4       0x28 ./system/src/stm32f4xx/stm32f4xx_hal_gpio.o
                0x00000000080012d4                HAL_GPIO_ReadPin
 .text.HAL_GPIO_WritePin
                0x00000000080012fc       0x38 ./system/src/stm32f4xx/stm32f4xx_hal_gpio.o
                0x00000000080012fc                HAL_GPIO_WritePin
 .text.I2C_IsAcknowledgeFailed
                0x0000000008001334       0x32 ./system/src/stm32f4xx/stm32f4xx_hal_i2c.o
 .text.I2C_WaitOnFlagUntilTimeout
                0x0000000008001366       0x74 ./system/src/stm32f4xx/stm32f4xx_hal_i2c.o
 .text.I2C_WaitOnMasterAddressFlagUntilTimeout
                0x00000000080013da       0xaa ./system/src/stm32f4xx/stm32f4xx_hal_i2c.o
 .text.I2C_MasterRequestWrite
                0x0000000008001484       0xb4 ./system/src/stm32f4xx/stm32f4xx_hal_i2c.o
 .text.I2C_WaitOnTXEFlagUntilTimeout
                0x0000000008001538       0x54 ./system/src/stm32f4xx/stm32f4xx_hal_i2c.o
 .text.I2C_RequestMemoryRead
                0x000000000800158c      0x154 ./system/src/stm32f4xx/stm32f4xx_hal_i2c.o
 .text.I2C_WaitOnBTFFlagUntilTimeout
                0x00000000080016e0       0x54 ./system/src/stm32f4xx/stm32f4xx_hal_i2c.o
 .text.I2C_WaitOnRXNEFlagUntilTimeout
                0x0000000008001734       0x6a ./system/src/stm32f4xx/stm32f4xx_hal_i2c.o
 *fill*         0x000000000800179e        0x2 
 .text.HAL_I2C_Init
                0x00000000080017a0      0x2b0 ./system/src/stm32f4xx/stm32f4xx_hal_i2c.o
                0x00000000080017a0                HAL_I2C_Init
 .text.HAL_I2C_Master_Transmit
                0x0000000008001a50      0x178 ./system/src/stm32f4xx/stm32f4xx_hal_i2c.o
                0x0000000008001a50                HAL_I2C_Master_Transmit
 .text.HAL_I2C_Slave_Receive_DMA
                0x0000000008001bc8       0xe8 ./system/src/stm32f4xx/stm32f4xx_hal_i2c.o
                0x0000000008001bc8                HAL_I2C_Slave_Receive_DMA
 .text.HAL_I2C_Mem_Read
                0x0000000008001cb0      0x2f8 ./system/src/stm32f4xx/stm32f4xx_hal_i2c.o
                0x0000000008001cb0                HAL_I2C_Mem_Read
 .text.HAL_I2C_MasterRxCpltCallback
                0x0000000008001fa8        0x2 ./system/src/stm32f4xx/stm32f4xx_hal_i2c.o
                0x0000000008001fa8                HAL_I2C_MasterRxCpltCallback
 .text.HAL_I2C_SlaveRxCpltCallback
                0x0000000008001faa        0x2 ./system/src/stm32f4xx/stm32f4xx_hal_i2c.o
                0x0000000008001faa                HAL_I2C_SlaveRxCpltCallback
 .text.HAL_I2C_MemRxCpltCallback
                0x0000000008001fac        0x2 ./system/src/stm32f4xx/stm32f4xx_hal_i2c.o
                0x0000000008001fac                HAL_I2C_MemRxCpltCallback
 .text.HAL_I2C_ErrorCallback
                0x0000000008001fae        0x2 ./system/src/stm32f4xx/stm32f4xx_hal_i2c.o
                0x0000000008001fae                HAL_I2C_ErrorCallback
 .text.I2C_DMAError
                0x0000000008001fb0       0x46 ./system/src/stm32f4xx/stm32f4xx_hal_i2c.o
 .text.I2C_DMAXferCplt
                0x0000000008001ff6      0x122 ./system/src/stm32f4xx/stm32f4xx_hal_i2c.o
 .text.HAL_I2CEx_ConfigAnalogFilter
                0x0000000008002118       0x84 ./system/src/stm32f4xx/stm32f4xx_hal_i2c_ex.o
                0x0000000008002118                HAL_I2CEx_ConfigAnalogFilter
 .text.HAL_I2CEx_ConfigDigitalFilter
                0x000000000800219c       0x80 ./system/src/stm32f4xx/stm32f4xx_hal_i2c_ex.o
                0x000000000800219c                HAL_I2CEx_ConfigDigitalFilter
 .text.HAL_PWREx_EnableOverDrive
                0x000000000800221c       0x80 ./system/src/stm32f4xx/stm32f4xx_hal_pwr_ex.o
                0x000000000800221c                HAL_PWREx_EnableOverDrive
 .text.HAL_RCC_OscConfig
                0x000000000800229c      0x4f8 ./system/src/stm32f4xx/stm32f4xx_hal_rcc.o
                0x000000000800229c                HAL_RCC_OscConfig
 .text.HAL_RCC_GetSysClockFreq
                0x0000000008002794       0xcc ./system/src/stm32f4xx/stm32f4xx_hal_rcc.o
                0x0000000008002794                HAL_RCC_GetSysClockFreq
 .text.HAL_RCC_ClockConfig
                0x0000000008002860      0x21c ./system/src/stm32f4xx/stm32f4xx_hal_rcc.o
                0x0000000008002860                HAL_RCC_ClockConfig
 .text.HAL_RCC_GetHCLKFreq
                0x0000000008002a7c        0xc ./system/src/stm32f4xx/stm32f4xx_hal_rcc.o
                0x0000000008002a7c                HAL_RCC_GetHCLKFreq
 .text.HAL_RCC_GetPCLK1Freq
                0x0000000008002a88       0x20 ./system/src/stm32f4xx/stm32f4xx_hal_rcc.o
                0x0000000008002a88                HAL_RCC_GetPCLK1Freq
 .text.HAL_RCCEx_PeriphCLKConfig
                0x0000000008002aa8      0x4a0 ./system/src/stm32f4xx/stm32f4xx_hal_rcc_ex.o
                0x0000000008002aa8                HAL_RCCEx_PeriphCLKConfig
 .text.TIM_TI1_ConfigInputStage
                0x0000000008002f48       0x24 ./system/src/stm32f4xx/stm32f4xx_hal_tim.o
 .text.TIM_TI2_ConfigInputStage
                0x0000000008002f6c       0x26 ./system/src/stm32f4xx/stm32f4xx_hal_tim.o
 .text.TIM_ITRx_SetConfig
                0x0000000008002f92       0x10 ./system/src/stm32f4xx/stm32f4xx_hal_tim.o
 *fill*         0x0000000008002fa2        0x2 
 .text.TIM_OC1_SetConfig
                0x0000000008002fa4       0xb4 ./system/src/stm32f4xx/stm32f4xx_hal_tim.o
 .text.TIM_OC3_SetConfig
                0x0000000008003058       0xbc ./system/src/stm32f4xx/stm32f4xx_hal_tim.o
 .text.TIM_OC4_SetConfig
                0x0000000008003114       0x74 ./system/src/stm32f4xx/stm32f4xx_hal_tim.o
 .text.HAL_TIM_Base_MspInit
                0x0000000008003188        0x2 ./system/src/stm32f4xx/stm32f4xx_hal_tim.o
                0x0000000008003188                HAL_TIM_Base_MspInit
 *fill*         0x000000000800318a        0x2 
 .text.HAL_TIM_Base_Start
                0x000000000800318c       0xa8 ./system/src/stm32f4xx/stm32f4xx_hal_tim.o
                0x000000000800318c                HAL_TIM_Base_Start
 .text.HAL_TIM_PWM_MspInit
                0x0000000008003234        0x2 ./system/src/stm32f4xx/stm32f4xx_hal_tim.o
                0x0000000008003234                HAL_TIM_PWM_MspInit
 .text.HAL_TIM_Encoder_MspInit
                0x0000000008003236        0x2 ./system/src/stm32f4xx/stm32f4xx_hal_tim.o
                0x0000000008003236                HAL_TIM_Encoder_MspInit
 .text.HAL_TIM_PWM_GetState
                0x0000000008003238        0x6 ./system/src/stm32f4xx/stm32f4xx_hal_tim.o
                0x0000000008003238                HAL_TIM_PWM_GetState
 *fill*         0x000000000800323e        0x2 
 .text.TIM_Base_SetConfig
                0x0000000008003240       0xc8 ./system/src/stm32f4xx/stm32f4xx_hal_tim.o
                0x0000000008003240                TIM_Base_SetConfig
 .text.HAL_TIM_Base_Init
                0x0000000008003308      0x108 ./system/src/stm32f4xx/stm32f4xx_hal_tim.o
                0x0000000008003308                HAL_TIM_Base_Init
 .text.HAL_TIM_PWM_Init
                0x0000000008003410      0x108 ./system/src/stm32f4xx/stm32f4xx_hal_tim.o
                0x0000000008003410                HAL_TIM_PWM_Init
 .text.HAL_TIM_Encoder_Init
                0x0000000008003518      0x21c ./system/src/stm32f4xx/stm32f4xx_hal_tim.o
                0x0000000008003518                HAL_TIM_Encoder_Init
 .text.TIM_OC2_SetConfig
                0x0000000008003734       0xc0 ./system/src/stm32f4xx/stm32f4xx_hal_tim.o
                0x0000000008003734                TIM_OC2_SetConfig
 .text.HAL_TIM_PWM_ConfigChannel
                0x00000000080037f4      0x278 ./system/src/stm32f4xx/stm32f4xx_hal_tim.o
                0x00000000080037f4                HAL_TIM_PWM_ConfigChannel
 .text.TIM_ETR_SetConfig
                0x0000000008003a6c       0x16 ./system/src/stm32f4xx/stm32f4xx_hal_tim.o
                0x0000000008003a6c                TIM_ETR_SetConfig
 *fill*         0x0000000008003a82        0x2 
 .text.HAL_TIM_ConfigClockSource
                0x0000000008003a84      0x4a8 ./system/src/stm32f4xx/stm32f4xx_hal_tim.o
                0x0000000008003a84                HAL_TIM_ConfigClockSource
 .text.TIM_CCxChannelCmd
                0x0000000008003f2c       0xb4 ./system/src/stm32f4xx/stm32f4xx_hal_tim.o
                0x0000000008003f2c                TIM_CCxChannelCmd
 .text.HAL_TIM_PWM_Start
                0x0000000008003fe0       0xf8 ./system/src/stm32f4xx/stm32f4xx_hal_tim.o
                0x0000000008003fe0                HAL_TIM_PWM_Start
 .text.HAL_TIM_PWM_Stop
                0x00000000080040d8      0x11c ./system/src/stm32f4xx/stm32f4xx_hal_tim.o
                0x00000000080040d8                HAL_TIM_PWM_Stop
 .text.HAL_TIM_Encoder_Start
                0x00000000080041f4       0x98 ./system/src/stm32f4xx/stm32f4xx_hal_tim.o
                0x00000000080041f4                HAL_TIM_Encoder_Start
 .text.HAL_TIMEx_MasterConfigSynchronization
                0x000000000800428c      0x118 ./system/src/stm32f4xx/stm32f4xx_hal_tim_ex.o
                0x000000000800428c                HAL_TIMEx_MasterConfigSynchronization
 .text._sbrk    0x00000000080043a4       0x44 ./system/src/newlib/_sbrk.o
                0x00000000080043a4                _sbrk
 .text.__initialize_args
                0x00000000080043e8       0x10 ./system/src/newlib/_syscalls.o
                0x00000000080043e8                __initialize_args
 .text.trace_printf
                0x00000000080043f8       0x34 ./system/src/diag/Trace.o
                0x00000000080043f8                trace_printf
 .text._trace_write_semihosting_debug
                0x000000000800442c       0x60 ./system/src/diag/trace_impl.o
 .text.trace_write
                0x000000000800448c        0x8 ./system/src/diag/trace_impl.o
                0x000000000800448c                trace_write
 .text.__initialize_hardware_early
                0x0000000008004494       0x18 ./system/src/cortexm/_initialize_hardware.o
                0x0000000008004494                __initialize_hardware_early
 .text.__initialize_hardware
                0x00000000080044ac        0x8 ./system/src/cortexm/_initialize_hardware.o
                0x00000000080044ac                __initialize_hardware
 .text.dumpExceptionStack
                0x00000000080044b4       0xf4 ./system/src/cortexm/exception_handlers.o
                0x00000000080044b4                dumpExceptionStack
 .text.isSemihosting
                0x00000000080045a8       0x20 ./system/src/cortexm/exception_handlers.o
                0x00000000080045a8                isSemihosting
 .text.Default_Handler
                0x00000000080045c8        0x2 ./system/src/cmsis/startup_stm32f429xx.o
                0x00000000080045c8                RTC_Alarm_IRQHandler
                0x00000000080045c8                HASH_RNG_IRQHandler
                0x00000000080045c8                EXTI2_IRQHandler
                0x00000000080045c8                TIM8_CC_IRQHandler
                0x00000000080045c8                UART8_IRQHandler
                0x00000000080045c8                SPI4_IRQHandler
                0x00000000080045c8                TIM1_CC_IRQHandler
                0x00000000080045c8                DMA2_Stream5_IRQHandler
                0x00000000080045c8                PVD_IRQHandler
                0x00000000080045c8                SDIO_IRQHandler
                0x00000000080045c8                TAMP_STAMP_IRQHandler
                0x00000000080045c8                CAN2_RX1_IRQHandler
                0x00000000080045c8                EXTI3_IRQHandler
                0x00000000080045c8                TIM8_TRG_COM_TIM14_IRQHandler
                0x00000000080045c8                TIM1_UP_TIM10_IRQHandler
                0x00000000080045c8                TIM8_UP_TIM13_IRQHandler
                0x00000000080045c8                I2C3_ER_IRQHandler
                0x00000000080045c8                EXTI0_IRQHandler
                0x00000000080045c8                I2C2_EV_IRQHandler
                0x00000000080045c8                CAN1_RX0_IRQHandler
                0x00000000080045c8                FPU_IRQHandler
                0x00000000080045c8                OTG_HS_WKUP_IRQHandler
                0x00000000080045c8                LTDC_ER_IRQHandler
                0x00000000080045c8                CAN2_SCE_IRQHandler
                0x00000000080045c8                DMA2_Stream2_IRQHandler
                0x00000000080045c8                SPI1_IRQHandler
                0x00000000080045c8                TIM6_DAC_IRQHandler
                0x00000000080045c8                TIM1_BRK_TIM9_IRQHandler
                0x00000000080045c8                DCMI_IRQHandler
                0x00000000080045c8                CAN2_RX0_IRQHandler
                0x00000000080045c8                DMA2_Stream3_IRQHandler
                0x00000000080045c8                USART6_IRQHandler
                0x00000000080045c8                USART3_IRQHandler
                0x00000000080045c8                CAN1_RX1_IRQHandler
                0x00000000080045c8                UART5_IRQHandler
                0x00000000080045c8                DMA2_Stream0_IRQHandler
                0x00000000080045c8                TIM4_IRQHandler
                0x00000000080045c8                I2C1_EV_IRQHandler
                0x00000000080045c8                DMA1_Stream6_IRQHandler
                0x00000000080045c8                DMA1_Stream1_IRQHandler
                0x00000000080045c8                UART4_IRQHandler
                0x00000000080045c8                TIM3_IRQHandler
                0x00000000080045c8                RCC_IRQHandler
                0x00000000080045c8                TIM8_BRK_TIM12_IRQHandler
                0x00000000080045c8                Default_Handler
                0x00000000080045c8                EXTI15_10_IRQHandler
                0x00000000080045c8                ADC_IRQHandler
                0x00000000080045c8                DMA1_Stream7_IRQHandler
                0x00000000080045c8                SPI5_IRQHandler
                0x00000000080045c8                TIM7_IRQHandler
                0x00000000080045c8                CAN2_TX_IRQHandler
                0x00000000080045c8                TIM5_IRQHandler
                0x00000000080045c8                DMA2_Stream7_IRQHandler
                0x00000000080045c8                I2C3_EV_IRQHandler
                0x00000000080045c8                EXTI9_5_IRQHandler
                0x00000000080045c8                RTC_WKUP_IRQHandler
                0x00000000080045c8                LTDC_IRQHandler
                0x00000000080045c8                ETH_WKUP_IRQHandler
                0x00000000080045c8                SPI2_IRQHandler
                0x00000000080045c8                OTG_HS_EP1_IN_IRQHandler
                0x00000000080045c8                DMA1_Stream0_IRQHandler
                0x00000000080045c8                CAN1_TX_IRQHandler
                0x00000000080045c8                EXTI4_IRQHandler
                0x00000000080045c8                ETH_IRQHandler
                0x00000000080045c8                OTG_HS_EP1_OUT_IRQHandler
                0x00000000080045c8                WWDG_IRQHandler
                0x00000000080045c8                SPI6_IRQHandler
                0x00000000080045c8                TIM2_IRQHandler
                0x00000000080045c8                OTG_FS_WKUP_IRQHandler
                0x00000000080045c8                TIM1_TRG_COM_TIM11_IRQHandler
                0x00000000080045c8                OTG_HS_IRQHandler
                0x00000000080045c8                DMA2D_IRQHandler
                0x00000000080045c8                EXTI1_IRQHandler
                0x00000000080045c8                UART7_IRQHandler
                0x00000000080045c8                USART2_IRQHandler
                0x00000000080045c8                I2C2_ER_IRQHandler
                0x00000000080045c8                DMA2_Stream1_IRQHandler
                0x00000000080045c8                CAN1_SCE_IRQHandler
                0x00000000080045c8                FLASH_IRQHandler
                0x00000000080045c8                DMA2_Stream4_IRQHandler
                0x00000000080045c8                USART1_IRQHandler
                0x00000000080045c8                OTG_FS_IRQHandler
                0x00000000080045c8                SPI3_IRQHandler
                0x00000000080045c8                I2C1_ER_IRQHandler
                0x00000000080045c8                FMC_IRQHandler
                0x00000000080045c8                DMA2_Stream6_IRQHandler
                0x00000000080045c8                SAI1_IRQHandler
                0x00000000080045c8                DMA1_Stream3_IRQHandler
 *fill*         0x00000000080045ca        0x2 
 .text.GPIO_DHT11_serial_input
                0x00000000080045cc       0x20 ./src/DHT11_humidity_temp.o
                0x00000000080045cc                GPIO_DHT11_serial_input
 .text.GPIO_DHT11_serial_output
                0x00000000080045ec       0x20 ./src/DHT11_humidity_temp.o
                0x00000000080045ec                GPIO_DHT11_serial_output
 .text.DHT11_Init
                0x000000000800460c       0x38 ./src/DHT11_humidity_temp.o
                0x000000000800460c                DHT11_Init
 .text.DHT11_Check_Response
                0x0000000008004644       0x40 ./src/DHT11_humidity_temp.o
                0x0000000008004644                DHT11_Check_Response
 .text.DHT11_Read
                0x0000000008004684       0x5c ./src/DHT11_humidity_temp.o
                0x0000000008004684                DHT11_Read
 .text.DHT11_Data_Transfer
                0x00000000080046e0       0x4c ./src/DHT11_humidity_temp.o
                0x00000000080046e0                DHT11_Data_Transfer
 .text.LCD_Send_Cmd
                0x000000000800472c       0x48 ./src/LCD_pcf8574.o
                0x000000000800472c                LCD_Send_Cmd
 .text.LCD_Send_Data
                0x0000000008004774       0x48 ./src/LCD_pcf8574.o
                0x0000000008004774                LCD_Send_Data
 .text.LCD_Put_Cur
                0x00000000080047bc       0x1c ./src/LCD_pcf8574.o
                0x00000000080047bc                LCD_Put_Cur
 .text.LCD_Init
                0x00000000080047d8       0x76 ./src/LCD_pcf8574.o
                0x00000000080047d8                LCD_Init
 .text.LCD_Send_String
                0x000000000800484e       0x14 ./src/LCD_pcf8574.o
                0x000000000800484e                LCD_Send_String
 .text.bcd_To_Dec
                0x0000000008004862       0x10 ./src/RTC_ds3231.o
                0x0000000008004862                bcd_To_Dec
 *fill*         0x0000000008004872        0x2 
 .text.get_Time
                0x0000000008004874       0x74 ./src/RTC_ds3231.o
                0x0000000008004874                get_Time
 .text.check_For_Fire
                0x00000000080048e8       0x18 ./src/alarms_and_security.o
                0x00000000080048e8                check_For_Fire
 .text.fire_Alarm
                0x0000000008004900       0xe8 ./src/alarms_and_security.o
                0x0000000008004900                fire_Alarm
 .text.lower_Blinds_Living
                0x00000000080049e8      0x1c8 ./src/blinds.o
                0x00000000080049e8                lower_Blinds_Living
 .text.raise_Blinds_Living
                0x0000000008004bb0      0x1c8 ./src/blinds.o
                0x0000000008004bb0                raise_Blinds_Living
 .text.blinds_Living_Room_Manual
                0x0000000008004d78       0x68 ./src/blinds.o
                0x0000000008004d78                blinds_Living_Room_Manual
 .text.blinds_Living_Room
                0x0000000008004de0       0x84 ./src/blinds.o
                0x0000000008004de0                blinds_Living_Room
 .text.lower_Blinds_Bedroom
                0x0000000008004e64      0x1b8 ./src/blinds.o
                0x0000000008004e64                lower_Blinds_Bedroom
 .text.raise_Blinds_Bedroom
                0x000000000800501c      0x1b8 ./src/blinds.o
                0x000000000800501c                raise_Blinds_Bedroom
 .text.blinds_Bedroom_Manual
                0x00000000080051d4       0x68 ./src/blinds.o
                0x00000000080051d4                blinds_Bedroom_Manual
 .text.blinds_Bedroom
                0x000000000800523c       0x84 ./src/blinds.o
                0x000000000800523c                blinds_Bedroom
 .text.calculate_Dusk_Time
                0x00000000080052c0      0x3fc ./src/light_mgmt.o
                0x00000000080052c0                calculate_Dusk_Time
 .text.entrance_Light
                0x00000000080056bc       0x58 ./src/light_mgmt.o
                0x00000000080056bc                entrance_Light
 .text.bathroom_Light
                0x0000000008005714       0xa8 ./src/light_mgmt.o
                0x0000000008005714                bathroom_Light
 .text.living_Room_Kitchen_Light
                0x00000000080057bc       0xd0 ./src/light_mgmt.o
                0x00000000080057bc                living_Room_Kitchen_Light
 .text.bedroom_Light
                0x000000000800588c       0xc0 ./src/light_mgmt.o
                0x000000000800588c                bedroom_Light
 .text.main     0x000000000800594c      0x190 ./src/main.o
                0x000000000800594c                main
 .text.HAL_I2C_SlaveTxCpltCallback
                0x0000000008005adc       0x10 ./src/main.o
                0x0000000008005adc                HAL_I2C_SlaveTxCpltCallback
 .text.Error_Handler
                0x0000000008005aec        0x2 ./src/main.o
                0x0000000008005aec                Error_Handler
 *fill*         0x0000000008005aee        0x2 
 .text.assert_failed
                0x0000000008005af0       0x14 ./src/main.o
                0x0000000008005af0                assert_failed
 .text.automatic_Mode
                0x0000000008005b04       0x18 ./src/misc.o
                0x0000000008005b04                automatic_Mode
 *fill*         0x0000000008005b1c        0x4 
 .text.gnerate_Sine_Wave
                0x0000000008005b20      0x120 ./src/misc.o
                0x0000000008005b20                gnerate_Sine_Wave
 .text.delay_us
                0x0000000008005c40       0x14 ./src/misc.o
                0x0000000008005c40                delay_us
 .text.HAL_MspInit
                0x0000000008005c54       0x38 ./src/stm32f4xx_hal_msp.o
                0x0000000008005c54                HAL_MspInit
 .text.HAL_DAC_MspInit
                0x0000000008005c8c       0xb0 ./src/stm32f4xx_hal_msp.o
                0x0000000008005c8c                HAL_DAC_MspInit
 .text.HAL_I2C_MspInit
                0x0000000008005d3c      0x13c ./src/stm32f4xx_hal_msp.o
                0x0000000008005d3c                HAL_I2C_MspInit
 .text.NMI_Handler
                0x0000000008005e78        0x2 ./src/stm32f4xx_it.o
                0x0000000008005e78                NMI_Handler
 .text.HardFault_Handler
                0x0000000008005e7a        0x2 ./src/stm32f4xx_it.o
                0x0000000008005e7a                HardFault_Handler
 .text.MemManage_Handler
                0x0000000008005e7c        0x2 ./src/stm32f4xx_it.o
                0x0000000008005e7c                MemManage_Handler
 .text.BusFault_Handler
                0x0000000008005e7e        0x2 ./src/stm32f4xx_it.o
                0x0000000008005e7e                BusFault_Handler
 .text.UsageFault_Handler
                0x0000000008005e80        0x2 ./src/stm32f4xx_it.o
                0x0000000008005e80                UsageFault_Handler
 .text.SVC_Handler
                0x0000000008005e82        0x2 ./src/stm32f4xx_it.o
                0x0000000008005e82                SVC_Handler
 .text.DebugMon_Handler
                0x0000000008005e84        0x2 ./src/stm32f4xx_it.o
                0x0000000008005e84                DebugMon_Handler
 .text.PendSV_Handler
                0x0000000008005e86        0x2 ./src/stm32f4xx_it.o
                0x0000000008005e86                PendSV_Handler
 .text.SysTick_Handler
                0x0000000008005e88        0x8 ./src/stm32f4xx_it.o
                0x0000000008005e88                SysTick_Handler
 .text.DMA1_Stream2_IRQHandler
                0x0000000008005e90       0x10 ./src/stm32f4xx_it.o
                0x0000000008005e90                DMA1_Stream2_IRQHandler
 .text.DMA1_Stream4_IRQHandler
                0x0000000008005ea0       0x10 ./src/stm32f4xx_it.o
                0x0000000008005ea0                DMA1_Stream4_IRQHandler
 .text.DMA1_Stream5_IRQHandler
                0x0000000008005eb0       0x10 ./src/stm32f4xx_it.o
                0x0000000008005eb0                DMA1_Stream5_IRQHandler
 .text._kill    0x0000000008005ec0       0x10 ./src/syscalls.o
                0x0000000008005ec0                _kill
 .text._exit    0x0000000008005ed0        0xc ./src/syscalls.o
                0x0000000008005ed0                _exit
 .text._read    0x0000000008005edc       0x20 ./src/syscalls.o
                0x0000000008005edc                _read
 .text._write   0x0000000008005efc       0x1c ./src/syscalls.o
                0x0000000008005efc                _write
 .text._close   0x0000000008005f18        0x6 ./src/syscalls.o
                0x0000000008005f18                _close
 .text._fstat   0x0000000008005f1e        0xa ./src/syscalls.o
                0x0000000008005f1e                _fstat
 .text._isatty  0x0000000008005f28        0x4 ./src/syscalls.o
                0x0000000008005f28                _isatty
 .text._lseek   0x0000000008005f2c        0x4 ./src/syscalls.o
                0x0000000008005f2c                _lseek
 .text.SystemClock_Config
                0x0000000008005f30       0xf8 ./src/system_init.o
                0x0000000008005f30                SystemClock_Config
 .text.GPIO_Init
                0x0000000008006028      0x1dc ./src/system_init.o
                0x0000000008006028                GPIO_Init
 .text.I2C1_RTC_Init
                0x0000000008006204       0x78 ./src/system_init.o
                0x0000000008006204                I2C1_RTC_Init
 .text.I2C2_LCD_Init
                0x000000000800627c       0x8c ./src/system_init.o
                0x000000000800627c                I2C2_LCD_Init
 .text.I2C3_ESP8266_Init
                0x0000000008006308       0x90 ./src/system_init.o
                0x0000000008006308                I2C3_ESP8266_Init
 .text.TIM3_Encoder_Living_Room_Init
                0x0000000008006398       0x84 ./src/system_init.o
                0x0000000008006398                TIM3_Encoder_Living_Room_Init
 .text.TIM4_Encoder_Bedroom_Init
                0x000000000800641c       0x88 ./src/system_init.o
                0x000000000800641c                TIM4_Encoder_Bedroom_Init
 .text.TIM12_PWM_Living_Bedroom_Init
                0x00000000080064a4       0xbc ./src/system_init.o
                0x00000000080064a4                TIM12_PWM_Living_Bedroom_Init
 .text.DAC_Init
                0x0000000008006560       0x44 ./src/system_init.o
                0x0000000008006560                DAC_Init
 .text.TIM2_dac_Init
                0x00000000080065a4       0x70 ./src/system_init.o
                0x00000000080065a4                TIM2_dac_Init
 .text.DMA_Init
                0x0000000008006614       0x54 ./src/system_init.o
                0x0000000008006614                DMA_Init
 .text.TIM9_us_delay_Init
                0x0000000008006668       0x54 ./src/system_init.o
                0x0000000008006668                TIM9_us_delay_Init
 .text.SystemInit
                0x00000000080066bc       0x10 ./src/system_stm32f4xx.o
                0x00000000080066bc                SystemInit
 .text.SystemCoreClockUpdate
                0x00000000080066cc       0xa0 ./src/system_stm32f4xx.o
                0x00000000080066cc                SystemCoreClockUpdate
 .text.check_For_Gases
                0x000000000800676c       0x18 ./src/ventilation_and_heating.o
                0x000000000800676c                check_For_Gases
 .text.emergency_Ventilation
                0x0000000008006784       0x70 ./src/ventilation_and_heating.o
                0x0000000008006784                emergency_Ventilation
 .text.sin      0x00000000080067f4       0xb0 /home/jurica/opt/xPacks/@xpack-dev-tools/arm-none-eabi-gcc/9.2.1-1.1.1/.content/bin/../lib/gcc/arm-none-eabi/9.2.1/../../../../arm-none-eabi/lib/thumb/v7e-m/nofp/libm.a(lib_a-s_sin.o)
                0x00000000080067f4                sin
 *fill*         0x00000000080068a4        0x4 
 .text.__ieee754_rem_pio2
                0x00000000080068a8      0x444 /home/jurica/opt/xPacks/@xpack-dev-tools/arm-none-eabi-gcc/9.2.1-1.1.1/.content/bin/../lib/gcc/arm-none-eabi/9.2.1/../../../../arm-none-eabi/lib/thumb/v7e-m/nofp/libm.a(lib_a-e_rem_pio2.o)
                0x00000000080068a8                __ieee754_rem_pio2
 *fill*         0x0000000008006cec        0x4 
 .text.__kernel_cos
                0x0000000008006cf0      0x258 /home/jurica/opt/xPacks/@xpack-dev-tools/arm-none-eabi-gcc/9.2.1-1.1.1/.content/bin/../lib/gcc/arm-none-eabi/9.2.1/../../../../arm-none-eabi/lib/thumb/v7e-m/nofp/libm.a(lib_a-k_cos.o)
                0x0000000008006cf0                __kernel_cos
 .text.__kernel_rem_pio2
                0x0000000008006f48      0x84c /home/jurica/opt/xPacks/@xpack-dev-tools/arm-none-eabi-gcc/9.2.1-1.1.1/.content/bin/../lib/gcc/arm-none-eabi/9.2.1/../../../../arm-none-eabi/lib/thumb/v7e-m/nofp/libm.a(lib_a-k_rem_pio2.o)
                0x0000000008006f48                __kernel_rem_pio2
 *fill*         0x0000000008007794        0x4 
 .text.__kernel_sin
                0x0000000008007798      0x184 /home/jurica/opt/xPacks/@xpack-dev-tools/arm-none-eabi-gcc/9.2.1-1.1.1/.content/bin/../lib/gcc/arm-none-eabi/9.2.1/../../../../arm-none-eabi/lib/thumb/v7e-m/nofp/libm.a(lib_a-k_sin.o)
                0x0000000008007798                __kernel_sin
 .text.fabs     0x000000000800791c        0x8 /home/jurica/opt/xPacks/@xpack-dev-tools/arm-none-eabi-gcc/9.2.1-1.1.1/.content/bin/../lib/gcc/arm-none-eabi/9.2.1/../../../../arm-none-eabi/lib/thumb/v7e-m/nofp/libm.a(lib_a-s_fabs.o)
                0x000000000800791c                fabs
 *fill*         0x0000000008007924        0x4 
 .text.floor    0x0000000008007928       0xf8 /home/jurica/opt/xPacks/@xpack-dev-tools/arm-none-eabi-gcc/9.2.1-1.1.1/.content/bin/../lib/gcc/arm-none-eabi/9.2.1/../../../../arm-none-eabi/lib/thumb/v7e-m/nofp/libm.a(lib_a-s_floor.o)
                0x0000000008007928                floor
 .text.scalbn   0x0000000008007a20       0xf4 /home/jurica/opt/xPacks/@xpack-dev-tools/arm-none-eabi-gcc/9.2.1-1.1.1/.content/bin/../lib/gcc/arm-none-eabi/9.2.1/../../../../arm-none-eabi/lib/thumb/v7e-m/nofp/libm.a(lib_a-s_scalbn.o)
                0x0000000008007a20                scalbn
 .text          0x0000000008007b14      0x378 /home/jurica/opt/xPacks/@xpack-dev-tools/arm-none-eabi-gcc/9.2.1-1.1.1/.content/bin/../lib/gcc/arm-none-eabi/9.2.1/thumb/v7e-m/nofp/libgcc.a(_arm_addsubdf3.o)
                0x0000000008007b14                __aeabi_drsub
                0x0000000008007b1c                __aeabi_dsub
                0x0000000008007b1c                __subdf3
                0x0000000008007b20                __adddf3
                0x0000000008007b20                __aeabi_dadd
                0x0000000008007d98                __aeabi_ui2d
                0x0000000008007d98                __floatunsidf
                0x0000000008007db8                __floatsidf
                0x0000000008007db8                __aeabi_i2d
                0x0000000008007ddc                __extendsfdf2
                0x0000000008007ddc                __aeabi_f2d
                0x0000000008007e20                __aeabi_ul2d
                0x0000000008007e20                __floatundidf
                0x0000000008007e30                __floatdidf
                0x0000000008007e30                __aeabi_l2d
 .text          0x0000000008007e8c      0x424 /home/jurica/opt/xPacks/@xpack-dev-tools/arm-none-eabi-gcc/9.2.1-1.1.1/.content/bin/../lib/gcc/arm-none-eabi/9.2.1/thumb/v7e-m/nofp/libgcc.a(_arm_muldivdf3.o)
                0x0000000008007e8c                __aeabi_dmul
                0x0000000008007e8c                __muldf3
                0x00000000080080e0                __aeabi_ddiv
                0x00000000080080e0                __divdf3
 .text          0x00000000080082b0      0x110 /home/jurica/opt/xPacks/@xpack-dev-tools/arm-none-eabi-gcc/9.2.1-1.1.1/.content/bin/../lib/gcc/arm-none-eabi/9.2.1/thumb/v7e-m/nofp/libgcc.a(_arm_cmpdf2.o)
                0x00000000080082b0                __gtdf2
                0x00000000080082b0                __gedf2
                0x00000000080082b8                __ltdf2
                0x00000000080082b8                __ledf2
                0x00000000080082c0                __cmpdf2
                0x00000000080082c0                __eqdf2
                0x00000000080082c0                __nedf2
                0x000000000800833c                __aeabi_cdrcmple
                0x000000000800834c                __aeabi_cdcmple
                0x000000000800834c                __aeabi_cdcmpeq
                0x000000000800835c                __aeabi_dcmpeq
                0x0000000008008370                __aeabi_dcmplt
                0x0000000008008384                __aeabi_dcmple
                0x0000000008008398                __aeabi_dcmpge
                0x00000000080083ac                __aeabi_dcmpgt
 .text          0x00000000080083c0       0x50 /home/jurica/opt/xPacks/@xpack-dev-tools/arm-none-eabi-gcc/9.2.1-1.1.1/.content/bin/../lib/gcc/arm-none-eabi/9.2.1/thumb/v7e-m/nofp/libgcc.a(_arm_fixdfsi.o)
                0x00000000080083c0                __fixdfsi
                0x00000000080083c0                __aeabi_d2iz
 .text          0x0000000008008410       0x40 /home/jurica/opt/xPacks/@xpack-dev-tools/arm-none-eabi-gcc/9.2.1-1.1.1/.content/bin/../lib/gcc/arm-none-eabi/9.2.1/thumb/v7e-m/nofp/libgcc.a(_arm_fixunsdfsi.o)
                0x0000000008008410                __fixunsdfsi
                0x0000000008008410                __aeabi_d2uiz
 .text          0x0000000008008450      0x21c /home/jurica/opt/xPacks/@xpack-dev-tools/arm-none-eabi-gcc/9.2.1-1.1.1/.content/bin/../lib/gcc/arm-none-eabi/9.2.1/thumb/v7e-m/nofp/libgcc.a(_arm_addsubsf3.o)
                0x0000000008008450                __aeabi_frsub
                0x0000000008008458                __subsf3
                0x0000000008008458                __aeabi_fsub
                0x000000000800845c                __aeabi_fadd
                0x000000000800845c                __addsf3
                0x00000000080085bc                __aeabi_ui2f
                0x00000000080085bc                __floatunsisf
                0x00000000080085c4                __aeabi_i2f
                0x00000000080085c4                __floatsisf
                0x00000000080085e0                __floatundisf
                0x00000000080085e0                __aeabi_ul2f
                0x00000000080085f0                __floatdisf
                0x00000000080085f0                __aeabi_l2f
 .text          0x000000000800866c      0x2a0 /home/jurica/opt/xPacks/@xpack-dev-tools/arm-none-eabi-gcc/9.2.1-1.1.1/.content/bin/../lib/gcc/arm-none-eabi/9.2.1/thumb/v7e-m/nofp/libgcc.a(_arm_muldivsf3.o)
                0x000000000800866c                __mulsf3
                0x000000000800866c                __aeabi_fmul
                0x00000000080087d4                __divsf3
                0x00000000080087d4                __aeabi_fdiv
 .text          0x000000000800890c       0xec /home/jurica/opt/xPacks/@xpack-dev-tools/arm-none-eabi-gcc/9.2.1-1.1.1/.content/bin/../lib/gcc/arm-none-eabi/9.2.1/thumb/v7e-m/nofp/libgcc.a(_arm_cmpsf2.o)
                0x000000000800890c                __gtsf2
                0x000000000800890c                __gesf2
                0x0000000008008914                __lesf2
                0x0000000008008914                __ltsf2
                0x000000000800891c                __nesf2
                0x000000000800891c                __eqsf2
                0x000000000800891c                __cmpsf2
                0x000000000800897c                __aeabi_cfrcmple
                0x0000000008008984                __aeabi_cfcmple
                0x0000000008008984                __aeabi_cfcmpeq
                0x0000000008008994                __aeabi_fcmpeq
                0x00000000080089a8                __aeabi_fcmplt
                0x00000000080089bc                __aeabi_fcmple
                0x00000000080089d0                __aeabi_fcmpge
                0x00000000080089e4                __aeabi_fcmpgt
 .text          0x00000000080089f8       0x4c /home/jurica/opt/xPacks/@xpack-dev-tools/arm-none-eabi-gcc/9.2.1-1.1.1/.content/bin/../lib/gcc/arm-none-eabi/9.2.1/thumb/v7e-m/nofp/libgcc.a(_arm_fixsfsi.o)
                0x00000000080089f8                __fixsfsi
                0x00000000080089f8                __aeabi_f2iz
 .text          0x0000000008008a44       0x30 /home/jurica/opt/xPacks/@xpack-dev-tools/arm-none-eabi-gcc/9.2.1-1.1.1/.content/bin/../lib/gcc/arm-none-eabi/9.2.1/thumb/v7e-m/nofp/libgcc.a(_aeabi_uldivmod.o)
                0x0000000008008a44                __aeabi_uldivmod
 .text.__udivmoddi4
                0x0000000008008a74      0x2c0 /home/jurica/opt/xPacks/@xpack-dev-tools/arm-none-eabi-gcc/9.2.1-1.1.1/.content/bin/../lib/gcc/arm-none-eabi/9.2.1/thumb/v7e-m/nofp/libgcc.a(_udivmoddi4.o)
                0x0000000008008a74                __udivmoddi4
 .text          0x0000000008008d34        0x4 /home/jurica/opt/xPacks/@xpack-dev-tools/arm-none-eabi-gcc/9.2.1-1.1.1/.content/bin/../lib/gcc/arm-none-eabi/9.2.1/thumb/v7e-m/nofp/libgcc.a(_dvmd_tls.o)
                0x0000000008008d34                __aeabi_ldiv0
                0x0000000008008d34                __aeabi_idiv0
 .text.__errno  0x0000000008008d38        0xc /home/jurica/opt/xPacks/@xpack-dev-tools/arm-none-eabi-gcc/9.2.1-1.1.1/.content/bin/../lib/gcc/arm-none-eabi/9.2.1/../../../../arm-none-eabi/lib/thumb/v7e-m/nofp/libg_nano.a(lib_a-errno.o)
                0x0000000008008d38                __errno
 .text.memcpy   0x0000000008008d44       0x1c /home/jurica/opt/xPacks/@xpack-dev-tools/arm-none-eabi-gcc/9.2.1-1.1.1/.content/bin/../lib/gcc/arm-none-eabi/9.2.1/../../../../arm-none-eabi/lib/thumb/v7e-m/nofp/libg_nano.a(lib_a-memcpy-stub.o)
                0x0000000008008d44                memcpy
 .text.memset   0x0000000008008d60       0x10 /home/jurica/opt/xPacks/@xpack-dev-tools/arm-none-eabi-gcc/9.2.1-1.1.1/.content/bin/../lib/gcc/arm-none-eabi/9.2.1/../../../../arm-none-eabi/lib/thumb/v7e-m/nofp/libg_nano.a(lib_a-memset.o)
                0x0000000008008d60                memset
 .text.__cvt    0x0000000008008d70       0xc0 /home/jurica/opt/xPacks/@xpack-dev-tools/arm-none-eabi-gcc/9.2.1-1.1.1/.content/bin/../lib/gcc/arm-none-eabi/9.2.1/../../../../arm-none-eabi/lib/thumb/v7e-m/nofp/libg_nano.a(lib_a-nano-vfprintf_float.o)
                0x0000000008008d70                __cvt
 .text.__exponent
                0x0000000008008e30       0x7c /home/jurica/opt/xPacks/@xpack-dev-tools/arm-none-eabi-gcc/9.2.1-1.1.1/.content/bin/../lib/gcc/arm-none-eabi/9.2.1/../../../../arm-none-eabi/lib/thumb/v7e-m/nofp/libg_nano.a(lib_a-nano-vfprintf_float.o)
                0x0000000008008e30                __exponent
 .text._printf_float
                0x0000000008008eac      0x454 /home/jurica/opt/xPacks/@xpack-dev-tools/arm-none-eabi-gcc/9.2.1-1.1.1/.content/bin/../lib/gcc/arm-none-eabi/9.2.1/../../../../arm-none-eabi/lib/thumb/v7e-m/nofp/libg_nano.a(lib_a-nano-vfprintf_float.o)
                0x0000000008008eac                _printf_float
 .text._printf_common
                0x0000000008009300       0xda /home/jurica/opt/xPacks/@xpack-dev-tools/arm-none-eabi-gcc/9.2.1-1.1.1/.content/bin/../lib/gcc/arm-none-eabi/9.2.1/../../../../arm-none-eabi/lib/thumb/v7e-m/nofp/libg_nano.a(lib_a-nano-vfprintf_i.o)
                0x0000000008009300                _printf_common
 *fill*         0x00000000080093da        0x2 
 .text._printf_i
                0x00000000080093dc      0x24c /home/jurica/opt/xPacks/@xpack-dev-tools/arm-none-eabi-gcc/9.2.1-1.1.1/.content/bin/../lib/gcc/arm-none-eabi/9.2.1/../../../../arm-none-eabi/lib/thumb/v7e-m/nofp/libg_nano.a(lib_a-nano-vfprintf_i.o)
                0x00000000080093dc                _printf_i
 .text.printf   0x0000000008009628       0x30 /home/jurica/opt/xPacks/@xpack-dev-tools/arm-none-eabi-gcc/9.2.1-1.1.1/.content/bin/../lib/gcc/arm-none-eabi/9.2.1/../../../../arm-none-eabi/lib/thumb/v7e-m/nofp/libg_nano.a(lib_a-printf.o)
                0x0000000008009628                printf
                0x0000000008009628                iprintf
 .text.sprintf  0x0000000008009658       0x40 /home/jurica/opt/xPacks/@xpack-dev-tools/arm-none-eabi-gcc/9.2.1-1.1.1/.content/bin/../lib/gcc/arm-none-eabi/9.2.1/../../../../arm-none-eabi/lib/thumb/v7e-m/nofp/libg_nano.a(lib_a-sprintf.o)
                0x0000000008009658                sprintf
                0x0000000008009658                siprintf
 .text          0x0000000008009698       0x10 /home/jurica/opt/xPacks/@xpack-dev-tools/arm-none-eabi-gcc/9.2.1-1.1.1/.content/bin/../lib/gcc/arm-none-eabi/9.2.1/../../../../arm-none-eabi/lib/thumb/v7e-m/nofp/libg_nano.a(lib_a-strlen.o)
                0x0000000008009698                strlen
 .text._vsnprintf_r
                0x00000000080096a8       0x58 /home/jurica/opt/xPacks/@xpack-dev-tools/arm-none-eabi-gcc/9.2.1-1.1.1/.content/bin/../lib/gcc/arm-none-eabi/9.2.1/../../../../arm-none-eabi/lib/thumb/v7e-m/nofp/libg_nano.a(lib_a-vsnprintf.o)
                0x00000000080096a8                _vsnprintf_r
                0x00000000080096a8                _vsniprintf_r
 .text.vsnprintf
                0x0000000008009700       0x1c /home/jurica/opt/xPacks/@xpack-dev-tools/arm-none-eabi-gcc/9.2.1-1.1.1/.content/bin/../lib/gcc/arm-none-eabi/9.2.1/../../../../arm-none-eabi/lib/thumb/v7e-m/nofp/libg_nano.a(lib_a-vsnprintf.o)
                0x0000000008009700                vsnprintf
                0x0000000008009700                vsniprintf
 .text.quorem   0x000000000800971c      0x116 /home/jurica/opt/xPacks/@xpack-dev-tools/arm-none-eabi-gcc/9.2.1-1.1.1/.content/bin/../lib/gcc/arm-none-eabi/9.2.1/../../../../arm-none-eabi/lib/thumb/v7e-m/nofp/libg_nano.a(lib_a-dtoa.o)
 *fill*         0x0000000008009832        0x6 
 .text._dtoa_r  0x0000000008009838      0xba4 /home/jurica/opt/xPacks/@xpack-dev-tools/arm-none-eabi-gcc/9.2.1-1.1.1/.content/bin/../lib/gcc/arm-none-eabi/9.2.1/../../../../arm-none-eabi/lib/thumb/v7e-m/nofp/libg_nano.a(lib_a-dtoa.o)
                0x0000000008009838                _dtoa_r
 .text.std      0x000000000800a3dc       0x48 /home/jurica/opt/xPacks/@xpack-dev-tools/arm-none-eabi-gcc/9.2.1-1.1.1/.content/bin/../lib/gcc/arm-none-eabi/9.2.1/../../../../arm-none-eabi/lib/thumb/v7e-m/nofp/libg_nano.a(lib_a-findfp.o)
 .text._cleanup_r
                0x000000000800a424        0xc /home/jurica/opt/xPacks/@xpack-dev-tools/arm-none-eabi-gcc/9.2.1-1.1.1/.content/bin/../lib/gcc/arm-none-eabi/9.2.1/../../../../arm-none-eabi/lib/thumb/v7e-m/nofp/libg_nano.a(lib_a-findfp.o)
                0x000000000800a424                _cleanup_r
 .text.__sfmoreglue
                0x000000000800a430       0x2c /home/jurica/opt/xPacks/@xpack-dev-tools/arm-none-eabi-gcc/9.2.1-1.1.1/.content/bin/../lib/gcc/arm-none-eabi/9.2.1/../../../../arm-none-eabi/lib/thumb/v7e-m/nofp/libg_nano.a(lib_a-findfp.o)
                0x000000000800a430                __sfmoreglue
 .text.__sfp_lock_acquire
                0x000000000800a45c        0xc /home/jurica/opt/xPacks/@xpack-dev-tools/arm-none-eabi-gcc/9.2.1-1.1.1/.content/bin/../lib/gcc/arm-none-eabi/9.2.1/../../../../arm-none-eabi/lib/thumb/v7e-m/nofp/libg_nano.a(lib_a-findfp.o)
                0x000000000800a45c                __sfp_lock_acquire
 .text.__sfp_lock_release
                0x000000000800a468        0xc /home/jurica/opt/xPacks/@xpack-dev-tools/arm-none-eabi-gcc/9.2.1-1.1.1/.content/bin/../lib/gcc/arm-none-eabi/9.2.1/../../../../arm-none-eabi/lib/thumb/v7e-m/nofp/libg_nano.a(lib_a-findfp.o)
                0x000000000800a468                __sfp_lock_release
 .text.__sinit_lock_acquire
                0x000000000800a474        0xc /home/jurica/opt/xPacks/@xpack-dev-tools/arm-none-eabi-gcc/9.2.1-1.1.1/.content/bin/../lib/gcc/arm-none-eabi/9.2.1/../../../../arm-none-eabi/lib/thumb/v7e-m/nofp/libg_nano.a(lib_a-findfp.o)
                0x000000000800a474                __sinit_lock_acquire
 .text.__sinit_lock_release
                0x000000000800a480        0xc /home/jurica/opt/xPacks/@xpack-dev-tools/arm-none-eabi-gcc/9.2.1-1.1.1/.content/bin/../lib/gcc/arm-none-eabi/9.2.1/../../../../arm-none-eabi/lib/thumb/v7e-m/nofp/libg_nano.a(lib_a-findfp.o)
                0x000000000800a480                __sinit_lock_release
 .text.__sinit  0x000000000800a48c       0x70 /home/jurica/opt/xPacks/@xpack-dev-tools/arm-none-eabi-gcc/9.2.1-1.1.1/.content/bin/../lib/gcc/arm-none-eabi/9.2.1/../../../../arm-none-eabi/lib/thumb/v7e-m/nofp/libg_nano.a(lib_a-findfp.o)
                0x000000000800a48c                __sinit
 .text.__sfp    0x000000000800a4fc       0x8c /home/jurica/opt/xPacks/@xpack-dev-tools/arm-none-eabi-gcc/9.2.1-1.1.1/.content/bin/../lib/gcc/arm-none-eabi/9.2.1/../../../../arm-none-eabi/lib/thumb/v7e-m/nofp/libg_nano.a(lib_a-findfp.o)
                0x000000000800a4fc                __sfp
 .text._fwalk_reent
                0x000000000800a588       0x3e /home/jurica/opt/xPacks/@xpack-dev-tools/arm-none-eabi-gcc/9.2.1-1.1.1/.content/bin/../lib/gcc/arm-none-eabi/9.2.1/../../../../arm-none-eabi/lib/thumb/v7e-m/nofp/libg_nano.a(lib_a-fwalk.o)
                0x000000000800a588                _fwalk_reent
 *fill*         0x000000000800a5c6        0x2 
 .text._localeconv_r
                0x000000000800a5c8        0x8 /home/jurica/opt/xPacks/@xpack-dev-tools/arm-none-eabi-gcc/9.2.1-1.1.1/.content/bin/../lib/gcc/arm-none-eabi/9.2.1/../../../../arm-none-eabi/lib/thumb/v7e-m/nofp/libg_nano.a(lib_a-localeconv.o)
                0x000000000800a5c8                _localeconv_r
 .text.__retarget_lock_init_recursive
                0x000000000800a5d0        0x2 /home/jurica/opt/xPacks/@xpack-dev-tools/arm-none-eabi-gcc/9.2.1-1.1.1/.content/bin/../lib/gcc/arm-none-eabi/9.2.1/../../../../arm-none-eabi/lib/thumb/v7e-m/nofp/libg_nano.a(lib_a-lock.o)
                0x000000000800a5d0                __retarget_lock_init_recursive
 .text.__retarget_lock_acquire_recursive
                0x000000000800a5d2        0x2 /home/jurica/opt/xPacks/@xpack-dev-tools/arm-none-eabi-gcc/9.2.1-1.1.1/.content/bin/../lib/gcc/arm-none-eabi/9.2.1/../../../../arm-none-eabi/lib/thumb/v7e-m/nofp/libg_nano.a(lib_a-lock.o)
                0x000000000800a5d2                __retarget_lock_acquire_recursive
 .text.__retarget_lock_release_recursive
                0x000000000800a5d4        0x2 /home/jurica/opt/xPacks/@xpack-dev-tools/arm-none-eabi-gcc/9.2.1-1.1.1/.content/bin/../lib/gcc/arm-none-eabi/9.2.1/../../../../arm-none-eabi/lib/thumb/v7e-m/nofp/libg_nano.a(lib_a-lock.o)
                0x000000000800a5d4                __retarget_lock_release_recursive
 *fill*         0x000000000800a5d6        0x2 
 .text.malloc   0x000000000800a5d8       0x10 /home/jurica/opt/xPacks/@xpack-dev-tools/arm-none-eabi-gcc/9.2.1-1.1.1/.content/bin/../lib/gcc/arm-none-eabi/9.2.1/../../../../arm-none-eabi/lib/thumb/v7e-m/nofp/libg_nano.a(lib_a-malloc.o)
                0x000000000800a5d8                malloc
 *fill*         0x000000000800a5e8        0x8 
 .text          0x000000000800a5f0       0xa0 /home/jurica/opt/xPacks/@xpack-dev-tools/arm-none-eabi-gcc/9.2.1-1.1.1/.content/bin/../lib/gcc/arm-none-eabi/9.2.1/../../../../arm-none-eabi/lib/thumb/v7e-m/nofp/libg_nano.a(lib_a-memchr.o)
                0x000000000800a5f0                memchr
 .text._Balloc  0x000000000800a690       0x68 /home/jurica/opt/xPacks/@xpack-dev-tools/arm-none-eabi-gcc/9.2.1-1.1.1/.content/bin/../lib/gcc/arm-none-eabi/9.2.1/../../../../arm-none-eabi/lib/thumb/v7e-m/nofp/libg_nano.a(lib_a-mprec.o)
                0x000000000800a690                _Balloc
 .text._Bfree   0x000000000800a6f8       0x2e /home/jurica/opt/xPacks/@xpack-dev-tools/arm-none-eabi-gcc/9.2.1-1.1.1/.content/bin/../lib/gcc/arm-none-eabi/9.2.1/../../../../arm-none-eabi/lib/thumb/v7e-m/nofp/libg_nano.a(lib_a-mprec.o)
                0x000000000800a6f8                _Bfree
 .text.__multadd
                0x000000000800a726       0x7c /home/jurica/opt/xPacks/@xpack-dev-tools/arm-none-eabi-gcc/9.2.1-1.1.1/.content/bin/../lib/gcc/arm-none-eabi/9.2.1/../../../../arm-none-eabi/lib/thumb/v7e-m/nofp/libg_nano.a(lib_a-mprec.o)
                0x000000000800a726                __multadd
 .text.__hi0bits
                0x000000000800a7a2       0x40 /home/jurica/opt/xPacks/@xpack-dev-tools/arm-none-eabi-gcc/9.2.1-1.1.1/.content/bin/../lib/gcc/arm-none-eabi/9.2.1/../../../../arm-none-eabi/lib/thumb/v7e-m/nofp/libg_nano.a(lib_a-mprec.o)
                0x000000000800a7a2                __hi0bits
 .text.__lo0bits
                0x000000000800a7e2       0x5c /home/jurica/opt/xPacks/@xpack-dev-tools/arm-none-eabi-gcc/9.2.1-1.1.1/.content/bin/../lib/gcc/arm-none-eabi/9.2.1/../../../../arm-none-eabi/lib/thumb/v7e-m/nofp/libg_nano.a(lib_a-mprec.o)
                0x000000000800a7e2                __lo0bits
 .text.__i2b    0x000000000800a83e       0x12 /home/jurica/opt/xPacks/@xpack-dev-tools/arm-none-eabi-gcc/9.2.1-1.1.1/.content/bin/../lib/gcc/arm-none-eabi/9.2.1/../../../../arm-none-eabi/lib/thumb/v7e-m/nofp/libg_nano.a(lib_a-mprec.o)
                0x000000000800a83e                __i2b
 .text.__multiply
                0x000000000800a850      0x138 /home/jurica/opt/xPacks/@xpack-dev-tools/arm-none-eabi-gcc/9.2.1-1.1.1/.content/bin/../lib/gcc/arm-none-eabi/9.2.1/../../../../arm-none-eabi/lib/thumb/v7e-m/nofp/libg_nano.a(lib_a-mprec.o)
                0x000000000800a850                __multiply
 .text.__pow5mult
                0x000000000800a988       0x9c /home/jurica/opt/xPacks/@xpack-dev-tools/arm-none-eabi-gcc/9.2.1-1.1.1/.content/bin/../lib/gcc/arm-none-eabi/9.2.1/../../../../arm-none-eabi/lib/thumb/v7e-m/nofp/libg_nano.a(lib_a-mprec.o)
                0x000000000800a988                __pow5mult
 .text.__lshift
                0x000000000800aa24       0xbe /home/jurica/opt/xPacks/@xpack-dev-tools/arm-none-eabi-gcc/9.2.1-1.1.1/.content/bin/../lib/gcc/arm-none-eabi/9.2.1/../../../../arm-none-eabi/lib/thumb/v7e-m/nofp/libg_nano.a(lib_a-mprec.o)
                0x000000000800aa24                __lshift
 .text.__mcmp   0x000000000800aae2       0x36 /home/jurica/opt/xPacks/@xpack-dev-tools/arm-none-eabi-gcc/9.2.1-1.1.1/.content/bin/../lib/gcc/arm-none-eabi/9.2.1/../../../../arm-none-eabi/lib/thumb/v7e-m/nofp/libg_nano.a(lib_a-mprec.o)
                0x000000000800aae2                __mcmp
 .text.__mdiff  0x000000000800ab18       0xec /home/jurica/opt/xPacks/@xpack-dev-tools/arm-none-eabi-gcc/9.2.1-1.1.1/.content/bin/../lib/gcc/arm-none-eabi/9.2.1/../../../../arm-none-eabi/lib/thumb/v7e-m/nofp/libg_nano.a(lib_a-mprec.o)
                0x000000000800ab18                __mdiff
 .text.__d2b    0x000000000800ac04       0x9e /home/jurica/opt/xPacks/@xpack-dev-tools/arm-none-eabi-gcc/9.2.1-1.1.1/.content/bin/../lib/gcc/arm-none-eabi/9.2.1/../../../../arm-none-eabi/lib/thumb/v7e-m/nofp/libg_nano.a(lib_a-mprec.o)
                0x000000000800ac04                __d2b
 .text._calloc_r
                0x000000000800aca2       0x1c /home/jurica/opt/xPacks/@xpack-dev-tools/arm-none-eabi-gcc/9.2.1-1.1.1/.content/bin/../lib/gcc/arm-none-eabi/9.2.1/../../../../arm-none-eabi/lib/thumb/v7e-m/nofp/libg_nano.a(lib_a-nano-callocr.o)
                0x000000000800aca2                _calloc_r
 *fill*         0x000000000800acbe        0x2 
 .text._free_r  0x000000000800acc0       0x9c /home/jurica/opt/xPacks/@xpack-dev-tools/arm-none-eabi-gcc/9.2.1-1.1.1/.content/bin/../lib/gcc/arm-none-eabi/9.2.1/../../../../arm-none-eabi/lib/thumb/v7e-m/nofp/libg_nano.a(lib_a-nano-freer.o)
                0x000000000800acc0                _free_r
 .text._malloc_r
                0x000000000800ad5c       0xb4 /home/jurica/opt/xPacks/@xpack-dev-tools/arm-none-eabi-gcc/9.2.1-1.1.1/.content/bin/../lib/gcc/arm-none-eabi/9.2.1/../../../../arm-none-eabi/lib/thumb/v7e-m/nofp/libg_nano.a(lib_a-nano-mallocr.o)
                0x000000000800ad5c                _malloc_r
 .text.__ssputs_r
                0x000000000800ae10       0xb6 /home/jurica/opt/xPacks/@xpack-dev-tools/arm-none-eabi-gcc/9.2.1-1.1.1/.content/bin/../lib/gcc/arm-none-eabi/9.2.1/../../../../arm-none-eabi/lib/thumb/v7e-m/nofp/libg_nano.a(lib_a-nano-svfprintf.o)
                0x000000000800ae10                __ssputs_r
 *fill*         0x000000000800aec6        0x2 
 .text._svfprintf_r
                0x000000000800aec8      0x200 /home/jurica/opt/xPacks/@xpack-dev-tools/arm-none-eabi-gcc/9.2.1-1.1.1/.content/bin/../lib/gcc/arm-none-eabi/9.2.1/../../../../arm-none-eabi/lib/thumb/v7e-m/nofp/libg_nano.a(lib_a-nano-svfprintf.o)
                0x000000000800aec8                _svfprintf_r
                0x000000000800aec8                _svfiprintf_r
 .text.__sfputc_r
                0x000000000800b0c8       0x2a /home/jurica/opt/xPacks/@xpack-dev-tools/arm-none-eabi-gcc/9.2.1-1.1.1/.content/bin/../lib/gcc/arm-none-eabi/9.2.1/../../../../arm-none-eabi/lib/thumb/v7e-m/nofp/libg_nano.a(lib_a-nano-vfprintf.o)
 .text.__sfputs_r
                0x000000000800b0f2       0x24 /home/jurica/opt/xPacks/@xpack-dev-tools/arm-none-eabi-gcc/9.2.1-1.1.1/.content/bin/../lib/gcc/arm-none-eabi/9.2.1/../../../../arm-none-eabi/lib/thumb/v7e-m/nofp/libg_nano.a(lib_a-nano-vfprintf.o)
                0x000000000800b0f2                __sfputs_r
 *fill*         0x000000000800b116        0x2 
 .text._vfprintf_r
                0x000000000800b118      0x260 /home/jurica/opt/xPacks/@xpack-dev-tools/arm-none-eabi-gcc/9.2.1-1.1.1/.content/bin/../lib/gcc/arm-none-eabi/9.2.1/../../../../arm-none-eabi/lib/thumb/v7e-m/nofp/libg_nano.a(lib_a-nano-vfprintf.o)
                0x000000000800b118                _vfiprintf_r
                0x000000000800b118                _vfprintf_r
 .text._sbrk_r  0x000000000800b378       0x20 /home/jurica/opt/xPacks/@xpack-dev-tools/arm-none-eabi-gcc/9.2.1-1.1.1/.content/bin/../lib/gcc/arm-none-eabi/9.2.1/../../../../arm-none-eabi/lib/thumb/v7e-m/nofp/libg_nano.a(lib_a-sbrkr.o)
                0x000000000800b378                _sbrk_r
 .text.__sread  0x000000000800b398       0x22 /home/jurica/opt/xPacks/@xpack-dev-tools/arm-none-eabi-gcc/9.2.1-1.1.1/.content/bin/../lib/gcc/arm-none-eabi/9.2.1/../../../../arm-none-eabi/lib/thumb/v7e-m/nofp/libg_nano.a(lib_a-stdio.o)
                0x000000000800b398                __sread
 .text.__swrite
                0x000000000800b3ba       0x38 /home/jurica/opt/xPacks/@xpack-dev-tools/arm-none-eabi-gcc/9.2.1-1.1.1/.content/bin/../lib/gcc/arm-none-eabi/9.2.1/../../../../arm-none-eabi/lib/thumb/v7e-m/nofp/libg_nano.a(lib_a-stdio.o)
                0x000000000800b3ba                __swrite
 .text.__sseek  0x000000000800b3f2       0x24 /home/jurica/opt/xPacks/@xpack-dev-tools/arm-none-eabi-gcc/9.2.1-1.1.1/.content/bin/../lib/gcc/arm-none-eabi/9.2.1/../../../../arm-none-eabi/lib/thumb/v7e-m/nofp/libg_nano.a(lib_a-stdio.o)
                0x000000000800b3f2                __sseek
 .text.__sclose
                0x000000000800b416        0x8 /home/jurica/opt/xPacks/@xpack-dev-tools/arm-none-eabi-gcc/9.2.1-1.1.1/.content/bin/../lib/gcc/arm-none-eabi/9.2.1/../../../../arm-none-eabi/lib/thumb/v7e-m/nofp/libg_nano.a(lib_a-stdio.o)
                0x000000000800b416                __sclose
 *fill*         0x000000000800b41e        0x2 
 .text.__swbuf_r
                0x000000000800b420       0xa4 /home/jurica/opt/xPacks/@xpack-dev-tools/arm-none-eabi-gcc/9.2.1-1.1.1/.content/bin/../lib/gcc/arm-none-eabi/9.2.1/../../../../arm-none-eabi/lib/thumb/v7e-m/nofp/libg_nano.a(lib_a-wbuf.o)
                0x000000000800b420                __swbuf_r
 .text._write_r
                0x000000000800b4c4       0x24 /home/jurica/opt/xPacks/@xpack-dev-tools/arm-none-eabi-gcc/9.2.1-1.1.1/.content/bin/../lib/gcc/arm-none-eabi/9.2.1/../../../../arm-none-eabi/lib/thumb/v7e-m/nofp/libg_nano.a(lib_a-writer.o)
                0x000000000800b4c4                _write_r
 .text.__swsetup_r
                0x000000000800b4e8       0xdc /home/jurica/opt/xPacks/@xpack-dev-tools/arm-none-eabi-gcc/9.2.1-1.1.1/.content/bin/../lib/gcc/arm-none-eabi/9.2.1/../../../../arm-none-eabi/lib/thumb/v7e-m/nofp/libg_nano.a(lib_a-wsetup.o)
                0x000000000800b4e8                __swsetup_r
 .text._close_r
                0x000000000800b5c4       0x20 /home/jurica/opt/xPacks/@xpack-dev-tools/arm-none-eabi-gcc/9.2.1-1.1.1/.content/bin/../lib/gcc/arm-none-eabi/9.2.1/../../../../arm-none-eabi/lib/thumb/v7e-m/nofp/libg_nano.a(lib_a-closer.o)
                0x000000000800b5c4                _close_r
 .text.__sflush_r
                0x000000000800b5e4      0x10c /home/jurica/opt/xPacks/@xpack-dev-tools/arm-none-eabi-gcc/9.2.1-1.1.1/.content/bin/../lib/gcc/arm-none-eabi/9.2.1/../../../../arm-none-eabi/lib/thumb/v7e-m/nofp/libg_nano.a(lib_a-fflush.o)
                0x000000000800b5e4                __sflush_r
 .text._fflush_r
                0x000000000800b6f0       0x78 /home/jurica/opt/xPacks/@xpack-dev-tools/arm-none-eabi-gcc/9.2.1-1.1.1/.content/bin/../lib/gcc/arm-none-eabi/9.2.1/../../../../arm-none-eabi/lib/thumb/v7e-m/nofp/libg_nano.a(lib_a-fflush.o)
                0x000000000800b6f0                _fflush_r
 .text._lseek_r
                0x000000000800b768       0x24 /home/jurica/opt/xPacks/@xpack-dev-tools/arm-none-eabi-gcc/9.2.1-1.1.1/.content/bin/../lib/gcc/arm-none-eabi/9.2.1/../../../../arm-none-eabi/lib/thumb/v7e-m/nofp/libg_nano.a(lib_a-lseekr.o)
                0x000000000800b768                _lseek_r
 .text.__swhatbuf_r
                0x000000000800b78c       0x48 /home/jurica/opt/xPacks/@xpack-dev-tools/arm-none-eabi-gcc/9.2.1-1.1.1/.content/bin/../lib/gcc/arm-none-eabi/9.2.1/../../../../arm-none-eabi/lib/thumb/v7e-m/nofp/libg_nano.a(lib_a-makebuf.o)
                0x000000000800b78c                __swhatbuf_r
 .text.__smakebuf_r
                0x000000000800b7d4       0x80 /home/jurica/opt/xPacks/@xpack-dev-tools/arm-none-eabi-gcc/9.2.1-1.1.1/.content/bin/../lib/gcc/arm-none-eabi/9.2.1/../../../../arm-none-eabi/lib/thumb/v7e-m/nofp/libg_nano.a(lib_a-makebuf.o)
                0x000000000800b7d4                __smakebuf_r
 .text.__ascii_mbtowc
                0x000000000800b854       0x24 /home/jurica/opt/xPacks/@xpack-dev-tools/arm-none-eabi-gcc/9.2.1-1.1.1/.content/bin/../lib/gcc/arm-none-eabi/9.2.1/../../../../arm-none-eabi/lib/thumb/v7e-m/nofp/libg_nano.a(lib_a-mbtowc_r.o)
                0x000000000800b854                __ascii_mbtowc
 .text.memmove  0x000000000800b878       0x34 /home/jurica/opt/xPacks/@xpack-dev-tools/arm-none-eabi-gcc/9.2.1-1.1.1/.content/bin/../lib/gcc/arm-none-eabi/9.2.1/../../../../arm-none-eabi/lib/thumb/v7e-m/nofp/libg_nano.a(lib_a-memmove.o)
                0x000000000800b878                memmove
 .text.__malloc_lock
                0x000000000800b8ac        0xc /home/jurica/opt/xPacks/@xpack-dev-tools/arm-none-eabi-gcc/9.2.1-1.1.1/.content/bin/../lib/gcc/arm-none-eabi/9.2.1/../../../../arm-none-eabi/lib/thumb/v7e-m/nofp/libg_nano.a(lib_a-mlock.o)
                0x000000000800b8ac                __malloc_lock
 .text.__malloc_unlock
                0x000000000800b8b8        0xc /home/jurica/opt/xPacks/@xpack-dev-tools/arm-none-eabi-gcc/9.2.1-1.1.1/.content/bin/../lib/gcc/arm-none-eabi/9.2.1/../../../../arm-none-eabi/lib/thumb/v7e-m/nofp/libg_nano.a(lib_a-mlock.o)
                0x000000000800b8b8                __malloc_unlock
 .text._realloc_r
                0x000000000800b8c4       0x4c /home/jurica/opt/xPacks/@xpack-dev-tools/arm-none-eabi-gcc/9.2.1-1.1.1/.content/bin/../lib/gcc/arm-none-eabi/9.2.1/../../../../arm-none-eabi/lib/thumb/v7e-m/nofp/libg_nano.a(lib_a-nano-reallocr.o)
                0x000000000800b8c4                _realloc_r
 .text._read_r  0x000000000800b910       0x24 /home/jurica/opt/xPacks/@xpack-dev-tools/arm-none-eabi-gcc/9.2.1-1.1.1/.content/bin/../lib/gcc/arm-none-eabi/9.2.1/../../../../arm-none-eabi/lib/thumb/v7e-m/nofp/libg_nano.a(lib_a-readr.o)
                0x000000000800b910                _read_r
 .text.__ascii_wctomb
                0x000000000800b934       0x1a /home/jurica/opt/xPacks/@xpack-dev-tools/arm-none-eabi-gcc/9.2.1-1.1.1/.content/bin/../lib/gcc/arm-none-eabi/9.2.1/../../../../arm-none-eabi/lib/thumb/v7e-m/nofp/libg_nano.a(lib_a-wctomb_r.o)
                0x000000000800b934                __ascii_wctomb
 *fill*         0x000000000800b94e        0x2 
 .text._fstat_r
                0x000000000800b950       0x24 /home/jurica/opt/xPacks/@xpack-dev-tools/arm-none-eabi-gcc/9.2.1-1.1.1/.content/bin/../lib/gcc/arm-none-eabi/9.2.1/../../../../arm-none-eabi/lib/thumb/v7e-m/nofp/libg_nano.a(lib_a-fstatr.o)
                0x000000000800b950                _fstat_r
 .text._isatty_r
                0x000000000800b974       0x20 /home/jurica/opt/xPacks/@xpack-dev-tools/arm-none-eabi-gcc/9.2.1-1.1.1/.content/bin/../lib/gcc/arm-none-eabi/9.2.1/../../../../arm-none-eabi/lib/thumb/v7e-m/nofp/libg_nano.a(lib_a-isattyr.o)
                0x000000000800b974                _isatty_r
 .text._malloc_usable_size_r
                0x000000000800b994       0x10 /home/jurica/opt/xPacks/@xpack-dev-tools/arm-none-eabi-gcc/9.2.1-1.1.1/.content/bin/../lib/gcc/arm-none-eabi/9.2.1/../../../../arm-none-eabi/lib/thumb/v7e-m/nofp/libg_nano.a(lib_a-nano-msizer.o)
                0x000000000800b994                _malloc_usable_size_r
 .text          0x000000000800b9a4       0x2c /home/jurica/opt/xPacks/@xpack-dev-tools/arm-none-eabi-gcc/9.2.1-1.1.1/.content/bin/../lib/gcc/arm-none-eabi/9.2.1/thumb/v7e-m/nofp/libgcc.a(_arm_unorddf2.o)
                0x000000000800b9a4                __aeabi_dcmpun
                0x000000000800b9a4                __unorddf2
 *(.rodata .rodata.* .constdata .constdata.*)
 .rodata.HAL_NVIC_SetPriorityGrouping.str1.4
                0x000000000800b9d0       0x2f ./system/src/stm32f4xx/stm32f4xx_hal_cortex.o
 *fill*         0x000000000800b9ff        0x1 
 .rodata.HAL_DAC_Init.str1.4
                0x000000000800ba00       0x2c ./system/src/stm32f4xx/stm32f4xx_hal_dac.o
 .rodata.HAL_DMA_Init.str1.4
                0x000000000800ba2c       0x2c ./system/src/stm32f4xx/stm32f4xx_hal_dma.o
 .rodata.flagBitshiftOffset.7180
                0x000000000800ba58        0x8 ./system/src/stm32f4xx/stm32f4xx_hal_dma.o
 .rodata.HAL_GPIO_Init.str1.4
                0x000000000800ba60       0x2d ./system/src/stm32f4xx/stm32f4xx_hal_gpio.o
 *fill*         0x000000000800ba8d        0x3 
 .rodata.HAL_I2C_Init.str1.4
                0x000000000800ba90       0x2c ./system/src/stm32f4xx/stm32f4xx_hal_i2c.o
 .rodata.HAL_I2CEx_ConfigAnalogFilter.str1.4
                0x000000000800babc       0x2f ./system/src/stm32f4xx/stm32f4xx_hal_i2c_ex.o
 *fill*         0x000000000800baeb        0x1 
 .rodata.HAL_RCC_OscConfig.str1.4
                0x000000000800baec       0x2c ./system/src/stm32f4xx/stm32f4xx_hal_rcc.o
 .rodata.HAL_RCCEx_PeriphCLKConfig.str1.4
                0x000000000800bb18       0x2f ./system/src/stm32f4xx/stm32f4xx_hal_rcc_ex.o
 *fill*         0x000000000800bb47        0x1 
 .rodata.TIM_OC1_SetConfig.str1.4
                0x000000000800bb48       0x2c ./system/src/stm32f4xx/stm32f4xx_hal_tim.o
 .rodata.HAL_TIMEx_HallSensor_Init.str1.4
                0x000000000800bb74       0x2f ./system/src/stm32f4xx/stm32f4xx_hal_tim_ex.o
 *fill*         0x000000000800bba3        0x1 
 .rodata.dumpExceptionStack.str1.4
                0x000000000800bba4      0x11a ./system/src/cortexm/exception_handlers.o
 *fill*         0x000000000800bcbe        0x2 
 .rodata.str1.4
                0x000000000800bcc0       0x2a ./system/src/cortexm/exception_handlers.o
 *fill*         0x000000000800bcea        0x2 
 .rodata.main.str1.4
                0x000000000800bcec        0xf ./src/main.o
 *fill*         0x000000000800bcfb        0x1 
 .rodata.HAL_I2C_SlaveTxCpltCallback.str1.4
                0x000000000800bcfc        0xa ./src/main.o
 *fill*         0x000000000800bd06        0x2 
 .rodata.assert_failed.str1.4
                0x000000000800bd08       0x2e ./src/main.o
 *fill*         0x000000000800bd36        0x2 
 .rodata.AHBPrescTable
                0x000000000800bd38       0x10 ./src/system_stm32f4xx.o
                0x000000000800bd38                AHBPrescTable
 .rodata.APBPrescTable
                0x000000000800bd48        0x8 ./src/system_stm32f4xx.o
                0x000000000800bd48                APBPrescTable
 .rodata.npio2_hw
                0x000000000800bd50       0x80 /home/jurica/opt/xPacks/@xpack-dev-tools/arm-none-eabi-gcc/9.2.1-1.1.1/.content/bin/../lib/gcc/arm-none-eabi/9.2.1/../../../../arm-none-eabi/lib/thumb/v7e-m/nofp/libm.a(lib_a-e_rem_pio2.o)
 .rodata.two_over_pi
                0x000000000800bdd0      0x108 /home/jurica/opt/xPacks/@xpack-dev-tools/arm-none-eabi-gcc/9.2.1-1.1.1/.content/bin/../lib/gcc/arm-none-eabi/9.2.1/../../../../arm-none-eabi/lib/thumb/v7e-m/nofp/libm.a(lib_a-e_rem_pio2.o)
 .rodata.PIo2   0x000000000800bed8       0x40 /home/jurica/opt/xPacks/@xpack-dev-tools/arm-none-eabi-gcc/9.2.1-1.1.1/.content/bin/../lib/gcc/arm-none-eabi/9.2.1/../../../../arm-none-eabi/lib/thumb/v7e-m/nofp/libm.a(lib_a-k_rem_pio2.o)
 .rodata.init_jk
                0x000000000800bf18       0x10 /home/jurica/opt/xPacks/@xpack-dev-tools/arm-none-eabi-gcc/9.2.1-1.1.1/.content/bin/../lib/gcc/arm-none-eabi/9.2.1/../../../../arm-none-eabi/lib/thumb/v7e-m/nofp/libm.a(lib_a-k_rem_pio2.o)
 .rodata._global_impure_ptr
                0x000000000800bf28        0x4 /home/jurica/opt/xPacks/@xpack-dev-tools/arm-none-eabi-gcc/9.2.1-1.1.1/.content/bin/../lib/gcc/arm-none-eabi/9.2.1/../../../../arm-none-eabi/lib/thumb/v7e-m/nofp/libg_nano.a(lib_a-impure.o)
                0x000000000800bf28                _global_impure_ptr
 .rodata._printf_float.str1.1
                0x000000000800bf2c       0x12 /home/jurica/opt/xPacks/@xpack-dev-tools/arm-none-eabi-gcc/9.2.1-1.1.1/.content/bin/../lib/gcc/arm-none-eabi/9.2.1/../../../../arm-none-eabi/lib/thumb/v7e-m/nofp/libg_nano.a(lib_a-nano-vfprintf_float.o)
 .rodata._printf_i.str1.1
                0x000000000800bf3e       0x22 /home/jurica/opt/xPacks/@xpack-dev-tools/arm-none-eabi-gcc/9.2.1-1.1.1/.content/bin/../lib/gcc/arm-none-eabi/9.2.1/../../../../arm-none-eabi/lib/thumb/v7e-m/nofp/libg_nano.a(lib_a-nano-vfprintf_i.o)
 .rodata._dtoa_r.str1.1
                0x000000000800bf60        0xd /home/jurica/opt/xPacks/@xpack-dev-tools/arm-none-eabi-gcc/9.2.1-1.1.1/.content/bin/../lib/gcc/arm-none-eabi/9.2.1/../../../../arm-none-eabi/lib/thumb/v7e-m/nofp/libg_nano.a(lib_a-dtoa.o)
                                          0xf (size before relaxing)
 *fill*         0x000000000800bf6d        0x3 
 .rodata.__sf_fake_stderr
                0x000000000800bf70       0x20 /home/jurica/opt/xPacks/@xpack-dev-tools/arm-none-eabi-gcc/9.2.1-1.1.1/.content/bin/../lib/gcc/arm-none-eabi/9.2.1/../../../../arm-none-eabi/lib/thumb/v7e-m/nofp/libg_nano.a(lib_a-findfp.o)
                0x000000000800bf70                __sf_fake_stderr
 .rodata.__sf_fake_stdin
                0x000000000800bf90       0x20 /home/jurica/opt/xPacks/@xpack-dev-tools/arm-none-eabi-gcc/9.2.1-1.1.1/.content/bin/../lib/gcc/arm-none-eabi/9.2.1/../../../../arm-none-eabi/lib/thumb/v7e-m/nofp/libg_nano.a(lib_a-findfp.o)
                0x000000000800bf90                __sf_fake_stdin
 .rodata.__sf_fake_stdout
                0x000000000800bfb0       0x20 /home/jurica/opt/xPacks/@xpack-dev-tools/arm-none-eabi-gcc/9.2.1-1.1.1/.content/bin/../lib/gcc/arm-none-eabi/9.2.1/../../../../arm-none-eabi/lib/thumb/v7e-m/nofp/libg_nano.a(lib_a-findfp.o)
                0x000000000800bfb0                __sf_fake_stdout
 .rodata.__mprec_bigtens
                0x000000000800bfd0       0x28 /home/jurica/opt/xPacks/@xpack-dev-tools/arm-none-eabi-gcc/9.2.1-1.1.1/.content/bin/../lib/gcc/arm-none-eabi/9.2.1/../../../../arm-none-eabi/lib/thumb/v7e-m/nofp/libg_nano.a(lib_a-mprec.o)
                0x000000000800bfd0                __mprec_bigtens
 .rodata.__mprec_tens
                0x000000000800bff8       0xc8 /home/jurica/opt/xPacks/@xpack-dev-tools/arm-none-eabi-gcc/9.2.1-1.1.1/.content/bin/../lib/gcc/arm-none-eabi/9.2.1/../../../../arm-none-eabi/lib/thumb/v7e-m/nofp/libg_nano.a(lib_a-mprec.o)
                0x000000000800bff8                __mprec_tens
 .rodata.p05.6127
                0x000000000800c0c0        0xc /home/jurica/opt/xPacks/@xpack-dev-tools/arm-none-eabi-gcc/9.2.1-1.1.1/.content/bin/../lib/gcc/arm-none-eabi/9.2.1/../../../../arm-none-eabi/lib/thumb/v7e-m/nofp/libg_nano.a(lib_a-mprec.o)
 .rodata._svfprintf_r.str1.1
                0x000000000800c0cc       0x11 /home/jurica/opt/xPacks/@xpack-dev-tools/arm-none-eabi-gcc/9.2.1-1.1.1/.content/bin/../lib/gcc/arm-none-eabi/9.2.1/../../../../arm-none-eabi/lib/thumb/v7e-m/nofp/libg_nano.a(lib_a-nano-svfprintf.o)
 .rodata._vfprintf_r.str1.1
                0x000000000800c0dd       0x11 /home/jurica/opt/xPacks/@xpack-dev-tools/arm-none-eabi-gcc/9.2.1-1.1.1/.content/bin/../lib/gcc/arm-none-eabi/9.2.1/../../../../arm-none-eabi/lib/thumb/v7e-m/nofp/libg_nano.a(lib_a-nano-vfprintf.o)
 .rodata._setlocale_r.str1.1
                0x000000000800c0dd        0x8 /home/jurica/opt/xPacks/@xpack-dev-tools/arm-none-eabi-gcc/9.2.1-1.1.1/.content/bin/../lib/gcc/arm-none-eabi/9.2.1/../../../../arm-none-eabi/lib/thumb/v7e-m/nofp/libg_nano.a(lib_a-locale.o)
                                          0x9 (size before relaxing)
 .rodata.str1.1
                0x000000000800c0e5        0x2 /home/jurica/opt/xPacks/@xpack-dev-tools/arm-none-eabi-gcc/9.2.1-1.1.1/.content/bin/../lib/gcc/arm-none-eabi/9.2.1/../../../../arm-none-eabi/lib/thumb/v7e-m/nofp/libg_nano.a(lib_a-locale.o)
 .rodata._ctype_
                0x000000000800c0e7      0x101 /home/jurica/opt/xPacks/@xpack-dev-tools/arm-none-eabi-gcc/9.2.1-1.1.1/.content/bin/../lib/gcc/arm-none-eabi/9.2.1/../../../../arm-none-eabi/lib/thumb/v7e-m/nofp/libg_nano.a(lib_a-ctype_.o)
                0x000000000800c0e7                _ctype_
 *(vtable)
 *(.eh_frame*)
 *(.glue_7)
 .glue_7        0x000000000800c1e8        0x0 linker stubs
 *(.glue_7t)
 .glue_7t       0x000000000800c1e8        0x0 linker stubs

.vfp11_veneer   0x000000000800c1e8        0x0
 .vfp11_veneer  0x000000000800c1e8        0x0 linker stubs

.v4_bx          0x000000000800c1e8        0x0
 .v4_bx         0x000000000800c1e8        0x0 linker stubs

.iplt           0x000000000800c1e8        0x0
 .iplt          0x000000000800c1e8        0x0 ./system/src/stm32f4xx/stm32f4xx_hal.o

.ARM.extab
 *(.ARM.extab* .gnu.linkonce.armextab.*)
                0x000000000800c1e8                . = ALIGN (0x4)
                0x000000000800c1e8                __exidx_start = .

.ARM.exidx      0x000000000800c1e8        0x8
 *(.ARM.exidx* .gnu.linkonce.armexidx.*)
 .ARM.exidx.text.__udivmoddi4
                0x000000000800c1e8        0x8 /home/jurica/opt/xPacks/@xpack-dev-tools/arm-none-eabi-gcc/9.2.1-1.1.1/.content/bin/../lib/gcc/arm-none-eabi/9.2.1/thumb/v7e-m/nofp/libgcc.a(_udivmoddi4.o)
                0x000000000800c1f0                __exidx_end = .

.rel.dyn        0x000000000800c1f0        0x0
 .rel.iplt      0x000000000800c1f0        0x0 ./system/src/stm32f4xx/stm32f4xx_hal.o
                0x000000000800c1f0                . = ALIGN (0x4)
                0x000000000800c1f0                _etext = .
                0x000000000800c1f0                __etext = .

.data_CCMRAM    0x0000000010000000        0x0 load address 0x000000000800c1f0
 FILL mask 0xff
 *(.data.CCMRAM .data.CCMRAM.*)
                0x0000000010000000                . = ALIGN (0x4)
                0x000000000800c1f0                _sidata = LOADADDR (.data)

.data           0x0000000020000000      0x1ec load address 0x000000000800c1f0
 FILL mask 0xff
                0x0000000020000000                _sdata = .
                0x0000000020000000                __data_start__ = .
 *(.data_begin .data_begin.*)
 .data_begin    0x0000000020000000        0x4 ./system/src/newlib/_startup.o
 *(.data .data.*)
 .data.uwTickFreq
                0x0000000020000004        0x1 ./system/src/stm32f4xx/stm32f4xx_hal.o
                0x0000000020000004                uwTickFreq
 *fill*         0x0000000020000005        0x3 ff
 .data.uwTickPrio
                0x0000000020000008        0x4 ./system/src/stm32f4xx/stm32f4xx_hal.o
                0x0000000020000008                uwTickPrio
 .data.argv.4354
                0x000000002000000c        0x8 ./system/src/newlib/_syscalls.o
 .data.SystemCoreClock
                0x0000000020000014        0x4 ./src/system_stm32f4xx.o
                0x0000000020000014                SystemCoreClock
 .data._impure_ptr
                0x0000000020000018        0x4 /home/jurica/opt/xPacks/@xpack-dev-tools/arm-none-eabi-gcc/9.2.1-1.1.1/.content/bin/../lib/gcc/arm-none-eabi/9.2.1/../../../../arm-none-eabi/lib/thumb/v7e-m/nofp/libg_nano.a(lib_a-impure.o)
                0x0000000020000018                _impure_ptr
 .data.impure_data
                0x000000002000001c       0x60 /home/jurica/opt/xPacks/@xpack-dev-tools/arm-none-eabi-gcc/9.2.1-1.1.1/.content/bin/../lib/gcc/arm-none-eabi/9.2.1/../../../../arm-none-eabi/lib/thumb/v7e-m/nofp/libg_nano.a(lib_a-impure.o)
 .data.__global_locale
                0x000000002000007c      0x16c /home/jurica/opt/xPacks/@xpack-dev-tools/arm-none-eabi-gcc/9.2.1-1.1.1/.content/bin/../lib/gcc/arm-none-eabi/9.2.1/../../../../arm-none-eabi/lib/thumb/v7e-m/nofp/libg_nano.a(lib_a-locale.o)
                0x000000002000007c                __global_locale
 *(.data_end .data_end.*)
 .data_end      0x00000000200001e8        0x4 ./system/src/newlib/_startup.o
                0x00000000200001ec                . = ALIGN (0x4)
                0x00000000200001ec                _edata = .
                0x00000000200001ec                __data_end__ = .

.igot.plt       0x00000000200001ec        0x0 load address 0x000000000800c3dc
 .igot.plt      0x00000000200001ec        0x0 ./system/src/stm32f4xx/stm32f4xx_hal.o

.bss_CCMRAM     0x0000000010000000        0x0
 *(.bss.CCMRAM .bss.CCMRAM.*)

.bss            0x00000000200001ec      0x4ec
                0x00000000200001ec                __bss_start__ = .
                0x00000000200001ec                _sbss = .
 *(.bss_begin .bss_begin.*)
 .bss_begin     0x00000000200001ec        0x4 ./system/src/newlib/_startup.o
 *(.bss .bss.*)
 .bss.current_heap_end.3984
                0x00000000200001f0        0x4 ./system/src/newlib/_sbrk.o
 .bss.name.4353
                0x00000000200001f4        0x1 ./system/src/newlib/_syscalls.o
 *fill*         0x00000000200001f5        0x3 
 .bss.buf.5228  0x00000000200001f8       0x80 ./system/src/diag/Trace.o
 .bss.lastConversion.9783
                0x0000000020000278        0x4 ./src/DHT11_humidity_temp.o
 .bss.lastConversion.9780
                0x000000002000027c        0x4 ./src/alarms_and_security.o
 .bss.statusFlag1.9781
                0x0000000020000280        0x4 ./src/alarms_and_security.o
 .bss.statusFlag2.9782
                0x0000000020000284        0x4 ./src/alarms_and_security.o
 .bss.blindsStatus.9802
                0x0000000020000288        0x4 ./src/blinds.o
 .bss.blindsStatus.9807
                0x000000002000028c        0x4 ./src/blinds.o
 .bss.blindsStatus.9836
                0x0000000020000290        0x4 ./src/blinds.o
 .bss.blindsStatus.9841
                0x0000000020000294        0x4 ./src/blinds.o
 .bss.lastConversion.9777
                0x0000000020000298        0x4 ./src/blinds.o
 .bss.lastConversion.9789
                0x000000002000029c        0x4 ./src/blinds.o
 .bss.lastConversion.9811
                0x00000000200002a0        0x4 ./src/blinds.o
 .bss.lastConversion.9823
                0x00000000200002a4        0x4 ./src/blinds.o
 .bss.statusFlag1.9778
                0x00000000200002a8        0x4 ./src/blinds.o
 .bss.statusFlag1.9790
                0x00000000200002ac        0x4 ./src/blinds.o
 .bss.statusFlag1.9812
                0x00000000200002b0        0x4 ./src/blinds.o
 .bss.statusFlag1.9824
                0x00000000200002b4        0x4 ./src/blinds.o
 .bss.statusFlag2.9779
                0x00000000200002b8        0x4 ./src/blinds.o
 .bss.statusFlag2.9791
                0x00000000200002bc        0x4 ./src/blinds.o
 .bss.statusFlag2.9813
                0x00000000200002c0        0x4 ./src/blinds.o
 .bss.statusFlag2.9825
                0x00000000200002c4        0x4 ./src/blinds.o
 .bss.statusFlag3.9780
                0x00000000200002c8        0x4 ./src/blinds.o
 .bss.statusFlag3.9792
                0x00000000200002cc        0x4 ./src/blinds.o
 .bss.statusFlag3.9814
                0x00000000200002d0        0x4 ./src/blinds.o
 .bss.statusFlag3.9826
                0x00000000200002d4        0x4 ./src/blinds.o
 .bss.statusFlag4.9781
                0x00000000200002d8        0x4 ./src/blinds.o
 .bss.statusFlag4.9793
                0x00000000200002dc        0x4 ./src/blinds.o
 .bss.statusFlag4.9815
                0x00000000200002e0        0x4 ./src/blinds.o
 .bss.statusFlag4.9827
                0x00000000200002e4        0x4 ./src/blinds.o
 .bss.currentSystemTime.9826
                0x00000000200002e8        0x4 ./src/light_mgmt.o
 .bss.currentTime.9809
                0x00000000200002ec        0x4 ./src/light_mgmt.o
 .bss.duskTime.9797
                0x00000000200002f0        0x8 ./src/light_mgmt.o
 .bss.isOccupied.9808
                0x00000000200002f8        0x4 ./src/light_mgmt.o
 .bss.lightState.9815
                0x00000000200002fc        0x4 ./src/light_mgmt.o
 .bss.switchState.9818
                0x0000000020000300        0x4 ./src/light_mgmt.o
 .bss.switchState.9825
                0x0000000020000304        0x4 ./src/light_mgmt.o
 .bss.lastConversion.9791
                0x0000000020000308        0x4 ./src/misc.o
 .bss.statusFlag1.9789
                0x000000002000030c        0x4 ./src/misc.o
 .bss.statusFlag2.9790
                0x0000000020000310        0x4 ./src/misc.o
 .bss.gasesPresent.9780
                0x0000000020000314        0x4 ./src/ventilation_and_heating.o
 .bss.__malloc_free_list
                0x0000000020000318        0x4 /home/jurica/opt/xPacks/@xpack-dev-tools/arm-none-eabi-gcc/9.2.1-1.1.1/.content/bin/../lib/gcc/arm-none-eabi/9.2.1/../../../../arm-none-eabi/lib/thumb/v7e-m/nofp/libg_nano.a(lib_a-nano-mallocr.o)
                0x0000000020000318                __malloc_free_list
 .bss.__malloc_sbrk_start
                0x000000002000031c        0x4 /home/jurica/opt/xPacks/@xpack-dev-tools/arm-none-eabi-gcc/9.2.1-1.1.1/.content/bin/../lib/gcc/arm-none-eabi/9.2.1/../../../../arm-none-eabi/lib/thumb/v7e-m/nofp/libg_nano.a(lib_a-nano-mallocr.o)
                0x000000002000031c                __malloc_sbrk_start
 *(COMMON)
 COMMON         0x0000000020000320        0x4 ./system/src/stm32f4xx/stm32f4xx_hal.o
                0x0000000020000320                uwTick
 COMMON         0x0000000020000324        0x4 ./system/src/newlib/_syscalls.o
                0x0000000020000324                errno
 COMMON         0x0000000020000328      0x3a1 ./src/DHT11_humidity_temp.o
                0x0000000020000328                hdma_i2c3_tx
                0x0000000020000388                hi2c3
                0x00000000200003dc                hdma_i2c3_rx
                0x000000002000043c                htim4
                0x000000002000047c                hi2c1
                0x00000000200004d0                hi2c2
                0x0000000020000524                ds18b20
                0x000000002000052c                htim3
                0x000000002000056c                hdma_dac1
                0x00000000200005cc                hdac
                0x00000000200005e0                GPIO_InitStruct
                0x00000000200005f4                htim9
                0x0000000020000634                htim2